Sep 25 04:02:01 localhost rsyslogd: [origin software="rsyslogd" swVersion="5.8.10" x-pid="1995" x-info="http://www.rsyslog.com"] rsyslogd was HUPed
Sep 25 09:37:30 localhost bluetoothd[2427]: HCI dev 0 down
Sep 25 09:37:30 localhost bluetoothd[2427]: Adapter /org/bluez/2422/hci0 has been disabled
Sep 25 09:37:30 localhost bluetoothd[2427]: Stopping security manager 0
Sep 25 09:37:30 localhost kernel: usb 2-6: USB disconnect, device number 7
Sep 25 09:37:30 localhost kernel: btusb_intr_complete: hci0 urb f62c5640 failed to resubmit (19)
Sep 25 09:37:30 localhost kernel: btusb_bulk_complete: hci0 urb f62c5340 failed to resubmit (19)
Sep 25 09:37:30 localhost kernel: btusb_bulk_complete: hci0 urb f62c52c0 failed to resubmit (19)
Sep 25 09:37:30 localhost kernel: btusb_send_frame: hci0 urb f62c52c0 submission failed
Sep 25 09:37:31 localhost bluetoothd[2427]: HCI dev 0 unregistered
Sep 25 09:37:31 localhost bluetoothd[2427]: Unregister path: /org/bluez/2422/hci0
Sep 25 09:37:31 localhost dbus-daemon: [system] Rejected send message, 3 matched rules; type="error", sender=":1.128" (uid=500 pid=13984 comm="bluetooth-applet) interface="(unset)" member="(unset)" error name="org.freedesktop.DBus.Error.UnknownMethod" requested_reply=0 destination=":1.11" (uid=0 pid=2422 comm="/usr/sbin/bluetoothd))
Sep 25 09:37:31 localhost kernel: usb 2-6: new full speed USB device number 8 using xhci_hcd
Sep 25 09:37:31 localhost kernel: usb 2-6: New USB device found, idVendor=8087, idProduct=07dc
Sep 25 09:37:31 localhost kernel: usb 2-6: New USB device strings: Mfr=0, Product=0, SerialNumber=0
Sep 25 09:37:31 localhost kernel: usb 2-6: configuration #1 chosen from 1 choice
Sep 25 09:37:31 localhost bluetoothd[2427]: HCI dev 0 registered
Sep 25 09:37:31 localhost bluetoothd[2427]: HCI dev 0 up
Sep 25 09:37:31 localhost bluetoothd[2427]: Starting security manager 0
Sep 25 09:37:31 localhost bluetoothd[2427]: Parsing /etc/bluetooth/serial.conf failed: No such file or directory
Sep 25 09:37:31 localhost bluetoothd[2427]: ioctl(HCIUNBLOCKADDR): Invalid argument (22)
Sep 25 09:37:31 localhost bluetoothd[2427]: Adapter /org/bluez/2422/hci0 has been enabled
Sep 25 22:06:25 localhost dhclient[7743]: DHCPREQUEST on p4p2 to 192.168.11.1 port 67 (xid=0x12e5cf56)
Sep 25 22:06:25 localhost dhclient[7743]: DHCPACK from 192.168.11.1 (xid=0x12e5cf56)
Sep 25 22:06:25 localhost dhclient[7743]: bound to 192.168.11.2 -- renewal in 80676 seconds.
Sep 25 22:06:25 localhost NetworkManager[2172]: <info> (p4p2): DHCPv4 state changed renew -> renew
Sep 25 22:06:25 localhost NetworkManager[2172]: <info>   address 192.168.11.2
Sep 25 22:06:25 localhost NetworkManager[2172]: <info>   prefix 24 (255.255.255.0)
Sep 25 22:06:25 localhost NetworkManager[2172]: <info>   gateway 192.168.11.1
Sep 25 22:06:25 localhost NetworkManager[2172]: <info>   nameserver '192.168.11.1'
Sep 25 23:14:46 localhost dhclient[2623]: DHCPREQUEST on wlan8 to 192.168.1.1 port 67 (xid=0x61f8c4cf)
Sep 25 23:14:46 localhost dhclient[2623]: DHCPACK from 192.168.1.1 (xid=0x61f8c4cf)
Sep 25 23:14:46 localhost dhclient[2623]: bound to 192.168.1.24 -- renewal in 75552 seconds.
Sep 25 23:14:46 localhost NetworkManager[2172]: <info> (wlan8): DHCPv4 state changed renew -> renew
Sep 25 23:14:46 localhost NetworkManager[2172]: <info>   address 192.168.1.24
Sep 25 23:14:46 localhost NetworkManager[2172]: <info>   prefix 24 (255.255.255.0)
Sep 25 23:14:46 localhost NetworkManager[2172]: <info>   gateway 192.168.1.1
Sep 25 23:14:46 localhost NetworkManager[2172]: <info>   nameserver '192.168.1.1'
Sep 25 23:14:46 localhost NetworkManager[2172]: <info>   nameserver '210.158.149.33'
Sep 25 23:14:46 localhost NetworkManager[2172]: <info>   nameserver '210.158.150.33'
Sep 25 23:14:46 localhost NetworkManager[2172]: <info>   domain name 'aitai.ne.jp'
Sep 26 08:55:37 localhost kernel: usb 2-6: USB disconnect, device number 8
Sep 26 08:55:37 localhost kernel: btusb_intr_complete: hci0 urb f2a977c0 failed to resubmit (19)
Sep 26 08:55:37 localhost bluetoothd[2427]: HCI dev 0 down
Sep 26 08:55:37 localhost bluetoothd[2427]: Adapter /org/bluez/2422/hci0 has been disabled
Sep 26 08:55:37 localhost bluetoothd[2427]: Stopping security manager 0
Sep 26 08:55:37 localhost kernel: btusb_bulk_complete: hci0 urb f2a976c0 failed to resubmit (19)
Sep 26 08:55:37 localhost kernel: btusb_bulk_complete: hci0 urb f2a974c0 failed to resubmit (19)
Sep 26 08:55:37 localhost kernel: btusb_send_frame: hci0 urb f2a974c0 submission failed
Sep 26 08:55:38 localhost bluetoothd[2427]: HCI dev 0 unregistered
Sep 26 08:55:38 localhost bluetoothd[2427]: Unregister path: /org/bluez/2422/hci0
Sep 26 08:55:38 localhost dbus-daemon: [system] Rejected send message, 3 matched rules; type="error", sender=":1.128" (uid=500 pid=13984 comm="bluetooth-applet) interface="(unset)" member="(unset)" error name="org.freedesktop.DBus.Error.UnknownMethod" requested_reply=0 destination=":1.11" (uid=0 pid=2422 comm="/usr/sbin/bluetoothd))
Sep 26 08:55:38 localhost kernel: usb 2-6: new full speed USB device number 9 using xhci_hcd
Sep 26 08:55:38 localhost kernel: usb 2-6: New USB device found, idVendor=8087, idProduct=07dc
Sep 26 08:55:38 localhost kernel: usb 2-6: New USB device strings: Mfr=0, Product=0, SerialNumber=0
Sep 26 08:55:38 localhost kernel: usb 2-6: configuration #1 chosen from 1 choice
Sep 26 08:55:38 localhost bluetoothd[2427]: HCI dev 0 registered
Sep 26 08:55:38 localhost bluetoothd[2427]: HCI dev 0 up
Sep 26 08:55:38 localhost bluetoothd[2427]: Starting security manager 0
Sep 26 08:55:38 localhost bluetoothd[2427]: Parsing /etc/bluetooth/serial.conf failed: No such file or directory
Sep 26 08:55:38 localhost bluetoothd[2427]: ioctl(HCIUNBLOCKADDR): Invalid argument (22)
Sep 26 08:55:38 localhost bluetoothd[2427]: Adapter /org/bluez/2422/hci0 has been enabled
Sep 26 20:13:58 localhost dhclient[2623]: DHCPREQUEST on wlan8 to 192.168.1.1 port 67 (xid=0x61f8c4cf)
Sep 26 20:13:58 localhost dhclient[2623]: DHCPACK from 192.168.1.1 (xid=0x61f8c4cf)
Sep 26 20:13:58 localhost dhclient[2623]: bound to 192.168.1.24 -- renewal in 75004 seconds.
Sep 26 20:13:58 localhost NetworkManager[2172]: <info> (wlan8): DHCPv4 state changed renew -> renew
Sep 26 20:13:58 localhost NetworkManager[2172]: <info>   address 192.168.1.24
Sep 26 20:13:58 localhost NetworkManager[2172]: <info>   prefix 24 (255.255.255.0)
Sep 26 20:13:58 localhost NetworkManager[2172]: <info>   gateway 192.168.1.1
Sep 26 20:13:58 localhost NetworkManager[2172]: <info>   nameserver '192.168.1.1'
Sep 26 20:13:58 localhost NetworkManager[2172]: <info>   nameserver '210.158.149.33'
Sep 26 20:13:58 localhost NetworkManager[2172]: <info>   nameserver '210.158.150.33'
Sep 26 20:13:58 localhost NetworkManager[2172]: <info>   domain name 'aitai.ne.jp'
Sep 26 20:31:01 localhost dhclient[7743]: DHCPREQUEST on p4p2 to 192.168.11.1 port 67 (xid=0x12e5cf56)
Sep 26 20:31:01 localhost dhclient[7743]: DHCPACK from 192.168.11.1 (xid=0x12e5cf56)
Sep 26 20:31:01 localhost dhclient[7743]: bound to 192.168.11.2 -- renewal in 71633 seconds.
Sep 26 20:31:01 localhost NetworkManager[2172]: <info> (p4p2): DHCPv4 state changed renew -> renew
Sep 26 20:31:01 localhost NetworkManager[2172]: <info>   address 192.168.11.2
Sep 26 20:31:01 localhost NetworkManager[2172]: <info>   prefix 24 (255.255.255.0)
Sep 26 20:31:01 localhost NetworkManager[2172]: <info>   gateway 192.168.11.1
Sep 26 20:31:01 localhost NetworkManager[2172]: <info>   nameserver '192.168.11.1'
Sep 27 08:13:44 localhost bluetoothd[2427]: HCI dev 0 down
Sep 27 08:13:44 localhost kernel: usb 2-6: USB disconnect, device number 9
Sep 27 08:13:44 localhost kernel: btusb_intr_complete: hci0 urb f2bc33c0 failed to resubmit (19)
Sep 27 08:13:44 localhost kernel: btusb_bulk_complete: hci0 urb f2bc3a40 failed to resubmit (19)
Sep 27 08:13:44 localhost kernel: btusb_bulk_complete: hci0 urb f2bc32c0 failed to resubmit (19)
Sep 27 08:13:44 localhost kernel: btusb_send_frame: hci0 urb f2bc32c0 submission failed
Sep 27 08:13:44 localhost bluetoothd[2427]: Adapter /org/bluez/2422/hci0 has been disabled
Sep 27 08:13:44 localhost bluetoothd[2427]: Stopping security manager 0
Sep 27 08:13:45 localhost bluetoothd[2427]: HCI dev 0 unregistered
Sep 27 08:13:45 localhost bluetoothd[2427]: Unregister path: /org/bluez/2422/hci0
Sep 27 08:13:45 localhost dbus-daemon: [system] Rejected send message, 3 matched rules; type="error", sender=":1.128" (uid=500 pid=13984 comm="bluetooth-applet) interface="(unset)" member="(unset)" error name="org.freedesktop.DBus.Error.UnknownMethod" requested_reply=0 destination=":1.11" (uid=0 pid=2422 comm="/usr/sbin/bluetoothd))
Sep 27 08:13:45 localhost kernel: usb 2-6: new full speed USB device number 10 using xhci_hcd
Sep 27 08:13:45 localhost kernel: usb 2-6: New USB device found, idVendor=8087, idProduct=07dc
Sep 27 08:13:45 localhost kernel: usb 2-6: New USB device strings: Mfr=0, Product=0, SerialNumber=0
Sep 27 08:13:45 localhost kernel: usb 2-6: configuration #1 chosen from 1 choice
Sep 27 08:13:45 localhost bluetoothd[2427]: HCI dev 0 registered
Sep 27 08:13:45 localhost bluetoothd[2427]: HCI dev 0 up
Sep 27 08:13:45 localhost bluetoothd[2427]: Starting security manager 0
Sep 27 08:13:45 localhost bluetoothd[2427]: Parsing /etc/bluetooth/serial.conf failed: No such file or directory
Sep 27 08:13:45 localhost bluetoothd[2427]: ioctl(HCIUNBLOCKADDR): Invalid argument (22)
Sep 27 08:13:45 localhost bluetoothd[2427]: Adapter /org/bluez/2422/hci0 has been enabled
Sep 27 10:47:30 localhost kernel: usb 2-3: USB disconnect, device number 3
Sep 27 10:52:52 localhost kernel: usb 2-3: new high speed USB device number 11 using xhci_hcd
Sep 27 10:52:52 localhost kernel: usb 2-3: New USB device found, idVendor=13fe, idProduct=4100
Sep 27 10:52:52 localhost kernel: usb 2-3: New USB device strings: Mfr=1, Product=2, SerialNumber=3
Sep 27 10:52:52 localhost kernel: usb 2-3: Product: USB DISK
Sep 27 10:52:52 localhost kernel: usb 2-3: Manufacturer: USB DISK
Sep 27 10:52:52 localhost kernel: usb 2-3: SerialNumber: 74907660530373D41666640D
Sep 27 10:52:52 localhost kernel: usb 2-3: configuration #1 chosen from 1 choice
Sep 27 10:52:52 localhost kernel: Initializing USB Mass Storage driver...
Sep 27 10:52:52 localhost kernel: scsi2 : SCSI emulation for USB Mass Storage devices
Sep 27 10:52:52 localhost kernel: usbcore: registered new interface driver usb-storage
Sep 27 10:52:52 localhost kernel: USB Mass Storage support registered.
Sep 27 10:52:53 localhost kernel: scsi 2:0:0:0: Direct-Access     USB DISK USB DISK         1.00 PQ: 0 ANSI: 6
Sep 27 10:52:53 localhost kernel: sd 2:0:0:0: Attached scsi generic sg2 type 0
Sep 27 10:52:56 localhost kernel: sd 2:0:0:0: [sdb] 7690776 512-byte logical blocks: (3.93 GB/3.66 GiB)
Sep 27 10:52:56 localhost kernel: sd 2:0:0:0: [sdb] Write Protect is off
Sep 27 10:52:56 localhost kernel: sd 2:0:0:0: [sdb] Assuming drive cache: write through
Sep 27 10:52:56 localhost kernel: sd 2:0:0:0: [sdb] Assuming drive cache: write through
Sep 27 10:52:56 localhost kernel: sdb:
Sep 27 10:52:56 localhost kernel: sd 2:0:0:0: [sdb] Assuming drive cache: write through
Sep 27 10:52:56 localhost kernel: sd 2:0:0:0: [sdb] Attached SCSI removable disk
Sep 27 10:57:50 localhost kernel: usb 2-3: USB disconnect, device number 11
Sep 27 10:57:51 localhost gnome-keyring-daemon[13964]: removing removable location: /media/USB DISK
Sep 27 10:57:51 localhost gnome-keyring-daemon[13964]: no volume registered at: /media/USB DISK
Sep 27 16:24:54 localhost dhclient[7743]: DHCPREQUEST on p4p2 to 192.168.11.1 port 67 (xid=0x12e5cf56)
Sep 27 16:24:54 localhost dhclient[7743]: DHCPACK from 192.168.11.1 (xid=0x12e5cf56)
Sep 27 16:24:54 localhost dhclient[7743]: bound to 192.168.11.2 -- renewal in 86348 seconds.
Sep 27 16:24:54 localhost NetworkManager[2172]: <info> (p4p2): DHCPv4 state changed renew -> renew
Sep 27 16:24:54 localhost NetworkManager[2172]: <info>   address 192.168.11.2
Sep 27 16:24:54 localhost NetworkManager[2172]: <info>   prefix 24 (255.255.255.0)
Sep 27 16:24:54 localhost NetworkManager[2172]: <info>   gateway 192.168.11.1
Sep 27 16:24:54 localhost NetworkManager[2172]: <info>   nameserver '192.168.11.1'
Sep 27 17:04:02 localhost dhclient[2623]: DHCPREQUEST on wlan8 to 192.168.1.1 port 67 (xid=0x61f8c4cf)
Sep 27 17:04:02 localhost dhclient[2623]: DHCPACK from 192.168.1.1 (xid=0x61f8c4cf)
Sep 27 17:04:02 localhost dhclient[2623]: bound to 192.168.1.24 -- renewal in 76376 seconds.
Sep 27 17:04:02 localhost NetworkManager[2172]: <info> (wlan8): DHCPv4 state changed renew -> renew
Sep 27 17:04:02 localhost NetworkManager[2172]: <info>   address 192.168.1.24
Sep 27 17:04:02 localhost NetworkManager[2172]: <info>   prefix 24 (255.255.255.0)
Sep 27 17:04:02 localhost NetworkManager[2172]: <info>   gateway 192.168.1.1
Sep 27 17:04:02 localhost NetworkManager[2172]: <info>   nameserver '192.168.1.1'
Sep 27 17:04:02 localhost NetworkManager[2172]: <info>   nameserver '210.158.149.33'
Sep 27 17:04:02 localhost NetworkManager[2172]: <info>   nameserver '210.158.150.33'
Sep 27 17:04:02 localhost NetworkManager[2172]: <info>   domain name 'aitai.ne.jp'
Sep 28 07:31:51 localhost kernel: usb 2-6: USB disconnect, device number 10
Sep 28 07:31:51 localhost bluetoothd[2427]: HCI dev 0 down
Sep 28 07:31:51 localhost bluetoothd[2427]: Adapter /org/bluez/2422/hci0 has been disabled
Sep 28 07:31:51 localhost bluetoothd[2427]: Stopping security manager 0
Sep 28 07:31:51 localhost kernel: btusb_intr_complete: hci0 urb f4ab2140 failed to resubmit (19)
Sep 28 07:31:51 localhost kernel: btusb_bulk_complete: hci0 urb f4b7b9c0 failed to resubmit (19)
Sep 28 07:31:51 localhost kernel: btusb_bulk_complete: hci0 urb f4b7bdc0 failed to resubmit (19)
Sep 28 07:31:51 localhost kernel: btusb_send_frame: hci0 urb f4b7bdc0 submission failed
Sep 28 07:31:52 localhost bluetoothd[2427]: HCI dev 0 unregistered
Sep 28 07:31:52 localhost bluetoothd[2427]: Unregister path: /org/bluez/2422/hci0
Sep 28 07:31:52 localhost dbus-daemon: [system] Rejected send message, 3 matched rules; type="error", sender=":1.128" (uid=500 pid=13984 comm="bluetooth-applet) interface="(unset)" member="(unset)" error name="org.freedesktop.DBus.Error.UnknownMethod" requested_reply=0 destination=":1.11" (uid=0 pid=2422 comm="/usr/sbin/bluetoothd))
Sep 28 07:31:52 localhost kernel: usb 2-6: new full speed USB device number 12 using xhci_hcd
Sep 28 07:31:52 localhost kernel: usb 2-6: New USB device found, idVendor=8087, idProduct=07dc
Sep 28 07:31:52 localhost kernel: usb 2-6: New USB device strings: Mfr=0, Product=0, SerialNumber=0
Sep 28 07:31:52 localhost kernel: usb 2-6: configuration #1 chosen from 1 choice
Sep 28 07:31:52 localhost bluetoothd[2427]: HCI dev 0 registered
Sep 28 07:31:52 localhost bluetoothd[2427]: HCI dev 0 up
Sep 28 07:31:52 localhost bluetoothd[2427]: Starting security manager 0
Sep 28 07:31:52 localhost bluetoothd[2427]: Parsing /etc/bluetooth/serial.conf failed: No such file or directory
Sep 28 07:31:52 localhost bluetoothd[2427]: ioctl(HCIUNBLOCKADDR): Invalid argument (22)
Sep 28 07:31:52 localhost bluetoothd[2427]: Adapter /org/bluez/2422/hci0 has been enabled
Sep 28 14:16:58 localhost dhclient[2623]: DHCPREQUEST on wlan8 to 192.168.1.1 port 67 (xid=0x61f8c4cf)
Sep 28 14:16:58 localhost dhclient[2623]: DHCPACK from 192.168.1.1 (xid=0x61f8c4cf)
Sep 28 14:16:58 localhost dhclient[2623]: bound to 192.168.1.24 -- renewal in 71555 seconds.
Sep 28 14:16:58 localhost NetworkManager[2172]: <info> (wlan8): DHCPv4 state changed renew -> renew
Sep 28 14:16:58 localhost NetworkManager[2172]: <info>   address 192.168.1.24
Sep 28 14:16:58 localhost NetworkManager[2172]: <info>   prefix 24 (255.255.255.0)
Sep 28 14:16:58 localhost NetworkManager[2172]: <info>   gateway 192.168.1.1
Sep 28 14:16:58 localhost NetworkManager[2172]: <info>   nameserver '192.168.1.1'
Sep 28 14:16:58 localhost NetworkManager[2172]: <info>   nameserver '210.158.149.33'
Sep 28 14:16:58 localhost NetworkManager[2172]: <info>   nameserver '210.158.150.33'
Sep 28 14:16:58 localhost NetworkManager[2172]: <info>   domain name 'aitai.ne.jp'
Sep 28 16:24:02 localhost dhclient[7743]: DHCPREQUEST on p4p2 to 192.168.11.1 port 67 (xid=0x12e5cf56)
Sep 28 16:24:02 localhost dhclient[7743]: DHCPACK from 192.168.11.1 (xid=0x12e5cf56)
Sep 28 16:24:02 localhost dhclient[7743]: bound to 192.168.11.2 -- renewal in 81024 seconds.
Sep 28 16:24:02 localhost NetworkManager[2172]: <info> (p4p2): DHCPv4 state changed renew -> renew
Sep 28 16:24:02 localhost NetworkManager[2172]: <info>   address 192.168.11.2
Sep 28 16:24:02 localhost NetworkManager[2172]: <info>   prefix 24 (255.255.255.0)
Sep 28 16:24:02 localhost NetworkManager[2172]: <info>   gateway 192.168.11.1
Sep 28 16:24:02 localhost NetworkManager[2172]: <info>   nameserver '192.168.11.1'
Sep 29 06:49:58 localhost kernel: usb 2-6: USB disconnect, device number 12
Sep 29 06:49:58 localhost kernel: btusb_intr_complete: hci0 urb f4b7bdc0 failed to resubmit (19)
Sep 29 06:49:58 localhost kernel: btusb_bulk_complete: hci0 urb f4b7be40 failed to resubmit (19)
Sep 29 06:49:58 localhost kernel: btusb_bulk_complete: hci0 urb f4b7bac0 failed to resubmit (19)
Sep 29 06:49:58 localhost kernel: btusb_send_frame: hci0 urb f4b7bac0 submission failed
Sep 29 06:49:58 localhost bluetoothd[2427]: HCI dev 0 down
Sep 29 06:49:58 localhost bluetoothd[2427]: Adapter /org/bluez/2422/hci0 has been disabled
Sep 29 06:49:58 localhost bluetoothd[2427]: Stopping security manager 0
Sep 29 06:49:59 localhost bluetoothd[2427]: HCI dev 0 unregistered
Sep 29 06:49:59 localhost bluetoothd[2427]: Unregister path: /org/bluez/2422/hci0
Sep 29 06:49:59 localhost dbus-daemon: [system] Rejected send message, 3 matched rules; type="error", sender=":1.128" (uid=500 pid=13984 comm="bluetooth-applet) interface="(unset)" member="(unset)" error name="org.freedesktop.DBus.Error.UnknownMethod" requested_reply=0 destination=":1.11" (uid=0 pid=2422 comm="/usr/sbin/bluetoothd))
Sep 29 06:49:59 localhost kernel: usb 2-6: new full speed USB device number 13 using xhci_hcd
Sep 29 06:49:59 localhost bluetoothd[2427]: HCI dev 0 registered
Sep 29 06:49:59 localhost kernel: usb 2-6: New USB device found, idVendor=8087, idProduct=07dc
Sep 29 06:49:59 localhost kernel: usb 2-6: New USB device strings: Mfr=0, Product=0, SerialNumber=0
Sep 29 06:49:59 localhost kernel: usb 2-6: configuration #1 chosen from 1 choice
Sep 29 06:49:59 localhost bluetoothd[2427]: HCI dev 0 up
Sep 29 06:49:59 localhost bluetoothd[2427]: Starting security manager 0
Sep 29 06:49:59 localhost bluetoothd[2427]: Parsing /etc/bluetooth/serial.conf failed: No such file or directory
Sep 29 06:49:59 localhost bluetoothd[2427]: ioctl(HCIUNBLOCKADDR): Invalid argument (22)
Sep 29 06:49:59 localhost bluetoothd[2427]: Adapter /org/bluez/2422/hci0 has been enabled
Sep 29 10:09:33 localhost dhclient[2623]: DHCPREQUEST on wlan8 to 192.168.1.1 port 67 (xid=0x61f8c4cf)
Sep 29 10:09:33 localhost dhclient[2623]: DHCPACK from 192.168.1.1 (xid=0x61f8c4cf)
Sep 29 10:09:33 localhost dhclient[2623]: bound to 192.168.1.24 -- renewal in 66886 seconds.
Sep 29 10:09:33 localhost NetworkManager[2172]: <info> (wlan8): DHCPv4 state changed renew -> renew
Sep 29 10:09:33 localhost NetworkManager[2172]: <info>   address 192.168.1.24
Sep 29 10:09:33 localhost NetworkManager[2172]: <info>   prefix 24 (255.255.255.0)
Sep 29 10:09:33 localhost NetworkManager[2172]: <info>   gateway 192.168.1.1
Sep 29 10:09:33 localhost NetworkManager[2172]: <info>   nameserver '192.168.1.1'
Sep 29 10:09:33 localhost NetworkManager[2172]: <info>   nameserver '210.158.149.33'
Sep 29 10:09:33 localhost NetworkManager[2172]: <info>   nameserver '210.158.150.33'
Sep 29 10:09:33 localhost NetworkManager[2172]: <info>   domain name 'aitai.ne.jp'
Sep 29 14:54:26 localhost dhclient[7743]: DHCPREQUEST on p4p2 to 192.168.11.1 port 67 (xid=0x12e5cf56)
Sep 29 14:54:26 localhost dhclient[7743]: DHCPACK from 192.168.11.1 (xid=0x12e5cf56)
Sep 29 14:54:26 localhost dhclient[7743]: bound to 192.168.11.2 -- renewal in 70363 seconds.
Sep 29 14:54:26 localhost NetworkManager[2172]: <info> (p4p2): DHCPv4 state changed renew -> renew
Sep 29 14:54:26 localhost NetworkManager[2172]: <info>   address 192.168.11.2
Sep 29 14:54:26 localhost NetworkManager[2172]: <info>   prefix 24 (255.255.255.0)
Sep 29 14:54:26 localhost NetworkManager[2172]: <info>   gateway 192.168.11.1
Sep 29 14:54:26 localhost NetworkManager[2172]: <info>   nameserver '192.168.11.1'
Sep 29 15:28:28 localhost kernel: usb 2-3: new low speed USB device number 14 using xhci_hcd
Sep 29 15:28:28 localhost kernel: usb 2-3: New USB device found, idVendor=093a, idProduct=2510
Sep 29 15:28:28 localhost kernel: usb 2-3: New USB device strings: Mfr=1, Product=2, SerialNumber=0
Sep 29 15:28:28 localhost kernel: usb 2-3: Product: USB Optical Mouse
Sep 29 15:28:28 localhost kernel: usb 2-3: Manufacturer: PixArt
Sep 29 15:28:28 localhost kernel: usb 2-3: configuration #1 chosen from 1 choice
Sep 29 15:28:28 localhost kernel: usb 2-3: ep 0x81 - rounding interval to 64 microframes, ep desc says 80 microframes
Sep 29 15:28:28 localhost kernel: input: PixArt USB Optical Mouse as /devices/pci0000:00/0000:00:14.0/usb2/2-3/2-3:1.0/input/input14
Sep 29 15:28:28 localhost kernel: generic-usb 0003:093A:2510.0002: input,hidraw0: USB HID v1.11 Mouse [PixArt USB Optical Mouse] on usb-0000:00:14.0-3/input0
Sep 29 16:25:18 localhost init: tty (/dev/tty2) main process (2719) killed by TERM signal
Sep 29 16:25:18 localhost init: tty (/dev/tty3) main process (2721) killed by TERM signal
Sep 29 16:25:18 localhost init: tty (/dev/tty4) main process (2723) killed by TERM signal
Sep 29 16:25:18 localhost init: tty (/dev/tty5) main process (2725) killed by TERM signal
Sep 29 16:25:18 localhost init: tty (/dev/tty6) main process (2727) killed by TERM signal
Sep 29 16:25:18 localhost NetworkManager[2172]: <warn> error requesting auth for org.freedesktop.NetworkManager.network-control: (6) Remote Exception invoking org.freedesktop.PolicyKit1.Authority.CheckAuthorization() on /org/freedesktop/PolicyKit1/Authority at name org.freedesktop.PolicyKit1: org.freedesktop.DBus.Error.NameHasNoOwner: Remote Exception invoking org.freedesktop.DBus.GetConnectionUnixUser() on / at name org.freedesktop.DBus: org.freedesktop.DBus.Error.NameHasNoOwner: Could not get UID of name ':1.132': no such name
Sep 29 16:25:18 localhost NetworkManager[2172]: <warn> error requesting auth for org.freedesktop.network-manager-settings.system.wifi.share.open: (6) Remote Exception invoking org.freedesktop.PolicyKit1.Authority.CheckAuthorization() on /org/freedesktop/PolicyKit1/Authority at name org.freedesktop.PolicyKit1: org.freedesktop.DBus.Error.NameHasNoOwner: Remote Exception invoking org.freedesktop.DBus.GetConnectionUnixUser() on / at name org.freedesktop.DBus: org.freedesktop.DBus.Error.NameHasNoOwner: Could not get UID of name ':1.132': no such name
Sep 29 16:25:18 localhost NetworkManager[2172]: <warn> error requesting auth for org.freedesktop.network-manager-settings.system.wifi.share.protected: (6) Remote Exception invoking org.freedesktop.PolicyKit1.Authority.CheckAuthorization() on /org/freedesktop/PolicyKit1/Authority at name org.freedesktop.PolicyKit1: org.freedesktop.DBus.Error.NameHasNoOwner: Remote Exception invoking org.freedesktop.DBus.GetConnectionUnixUser() on / at name org.freedesktop.DBus: org.freedesktop.DBus.Error.NameHasNoOwner: Could not get UID of name ':1.132': no such name
Sep 29 16:25:18 localhost NetworkManager[2172]: <warn> User connections unavailable: (6) Remote Exception invoking org.freedesktop.PolicyKit1.Authority.CheckAuthorization() on /org/freedesktop/PolicyKit1/Authority at name org.freedesktop.PolicyKit1: org.freedesktop.DBus.Error.NameHasNoOwner: Remote Exception invoking org.freedesktop.DBus.GetConnectionUnixUser() on / at name org.freedesktop.DBus: org.freedesktop.DBus.Error.NameHasNoOwner: Could not get UID of name ':1.132': no such name
Sep 29 16:25:18 localhost NetworkManager[2172]: <warn> error requesting auth for org.freedesktop.NetworkManager.enable-disable-network: (6) Remote Exception invoking org.freedesktop.PolicyKit1.Authority.CheckAuthorization() on /org/freedesktop/PolicyKit1/Authority at name org.freedesktop.PolicyKit1: org.freedesktop.DBus.Error.NameHasNoOwner: Remote Exception invoking org.freedesktop.DBus.GetConnectionUnixUser() on / at name org.freedesktop.DBus: org.freedesktop.DBus.Error.NameHasNoOwner: Could not get UID of name ':1.132': no such name
Sep 29 16:25:18 localhost NetworkManager[2172]: <warn> error requesting auth for org.freedesktop.NetworkManager.sleep-wake: (6) Remote Exception invoking org.freedesktop.PolicyKit1.Authority.CheckAuthorization() on /org/freedesktop/PolicyKit1/Authority at name org.freedesktop.PolicyKit1: org.freedesktop.DBus.Error.NameHasNoOwner: Remote Exception invoking org.freedesktop.DBus.GetConnectionUnixUser() on / at name org.freedesktop.DBus: org.freedesktop.DBus.Error.NameHasNoOwner: Could not get UID of name ':1.132': no such name
Sep 29 16:25:18 localhost NetworkManager[2172]: <warn> error requesting auth for org.freedesktop.NetworkManager.enable-disable-wifi: (6) Remote Exception invoking org.freedesktop.PolicyKit1.Authority.CheckAuthorization() on /org/freedesktop/PolicyKit1/Authority at name org.freedesktop.PolicyKit1: org.freedesktop.DBus.Error.NameHasNoOwner: Remote Exception invoking org.freedesktop.DBus.GetConnectionUnixUser() on / at name org.freedesktop.DBus: org.freedesktop.DBus.Error.NameHasNoOwner: Could not get UID of name ':1.132': no such name
Sep 29 16:25:18 localhost NetworkManager[2172]: <warn> error requesting auth for org.freedesktop.NetworkManager.enable-disable-wwan: (6) Remote Exception invoking org.freedesktop.PolicyKit1.Authority.CheckAuthorization() on /org/freedesktop/PolicyKit1/Authority at name org.freedesktop.PolicyKit1: org.freedesktop.DBus.Error.NameHasNoOwner: Remote Exception invoking org.freedesktop.DBus.GetConnectionUnixUser() on / at name org.freedesktop.DBus: org.freedesktop.DBus.Error.NameHasNoOwner: Could not get UID of name ':1.132': no such name
Sep 29 16:25:18 localhost NetworkManager[2172]: <warn> error requesting auth for org.freedesktop.NetworkManager.use-user-connections: (6) Remote Exception invoking org.freedesktop.PolicyKit1.Authority.CheckAuthorization() on /org/freedesktop/PolicyKit1/Authority at name org.freedesktop.PolicyKit1: org.freedesktop.DBus.Error.NameHasNoOwner: Remote Exception invoking org.freedesktop.DBus.GetConnectionUnixUser() on / at name org.freedesktop.DBus: org.freedesktop.DBus.Error.NameHasNoOwner: Could not get UID of name ':1.132': no such name
Sep 29 16:25:18 localhost NetworkManager[2172]: <warn> error requesting auth for org.freedesktop.NetworkManager.network-control: (6) Remote Exception invoking org.freedesktop.PolicyKit1.Authority.CheckAuthorization() on /org/freedesktop/PolicyKit1/Authority at name org.freedesktop.PolicyKit1: org.freedesktop.DBus.Error.NameHasNoOwner: Remote Exception invoking org.freedesktop.DBus.GetConnectionUnixUser() on / at name org.freedesktop.DBus: org.freedesktop.DBus.Error.NameHasNoOwner: Could not get UID of name ':1.132': no such name
Sep 29 16:25:18 localhost NetworkManager[2172]: <warn> error requesting auth for org.freedesktop.network-manager-settings.system.wifi.share.open: (6) Remote Exception invoking org.freedesktop.PolicyKit1.Authority.CheckAuthorization() on /org/freedesktop/PolicyKit1/Authority at name org.freedesktop.PolicyKit1: org.freedesktop.DBus.Error.NameHasNoOwner: Remote Exception invoking org.freedesktop.DBus.GetConnectionUnixUser() on / at name org.freedesktop.DBus: org.freedesktop.DBus.Error.NameHasNoOwner: Could not get UID of name ':1.132': no such name
Sep 29 16:25:18 localhost NetworkManager[2172]: <warn> error requesting auth for org.freedesktop.network-manager-settings.system.wifi.share.protected: (6) Remote Exception invoking org.freedesktop.PolicyKit1.Authority.CheckAuthorization() on /org/freedesktop/PolicyKit1/Authority at name org.freedesktop.PolicyKit1: org.freedesktop.DBus.Error.NameHasNoOwner: Remote Exception invoking org.freedesktop.DBus.GetConnectionUnixUser() on / at name org.freedesktop.DBus: org.freedesktop.DBus.Error.NameHasNoOwner: Could not get UID of name ':1.132': no such name
Sep 29 16:25:18 localhost kernel: gedit[18748]: segfault at 2d3dd0 ip 00f2639c sp bfd82648 error 7 in libc-2.12.so[df3000+191000]
Sep 29 16:25:18 localhost abrt[15842]: abrtd is not running. If it crashed, /proc/sys/kernel/core_pattern contains a stale value, consider resetting it to 'core'
Sep 29 16:25:19 localhost avahi-daemon[2187]: Got SIGTERM, quitting.
Sep 29 16:25:19 localhost avahi-daemon[2187]: Leaving mDNS multicast group on interface wlan8.IPv4 with address 192.168.1.24.
Sep 29 16:25:19 localhost avahi-daemon[2187]: Leaving mDNS multicast group on interface p4p2.IPv4 with address 192.168.11.2.
Sep 29 16:25:24 localhost acpid: exiting
Sep 29 16:25:24 localhost ntpd[2491]: ntpd exiting on signal 15
Sep 29 16:25:25 localhost pcscd: pcscdaemon.c:581:signal_trap() Preparing for suicide
Sep 29 16:25:26 localhost pcscd: readerfactory.c:1267:RFCleanupReaders() entering cleaning function
Sep 29 16:25:26 localhost pcscd: pcscdaemon.c:531:at_exit() cleaning /var/run
Sep 29 16:25:26 localhost NetworkManager[2172]: <info> caught signal 15, shutting down normally.
Sep 29 16:25:26 localhost NetworkManager[2172]: <info> exiting (success)
Sep 29 16:25:26 localhost kernel: wlan8: deauthenticating from 00:26:87:10:d1:9d by local choice (Reason: 3=DEAUTH_LEAVING)
Sep 29 16:25:26 localhost dhclient[2623]: receive_packet failed on wlan8: Network is down
Sep 29 16:25:26 localhost kernel: cfg80211: World regulatory domain updated:
Sep 29 16:25:26 localhost kernel: cfg80211:  DFS Master region: unset
Sep 29 16:25:26 localhost kernel: cfg80211:   (start_freq - end_freq @ bandwidth), (max_antenna_gain, max_eirp), (dfs_cac_time)
Sep 29 16:25:26 localhost kernel: cfg80211:   (2402000 KHz - 2472000 KHz @ 40000 KHz), (N/A, 2000 mBm), (N/A)
Sep 29 16:25:26 localhost kernel: cfg80211:   (2457000 KHz - 2482000 KHz @ 40000 KHz), (N/A, 2000 mBm), (N/A)
Sep 29 16:25:26 localhost kernel: cfg80211:   (2474000 KHz - 2494000 KHz @ 20000 KHz), (N/A, 2000 mBm), (N/A)
Sep 29 16:25:26 localhost kernel: cfg80211:   (5170000 KHz - 5250000 KHz @ 80000 KHz, 160000 KHz AUTO), (N/A, 2000 mBm), (N/A)
Sep 29 16:25:26 localhost kernel: cfg80211:   (5250000 KHz - 5330000 KHz @ 80000 KHz, 160000 KHz AUTO), (N/A, 2000 mBm), (0 s)
Sep 29 16:25:26 localhost kernel: cfg80211:   (5490000 KHz - 5730000 KHz @ 160000 KHz), (N/A, 2000 mBm), (0 s)
Sep 29 16:25:26 localhost kernel: cfg80211:   (5735000 KHz - 5835000 KHz @ 80000 KHz), (N/A, 2000 mBm), (N/A)
Sep 29 16:25:26 localhost kernel: cfg80211:   (57240000 KHz - 63720000 KHz @ 2160000 KHz), (N/A, 0 mBm), (N/A)
Sep 29 16:25:26 localhost kernel: cfg80211: Regulatory domain changed to country: JP
Sep 29 16:25:26 localhost kernel: cfg80211:  DFS Master region: JP
Sep 29 16:25:26 localhost kernel: cfg80211:   (start_freq - end_freq @ bandwidth), (max_antenna_gain, max_eirp), (dfs_cac_time)
Sep 29 16:25:26 localhost kernel: cfg80211:   (2402000 KHz - 2482000 KHz @ 40000 KHz), (N/A, 2000 mBm), (N/A)
Sep 29 16:25:26 localhost kernel: cfg80211:   (2474000 KHz - 2494000 KHz @ 20000 KHz), (N/A, 2000 mBm), (N/A)
Sep 29 16:25:26 localhost kernel: cfg80211:   (4910000 KHz - 4990000 KHz @ 40000 KHz), (N/A, 2300 mBm), (N/A)
Sep 29 16:25:26 localhost kernel: cfg80211:   (5030000 KHz - 5090000 KHz @ 40000 KHz), (N/A, 2300 mBm), (N/A)
Sep 29 16:25:26 localhost kernel: cfg80211:   (5170000 KHz - 5250000 KHz @ 80000 KHz, 160000 KHz AUTO), (N/A, 2000 mBm), (N/A)
Sep 29 16:25:26 localhost kernel: cfg80211:   (5250000 KHz - 5330000 KHz @ 80000 KHz, 160000 KHz AUTO), (N/A, 2000 mBm), (0 s)
Sep 29 16:25:26 localhost kernel: cfg80211:   (5490000 KHz - 5710000 KHz @ 160000 KHz), (N/A, 2300 mBm), (0 s)
Sep 29 16:25:26 localhost kernel: cfg80211:   (59000000 KHz - 66000000 KHz @ 2160000 KHz), (N/A, 1000 mBm), (N/A)
Sep 29 16:25:26 localhost init: Disconnected from system bus
Sep 29 16:25:26 localhost console-kit-daemon[2807]: WARNING: no sender#012
Sep 29 16:25:26 localhost rtkit-daemon[2980]: Demoting known real-time threads.
Sep 29 16:25:26 localhost rtkit-daemon[2980]: Successfully demoted thread 3212 of process 3209 (/usr/bin/pulseaudio).
Sep 29 16:25:26 localhost rtkit-daemon[2980]: Successfully demoted thread 3211 of process 3209 (/usr/bin/pulseaudio).
Sep 29 16:25:26 localhost rtkit-daemon[2980]: Successfully demoted thread 3210 of process 3209 (/usr/bin/pulseaudio).
Sep 29 16:25:26 localhost rtkit-daemon[2980]: Successfully demoted thread 3209 of process 3209 (/usr/bin/pulseaudio).
Sep 29 16:25:26 localhost rtkit-daemon[2980]: Demoted 4 threads.
Sep 29 16:25:26 localhost rpcbind: rpcbind terminating on signal. Restart with "rpcbind -w"
Sep 29 16:25:26 localhost auditd[1961]: The audit daemon is exiting.
Sep 29 16:25:26 localhost kernel: type=1305 audit(1475133926.628:2259): audit_pid=0 old=1961 auid=4294967295 ses=4294967295 res=1
Sep 29 16:25:26 localhost kernel: type=1305 audit(1475133926.730:2260): audit_enabled=0 old=1 auid=4294967295 ses=4294967295 res=1
Sep 29 16:25:26 localhost kernel: Kernel logging (proc) stopped.
Sep 29 16:25:26 localhost rsyslogd: [origin software="rsyslogd" swVersion="5.8.10" x-pid="1995" x-info="http://www.rsyslog.com"] exiting on signal 15.
Sep 29 16:37:39 localhost kernel: imklog 5.8.10, log source = /proc/kmsg started.
Sep 29 16:37:39 localhost rsyslogd: [origin software="rsyslogd" swVersion="5.8.10" x-pid="1986" x-info="http://www.rsyslog.com"] start
Sep 29 16:37:39 localhost kernel: Initializing cgroup subsys cpuset
Sep 29 16:37:39 localhost kernel: Initializing cgroup subsys cpu
Sep 29 16:37:39 localhost kernel: Linux version 2.6.32-642.3.1.el6.i686 (mockbuild@worker1.bsys.centos.org) (gcc version 4.4.7 20120313 (Red Hat 4.4.7-17) (GCC) ) #1 SMP Tue Jul 12 17:53:37 UTC 2016
Sep 29 16:37:39 localhost kernel: KERNEL supported cpus:
Sep 29 16:37:39 localhost kernel:  Intel GenuineIntel
Sep 29 16:37:39 localhost kernel:  AMD AuthenticAMD
Sep 29 16:37:39 localhost kernel:  NSC Geode by NSC
Sep 29 16:37:39 localhost kernel:  Cyrix CyrixInstead
Sep 29 16:37:39 localhost kernel:  Centaur CentaurHauls
Sep 29 16:37:39 localhost kernel:  Transmeta GenuineTMx86
Sep 29 16:37:39 localhost kernel:  Transmeta TransmetaCPU
Sep 29 16:37:39 localhost kernel:  UMC UMC UMC UMC
Sep 29 16:37:39 localhost kernel: BIOS-provided physical RAM map:
Sep 29 16:37:39 localhost kernel: BIOS-e820: 0000000000000000 - 000000000009d400 (usable)
Sep 29 16:37:39 localhost kernel: BIOS-e820: 000000000009d400 - 00000000000a0000 (reserved)
Sep 29 16:37:39 localhost kernel: BIOS-e820: 00000000000e0000 - 0000000000100000 (reserved)
Sep 29 16:37:39 localhost kernel: BIOS-e820: 0000000000100000 - 00000000c9a37000 (usable)
Sep 29 16:37:39 localhost kernel: BIOS-e820: 00000000c9a37000 - 00000000c9e58000 (reserved)
Sep 29 16:37:39 localhost kernel: BIOS-e820: 00000000c9e58000 - 00000000db33c000 (usable)
Sep 29 16:37:39 localhost kernel: BIOS-e820: 00000000db33c000 - 00000000db3e4000 (reserved)
Sep 29 16:37:39 localhost kernel: BIOS-e820: 00000000db3e4000 - 00000000db405000 (ACPI data)
Sep 29 16:37:39 localhost kernel: BIOS-e820: 00000000db405000 - 00000000dbd35000 (ACPI NVS)
Sep 29 16:37:39 localhost kernel: BIOS-e820: 00000000dbd35000 - 00000000dbfff000 (reserved)
Sep 29 16:37:39 localhost kernel: BIOS-e820: 00000000dbfff000 - 00000000dc000000 (usable)
Sep 29 16:37:39 localhost kernel: BIOS-e820: 00000000dd000000 - 00000000df800000 (reserved)
Sep 29 16:37:39 localhost kernel: BIOS-e820: 00000000f8000000 - 00000000fc000000 (reserved)
Sep 29 16:37:39 localhost kernel: BIOS-e820: 00000000fec00000 - 00000000fec01000 (reserved)
Sep 29 16:37:39 localhost kernel: BIOS-e820: 00000000fed00000 - 00000000fed04000 (reserved)
Sep 29 16:37:39 localhost kernel: BIOS-e820: 00000000fed1c000 - 00000000fed20000 (reserved)
Sep 29 16:37:39 localhost kernel: BIOS-e820: 00000000fee00000 - 00000000fee01000 (reserved)
Sep 29 16:37:39 localhost kernel: BIOS-e820: 00000000ff000000 - 0000000100000000 (reserved)
Sep 29 16:37:39 localhost kernel: BIOS-e820: 0000000100000000 - 000000011f800000 (usable)
Sep 29 16:37:39 localhost kernel: SMBIOS version 2.8 @ 0xF0570
Sep 29 16:37:39 localhost kernel: SMBIOS 2.8 present.
Sep 29 16:37:39 localhost kernel: last_pfn = 0x11f800 max_arch_pfn = 0x400000
Sep 29 16:37:39 localhost kernel: x86 PAT enabled: cpu 0, old 0x7040600070406, new 0x7010600070106
Sep 29 16:37:39 localhost kernel: total RAM covered: 4040M
Sep 29 16:37:39 localhost kernel: Found optimal setting for mtrr clean up
Sep 29 16:37:39 localhost kernel: gran_size: 64K 	chunk_size: 64M 	num_reg: 7  	lose cover RAM: 0G
Sep 29 16:37:39 localhost kernel: init_memory_mapping: 0000000000000000-00000000375fe000
Sep 29 16:37:39 localhost kernel: NX (Execute Disable) protection: active
Sep 29 16:37:39 localhost kernel: RAMDISK: 36bb0000 - 37fef68f
Sep 29 16:37:39 localhost kernel: Allocated new RAMDISK: 00cd6000 - 0211568f
Sep 29 16:37:39 localhost kernel: Move RAMDISK from 0000000036bb0000 - 0000000037fef68e to 00cd6000 - 0211568e
Sep 29 16:37:39 localhost kernel: ACPI: RSDP 000ef1e0 00024 (v02 DELL  )
Sep 29 16:37:39 localhost kernel: ACPI: XSDT db3ea098 000AC (v01 DELL    CBX3    01072009 AMI  00010013)
Sep 29 16:37:39 localhost kernel: ACPI: FACP db3fd3f0 0010C (v05 DELL    CBX3    01072009 AMI  00010013)
Sep 29 16:37:39 localhost kernel: ACPI Warning: FADT (revision 5) is longer than ACPI 2.0 version, truncating length 268 to 244 (20090903/tbfadt-288)
Sep 29 16:37:39 localhost kernel: ACPI: DSDT db3ea1d0 1321F (v02 DELL    CBX3    01072009 INTL 20120913)
Sep 29 16:37:39 localhost kernel: ACPI: FACS dbd31f80 00040
Sep 29 16:37:39 localhost kernel: ACPI: APIC db3fd500 00068 (v03 DELL    CBX3    01072009 AMI  00010013)
Sep 29 16:37:39 localhost kernel: ACPI: FPDT db3fd568 00044 (v01 DELL    CBX3    01072009 AMI  00010013)
Sep 29 16:37:39 localhost kernel: ACPI: FIDT db3fd5b0 0009C (v01 DELL    CBX3    01072009 AMI  00010013)
Sep 29 16:37:39 localhost kernel: ACPI: MCFG db3fd650 0003C (v01 DELL    CBX3    01072009 MSFT 00000097)
Sep 29 16:37:39 localhost kernel: ACPI: HPET db3fd690 00038 (v01 DELL    CBX3    01072009 AMI. 00000005)
Sep 29 16:37:39 localhost kernel: ACPI: SSDT db3fd6c8 003BD (v01 SataRe SataTabl 00001000 INTL 20120913)
Sep 29 16:37:39 localhost kernel: ACPI: UEFI db3fda88 00042 (v01                 00000000      00000000)
Sep 29 16:37:39 localhost kernel: ACPI: ASF! db3fdad0 000A0 (v32 INTEL       HCG 00000001 TFSM 000F4240)
Sep 29 16:37:39 localhost kernel: ACPI: BOOT db3fdb70 00028 (v01 DELL   CBX3     01072009 AMI  00010013)
Sep 29 16:37:39 localhost kernel: ACPI: SSDT db3fdb98 004BC (v02  PmRef  Cpu0Ist 00003000 INTL 20120913)
Sep 29 16:37:39 localhost kernel: ACPI: SSDT db3fe058 00B74 (v02 CpuRef  CpuSsdt 00003000 INTL 20120913)
Sep 29 16:37:39 localhost kernel: ACPI: SSDT db3febd0 001C7 (v02  PmRef LakeTiny 00003000 INTL 20120913)
Sep 29 16:37:39 localhost kernel: ACPI: SSDT db3fed98 041AC (v02 SaSsdt  SaSsdt  00003000 INTL 20120913)
Sep 29 16:37:39 localhost kernel: ACPI: SLIC db402f48 00176 (v03 DELL    CBX3    01072009 MSFT 00010013)
Sep 29 16:37:39 localhost kernel: ACPI: MSDM db4030c0 00055 (v03 DELL    CBX3    06222004 AMI  00010013)
Sep 29 16:37:39 localhost kernel: ACPI: DMAR db403118 000B0 (v01 INTEL      BDW  00000001 INTL 00000001)
Sep 29 16:37:39 localhost kernel: 3714MB HIGHMEM available.
Sep 29 16:37:39 localhost kernel: 885MB LOWMEM available.
Sep 29 16:37:39 localhost kernel:  mapped low ram: 0 - 375fe000
Sep 29 16:37:39 localhost kernel:  low ram: 0 - 375fe000
Sep 29 16:37:39 localhost kernel:  node 0 low ram: 00000000 - 375fe000
Sep 29 16:37:39 localhost kernel:  node 0 bootmap 0000b000 - 00011ec0
Sep 29 16:37:39 localhost kernel: (9 early reservations) ==> bootmem [0000000000 - 00375fe000]
Sep 29 16:37:39 localhost kernel:  #0 [0000000000 - 0000001000]   BIOS data page ==> [0000000000 - 0000001000]
Sep 29 16:37:39 localhost kernel:  #1 [0000001000 - 0000002000]    EX TRAMPOLINE ==> [0000001000 - 0000002000]
Sep 29 16:37:39 localhost kernel:  #2 [0000006000 - 0000007000]       TRAMPOLINE ==> [0000006000 - 0000007000]
Sep 29 16:37:39 localhost kernel:  #3 [0000400000 - 0000ccc090]    TEXT DATA BSS ==> [0000400000 - 0000ccc090]
Sep 29 16:37:39 localhost kernel:  #4 [000009d400 - 0000100000]    BIOS reserved ==> [000009d400 - 0000100000]
Sep 29 16:37:39 localhost kernel:  #5 [0000ccd000 - 0000cd52dd]              BRK ==> [0000ccd000 - 0000cd52dd]
Sep 29 16:37:39 localhost kernel:  #6 [0000007000 - 000000b000]          PGTABLE ==> [0000007000 - 000000b000]
Sep 29 16:37:39 localhost kernel:  #7 [0000cd6000 - 000211568f]      NEW RAMDISK ==> [0000cd6000 - 000211568f]
Sep 29 16:37:39 localhost kernel:  #8 [000000b000 - 0000012000]          BOOTMAP ==> [000000b000 - 0000012000]
Sep 29 16:37:39 localhost kernel: found SMP MP-table at [c00fda20] fda20
Sep 29 16:37:39 localhost kernel: Reserving 129MB of memory at 48MB for crashkernel (System RAM: 4600MB)
Sep 29 16:37:39 localhost kernel: Zone PFN ranges:
Sep 29 16:37:39 localhost kernel:  DMA      0x00000001 -> 0x00001000
Sep 29 16:37:39 localhost kernel:  Normal   0x00001000 -> 0x000375fe
Sep 29 16:37:39 localhost kernel:  HighMem  0x000375fe -> 0x0011f800
Sep 29 16:37:39 localhost kernel: Movable zone start PFN for each node
Sep 29 16:37:39 localhost kernel: early_node_map[5] active PFN ranges
Sep 29 16:37:39 localhost kernel:    0: 0x00000001 -> 0x0000009d
Sep 29 16:37:39 localhost kernel:    0: 0x00000100 -> 0x000c9a37
Sep 29 16:37:39 localhost kernel:    0: 0x000c9e58 -> 0x000db33c
Sep 29 16:37:39 localhost kernel:    0: 0x000dbfff -> 0x000dc000
Sep 29 16:37:39 localhost kernel:    0: 0x00100000 -> 0x0011f800
Sep 29 16:37:39 localhost kernel: Using APIC driver default
Sep 29 16:37:39 localhost kernel: Reserving Intel graphics stolen memory at 0xdd800000-0xdf7fffff
Sep 29 16:37:39 localhost kernel: ACPI: PM-Timer IO Port: 0x1808
Sep 29 16:37:39 localhost kernel: ACPI: LAPIC (acpi_id[0x01] lapic_id[0x00] enabled)
Sep 29 16:37:39 localhost kernel: ACPI: LAPIC (acpi_id[0x02] lapic_id[0x02] enabled)
Sep 29 16:37:39 localhost kernel: ACPI: LAPIC_NMI (acpi_id[0x01] dfl dfl lint[0x0])
Sep 29 16:37:39 localhost kernel: ACPI: NMI not connected to LINT 1!
Sep 29 16:37:39 localhost kernel: ACPI: LAPIC_NMI (acpi_id[0x02] high res lint[0x20])
Sep 29 16:37:39 localhost kernel: ACPI: NMI not connected to LINT 1!
Sep 29 16:37:39 localhost kernel: ACPI: IOAPIC (id[0x02] address[0xfec00000] gsi_base[0])
Sep 29 16:37:39 localhost kernel: IOAPIC[0]: apic_id 2, version 32, address 0xfec00000, GSI 0-39
Sep 29 16:37:39 localhost kernel: ACPI: INT_SRC_OVR (bus 0 bus_irq 0 global_irq 2 dfl dfl)
Sep 29 16:37:39 localhost kernel: ACPI: INT_SRC_OVR (bus 0 bus_irq 9 global_irq 9 high level)
Sep 29 16:37:39 localhost kernel: Using ACPI (MADT) for SMP configuration information
Sep 29 16:37:39 localhost kernel: ACPI: HPET id: 0x8086a701 base: 0xfed00000
Sep 29 16:37:39 localhost kernel: SMP: Allowing 2 CPUs, 0 hotplug CPUs
Sep 29 16:37:39 localhost kernel: PM: Registered nosave memory: 000000000009d000 - 000000000009e000
Sep 29 16:37:39 localhost kernel: PM: Registered nosave memory: 000000000009e000 - 00000000000a0000
Sep 29 16:37:39 localhost kernel: PM: Registered nosave memory: 00000000000a0000 - 00000000000e0000
Sep 29 16:37:39 localhost kernel: PM: Registered nosave memory: 00000000000e0000 - 0000000000100000
Sep 29 16:37:39 localhost kernel: Allocating PCI resources starting at df800000 (gap: df800000:18800000)
Sep 29 16:37:39 localhost kernel: Booting paravirtualized kernel on bare hardware
Sep 29 16:37:39 localhost kernel: NR_CPUS:32 nr_cpumask_bits:32 nr_cpu_ids:2 nr_node_ids:1
Sep 29 16:37:39 localhost kernel: PERCPU: Embedded 16 pages/cpu @c2e00000 s41240 r0 d24296 u1048576
Sep 29 16:37:39 localhost kernel: pcpu-alloc: s41240 r0 d24296 u1048576 alloc=1*2097152
Sep 29 16:37:39 localhost kernel: pcpu-alloc: [0] 0 1 
Sep 29 16:37:39 localhost kernel: Built 1 zonelists in Zone order, mobility grouping on.  Total pages: 1016519
Sep 29 16:37:39 localhost kernel: Kernel command line: ro root=UUID=281586bb-d7bb-4f49-9986-76941ba68aab rd_NO_LUKS LANG=en_US.UTF-8 rd_NO_MD quiet SYSFONT=latarcyrheb-sun16 rhgb crashkernel=129M@0M  KEYBOARDTYPE=pc KEYTABLE=jp106 rd_NO_LVM rd_NO_DM
Sep 29 16:37:39 localhost kernel: PID hash table entries: 4096 (order: 2, 16384 bytes)
Sep 29 16:37:39 localhost kernel: Dentry cache hash table entries: 131072 (order: 7, 524288 bytes)
Sep 29 16:37:39 localhost kernel: Inode-cache hash table entries: 65536 (order: 6, 262144 bytes)
Sep 29 16:37:39 localhost kernel: Enabling fast FPU save and restore... done.
Sep 29 16:37:39 localhost kernel: Enabling unmasked SIMD FPU exception support... done.
Sep 29 16:37:39 localhost kernel: Initializing CPU#0
Sep 29 16:37:39 localhost kernel: xsave/xrstor: enabled xstate_bv 0x3, cntxt size 0x240
Sep 29 16:37:39 localhost kernel: Initializing HighMem for node 0 (000375fe:0011f800)
Sep 29 16:37:39 localhost kernel: Memory: 3906084k/4710400k available (4614k kernel code, 195772k reserved, 2614k data, 556k init, 3196024k highmem)
Sep 29 16:37:39 localhost kernel: virtual kernel memory layout:
Sep 29 16:37:39 localhost kernel:    fixmap  : 0xffad5000 - 0xfffff000   (5288 kB)
Sep 29 16:37:39 localhost kernel:    pkmap   : 0xff600000 - 0xff800000   (2048 kB)
Sep 29 16:37:39 localhost kernel:    vmalloc : 0xf7dfe000 - 0xff5fe000   ( 120 MB)
Sep 29 16:37:39 localhost kernel:    lowmem  : 0xc0000000 - 0xf75fe000   ( 885 MB)
Sep 29 16:37:39 localhost kernel:      .init : 0xc0b10000 - 0xc0b9b000   ( 556 kB)
Sep 29 16:37:39 localhost kernel:      .data : 0xc08818b8 - 0xc0b0f268   (2614 kB)
Sep 29 16:37:39 localhost kernel:      .text : 0xc0400000 - 0xc08818b8   (4614 kB)
Sep 29 16:37:39 localhost kernel: Checking if this processor honours the WP bit even in supervisor mode...Ok.
Sep 29 16:37:39 localhost kernel: Hierarchical RCU implementation.
Sep 29 16:37:39 localhost kernel: NR_IRQS:2304 nr_irqs:512
Sep 29 16:37:39 localhost kernel: Extended CMOS year: 2000
Sep 29 16:37:39 localhost kernel: Console: colour VGA+ 80x25
Sep 29 16:37:39 localhost kernel: console [tty0] enabled
Sep 29 16:37:39 localhost kernel: allocated 8388608 bytes of page_cgroup
Sep 29 16:37:39 localhost kernel: please try 'cgroup_disable=memory' option if you don't want memory cgroups
Sep 29 16:37:39 localhost kernel: Fast TSC calibration using PIT
Sep 29 16:37:39 localhost kernel: Detected 1696.116 MHz processor.
Sep 29 16:37:39 localhost kernel: Calibrating delay loop (skipped), value calculated using timer frequency.. 3392.23 BogoMIPS (lpj=1696116)
Sep 29 16:37:39 localhost kernel: pid_max: default: 32768 minimum: 301
Sep 29 16:37:39 localhost kernel: Security Framework initialized
Sep 29 16:37:39 localhost kernel: SELinux:  Initializing.
Sep 29 16:37:39 localhost kernel: Mount-cache hash table entries: 512
Sep 29 16:37:39 localhost kernel: Initializing cgroup subsys ns
Sep 29 16:37:39 localhost kernel: Initializing cgroup subsys cpuacct
Sep 29 16:37:39 localhost kernel: Initializing cgroup subsys memory
Sep 29 16:37:39 localhost kernel: Initializing cgroup subsys devices
Sep 29 16:37:39 localhost kernel: Initializing cgroup subsys freezer
Sep 29 16:37:39 localhost kernel: Initializing cgroup subsys net_cls
Sep 29 16:37:39 localhost kernel: Initializing cgroup subsys blkio
Sep 29 16:37:39 localhost kernel: Initializing cgroup subsys perf_event
Sep 29 16:37:39 localhost kernel: Initializing cgroup subsys net_prio
Sep 29 16:37:39 localhost kernel: CPU: Physical Processor ID: 0
Sep 29 16:37:39 localhost kernel: CPU: Processor Core ID: 0
Sep 29 16:37:39 localhost kernel: mce: CPU supports 7 MCE banks
Sep 29 16:37:39 localhost kernel: CPU0: Thermal monitoring enabled (TM1)
Sep 29 16:37:39 localhost kernel: using mwait in idle threads.
Sep 29 16:37:39 localhost kernel: ACPI: Core revision 20090903
Sep 29 16:37:39 localhost kernel: Enabling APIC mode:  Flat.  Using 1 I/O APICs
Sep 29 16:37:39 localhost kernel: ..TIMER: vector=0x30 apic1=0 pin1=2 apic2=0 pin2=0
Sep 29 16:37:39 localhost kernel: CPU0: Intel(R) Celeron(R) CPU 3215U @ 1.70GHz stepping 04
Sep 29 16:37:39 localhost kernel: Performance Events: PEBS fmt2+, 16-deep LBR, Broadwell events, full-width counters, Intel PMU driver.
Sep 29 16:37:39 localhost kernel: ... version:                3
Sep 29 16:37:39 localhost kernel: ... bit width:              48
Sep 29 16:37:39 localhost kernel: ... generic registers:      8
Sep 29 16:37:39 localhost kernel: ... value mask:             0000ffffffffffff
Sep 29 16:37:39 localhost kernel: ... max period:             0000ffffffffffff
Sep 29 16:37:39 localhost kernel: ... fixed-purpose events:   3
Sep 29 16:37:39 localhost kernel: ... event mask:             00000007000000ff
Sep 29 16:37:39 localhost kernel: Booting Node   0, Processors  #1 Ok.
Sep 29 16:37:39 localhost kernel: Initializing CPU#1
Sep 29 16:37:39 localhost kernel: Brought up 2 CPUs
Sep 29 16:37:39 localhost kernel: Total of 2 processors activated (6784.46 BogoMIPS).
Sep 29 16:37:39 localhost kernel: devtmpfs: initialized
Sep 29 16:37:39 localhost kernel: PM: Registering ACPI NVS region at db405000 (9633792 bytes)
Sep 29 16:37:39 localhost kernel: regulator: core version 0.5
Sep 29 16:37:39 localhost kernel: NET: Registered protocol family 16
Sep 29 16:37:39 localhost kernel: ACPI FADT declares the system doesn't support PCIe ASPM, so disable it
Sep 29 16:37:39 localhost kernel: ACPI: bus type pci registered
Sep 29 16:37:39 localhost kernel: PCI: MCFG configuration 0: base f8000000 segment 0 buses 0 - 63
Sep 29 16:37:39 localhost kernel: PCI: MCFG area at f8000000 reserved in E820
Sep 29 16:37:39 localhost kernel: PCI: Using MMCONFIG for extended config space
Sep 29 16:37:39 localhost kernel: PCI: Using configuration type 1 for base access
Sep 29 16:37:39 localhost kernel: dmi type 0xB1 record - unknown flag
Sep 29 16:37:39 localhost kernel: bio: create slab <bio-0> at 0
Sep 29 16:37:39 localhost kernel: ACPI Error (dswload-0659): [RHUB] Namespace lookup failure, AE_NOT_FOUND
Sep 29 16:37:39 localhost kernel: ACPI Exception: AE_NOT_FOUND, During name lookup/catalog (20090903/psloop-230)
Sep 29 16:37:39 localhost kernel: ACPI Error (psparse-0537): Method parse/execution failed [\] (Node c0cab1b8), AE_NOT_FOUND
Sep 29 16:37:39 localhost kernel: ACPI Error (dswload-0659): [SDMA] Namespace lookup failure, AE_NOT_FOUND
Sep 29 16:37:39 localhost kernel: ACPI Exception: AE_NOT_FOUND, During name lookup/catalog (20090903/psloop-230)
Sep 29 16:37:39 localhost kernel: ACPI Error (psparse-0537): Method parse/execution failed [\] (Node c0cab1b8), AE_NOT_FOUND
Sep 29 16:37:39 localhost kernel: ACPI Error (dswload-0659): [I2C0] Namespace lookup failure, AE_NOT_FOUND
Sep 29 16:37:39 localhost kernel: ACPI Exception: AE_NOT_FOUND, During name lookup/catalog (20090903/psloop-230)
Sep 29 16:37:39 localhost kernel: ACPI Error (psparse-0537): Method parse/execution failed [\] (Node c0cab1b8), AE_NOT_FOUND
Sep 29 16:37:39 localhost kernel: ACPI Error (dswload-0659): [I2C1] Namespace lookup failure, AE_NOT_FOUND
Sep 29 16:37:39 localhost kernel: ACPI Exception: AE_NOT_FOUND, During name lookup/catalog (20090903/psloop-230)
Sep 29 16:37:39 localhost kernel: ACPI Error (psparse-0537): Method parse/execution failed [\] (Node c0cab1b8), AE_NOT_FOUND
Sep 29 16:37:39 localhost kernel: ACPI Error (dswload-0659): [SPI0] Namespace lookup failure, AE_NOT_FOUND
Sep 29 16:37:39 localhost kernel: ACPI Exception: AE_NOT_FOUND, During name lookup/catalog (20090903/psloop-230)
Sep 29 16:37:39 localhost kernel: ACPI Error (psparse-0537): Method parse/execution failed [\] (Node c0cab1b8), AE_NOT_FOUND
Sep 29 16:37:39 localhost kernel: ACPI Error (dswload-0659): [SPI1] Namespace lookup failure, AE_NOT_FOUND
Sep 29 16:37:39 localhost kernel: ACPI Exception: AE_NOT_FOUND, During name lookup/catalog (20090903/psloop-230)
Sep 29 16:37:39 localhost kernel: ACPI Error (psparse-0537): Method parse/execution failed [\] (Node c0cab1b8), AE_NOT_FOUND
Sep 29 16:37:39 localhost kernel: ACPI Error (dswload-0659): [UA00] Namespace lookup failure, AE_NOT_FOUND
Sep 29 16:37:39 localhost kernel: ACPI Exception: AE_NOT_FOUND, During name lookup/catalog (20090903/psloop-230)
Sep 29 16:37:39 localhost kernel: ACPI Error (psparse-0537): Method parse/execution failed [\] (Node c0cab1b8), AE_NOT_FOUND
Sep 29 16:37:39 localhost kernel: ACPI Error (dswload-0659): [UA01] Namespace lookup failure, AE_NOT_FOUND
Sep 29 16:37:39 localhost kernel: ACPI Exception: AE_NOT_FOUND, During name lookup/catalog (20090903/psloop-230)
Sep 29 16:37:39 localhost kernel: ACPI Error (psparse-0537): Method parse/execution failed [\] (Node c0cab1b8), AE_NOT_FOUND
Sep 29 16:37:39 localhost kernel: ACPI Error (dswload-0659): [SDHC] Namespace lookup failure, AE_NOT_FOUND
Sep 29 16:37:39 localhost kernel: ACPI Exception: AE_NOT_FOUND, During name lookup/catalog (20090903/psloop-230)
Sep 29 16:37:39 localhost kernel: ACPI Error (psparse-0537): Method parse/execution failed [\] (Node c0cab1b8), AE_NOT_FOUND
Sep 29 16:37:39 localhost kernel: ACPI Error (dswload-0659): [PXSX] Namespace lookup failure, AE_NOT_FOUND
Sep 29 16:37:39 localhost kernel: ACPI Exception: AE_NOT_FOUND, During name lookup/catalog (20090903/psloop-230)
Sep 29 16:37:39 localhost kernel: ACPI Error (psparse-0537): Method parse/execution failed [\] (Node c0cab1b8), AE_NOT_FOUND
Sep 29 16:37:39 localhost kernel: ACPI Error (dswload-0659): [PXSX] Namespace lookup failure, AE_NOT_FOUND
Sep 29 16:37:39 localhost kernel: ACPI Exception: AE_NOT_FOUND, During name lookup/catalog (20090903/psloop-230)
Sep 29 16:37:39 localhost kernel: ACPI Error (psparse-0537): Method parse/execution failed [\] (Node c0cab1b8), AE_NOT_FOUND
Sep 29 16:37:39 localhost kernel: ACPI: Executed 16 blocks of module-level executable AML code
Sep 29 16:37:39 localhost kernel: ACPI: BIOS _OSI(Linux) query ignored
Sep 29 16:37:39 localhost kernel: ACPI: Interpreter enabled
Sep 29 16:37:39 localhost kernel: ACPI: (supports S0 S3 S4 S5)
Sep 29 16:37:39 localhost kernel: ACPI: Using IOAPIC for interrupt routing
Sep 29 16:37:39 localhost kernel: ACPI: EC: GPE = 0xa, I/O: command/status = 0x934, data = 0x930
Sep 29 16:37:39 localhost kernel: ACPI: Power Resource [PG00] (on)
Sep 29 16:37:39 localhost kernel: ACPI: Power Resource [PG01] (on)
Sep 29 16:37:39 localhost kernel: ACPI: Power Resource [PG02] (on)
Sep 29 16:37:39 localhost kernel: ACPI: No dock devices found.
Sep 29 16:37:39 localhost kernel: PCI: Using host bridge windows from ACPI; if necessary, use "pci=nocrs" and report a bug
Sep 29 16:37:39 localhost kernel: ACPI: PCI Root Bridge [PCI0] (domain 0000 [bus 00-3e])
Sep 29 16:37:39 localhost kernel: pci_root PNP0A08:00: host bridge window [io  0x0000-0x0cf7]
Sep 29 16:37:39 localhost kernel: pci_root PNP0A08:00: host bridge window [io  0x0d00-0xffff]
Sep 29 16:37:39 localhost kernel: pci_root PNP0A08:00: host bridge window [mem 0x000a0000-0x000bffff]
Sep 29 16:37:39 localhost kernel: pci_root PNP0A08:00: host bridge window [mem 0xdf800000-0xfeafffff]
Sep 29 16:37:39 localhost kernel: PCI host bridge to bus 0000:00
Sep 29 16:37:39 localhost kernel: pci_bus 0000:00: root bus resource [io  0x0000-0x0cf7]
Sep 29 16:37:39 localhost kernel: pci_bus 0000:00: root bus resource [io  0x0d00-0xffff]
Sep 29 16:37:39 localhost kernel: pci_bus 0000:00: root bus resource [mem 0x000a0000-0x000bffff]
Sep 29 16:37:39 localhost kernel: pci_bus 0000:00: root bus resource [mem 0xdf800000-0xfeafffff]
Sep 29 16:37:39 localhost kernel: pci 0000:00:14.0: PME# supported from D3hot D3cold
Sep 29 16:37:39 localhost kernel: pci 0000:00:14.0: PME# disabled
Sep 29 16:37:39 localhost kernel: pci 0000:00:16.0: PME# supported from D0 D3hot D3cold
Sep 29 16:37:39 localhost kernel: pci 0000:00:16.0: PME# disabled
Sep 29 16:37:39 localhost kernel: pci 0000:00:1b.0: PME# supported from D0 D3hot D3cold
Sep 29 16:37:39 localhost kernel: pci 0000:00:1b.0: PME# disabled
Sep 29 16:37:39 localhost kernel: pci 0000:00:1c.0: PME# supported from D0 D3hot D3cold
Sep 29 16:37:39 localhost kernel: pci 0000:00:1c.0: PME# disabled
Sep 29 16:37:39 localhost kernel: pci 0000:00:1c.2: PME# supported from D0 D3hot D3cold
Sep 29 16:37:39 localhost kernel: pci 0000:00:1c.2: PME# disabled
Sep 29 16:37:39 localhost kernel: pci 0000:00:1c.3: PME# supported from D0 D3hot D3cold
Sep 29 16:37:39 localhost kernel: pci 0000:00:1c.3: PME# disabled
Sep 29 16:37:39 localhost kernel: pci 0000:00:1c.4: PME# supported from D0 D3hot D3cold
Sep 29 16:37:39 localhost kernel: pci 0000:00:1c.4: PME# disabled
Sep 29 16:37:39 localhost kernel: pci 0000:00:1d.0: PME# supported from D0 D3hot D3cold
Sep 29 16:37:39 localhost kernel: pci 0000:00:1d.0: PME# disabled
Sep 29 16:37:39 localhost kernel: pci 0000:00:1f.2: PME# supported from D3hot
Sep 29 16:37:39 localhost kernel: pci 0000:00:1f.2: PME# disabled
Sep 29 16:37:39 localhost kernel: pci 0000:00:1c.0: PCI bridge to [bus 04-04]
Sep 29 16:37:39 localhost kernel: pci 0000:06:00.0: PME# supported from D0 D3hot D3cold
Sep 29 16:37:39 localhost kernel: pci 0000:06:00.0: PME# disabled
Sep 29 16:37:39 localhost kernel: pci 0000:00:1c.2: PCI bridge to [bus 06-06]
Sep 29 16:37:39 localhost kernel: pci 0000:07:00.0: PME# supported from D0 D1 D2 D3hot D3cold
Sep 29 16:37:39 localhost kernel: pci 0000:07:00.0: PME# disabled
Sep 29 16:37:39 localhost kernel: pci 0000:00:1c.3: PCI bridge to [bus 07-07]
Sep 29 16:37:39 localhost kernel: pci 0000:00:1c.4: PCI bridge to [bus 08-08]
Sep 29 16:37:39 localhost kernel: pci0000:00: Requesting ACPI _OSC control (0x1d)
Sep 29 16:37:39 localhost kernel: Unable to assume _OSC PCIe control. Disabling ASPM
Sep 29 16:37:39 localhost kernel: ACPI: PCI Interrupt Link [LNKA] (IRQs 3 4 5 6 10 *11 12 14 15)
Sep 29 16:37:39 localhost kernel: ACPI: PCI Interrupt Link [LNKB] (IRQs 3 4 5 6 10 11 12 14 15) *0, disabled.
Sep 29 16:37:39 localhost kernel: ACPI: PCI Interrupt Link [LNKC] (IRQs *3 4 5 6 10 11 12 14 15)
Sep 29 16:37:39 localhost kernel: ACPI: PCI Interrupt Link [LNKD] (IRQs 3 4 5 6 *10 11 12 14 15)
Sep 29 16:37:39 localhost kernel: ACPI: PCI Interrupt Link [LNKE] (IRQs 3 4 5 6 10 11 12 14 15) *0, disabled.
Sep 29 16:37:39 localhost kernel: ACPI: PCI Interrupt Link [LNKF] (IRQs 3 *4 5 6 10 11 12 14 15)
Sep 29 16:37:39 localhost kernel: ACPI: PCI Interrupt Link [LNKG] (IRQs 3 4 *5 6 10 11 12 14 15)
Sep 29 16:37:39 localhost kernel: ACPI: PCI Interrupt Link [LNKH] (IRQs 3 4 5 6 10 11 12 14 15) *0, disabled.
Sep 29 16:37:39 localhost kernel: vgaarb: device added: PCI:0000:00:02.0,decodes=io+mem,owns=io+mem,locks=none
Sep 29 16:37:39 localhost kernel: vgaarb: loaded
Sep 29 16:37:39 localhost kernel: vgaarb: bridge control possible 0000:00:02.0
Sep 29 16:37:39 localhost kernel: SCSI subsystem initialized
Sep 29 16:37:39 localhost kernel: usbcore: registered new interface driver usbfs
Sep 29 16:37:39 localhost kernel: usbcore: registered new interface driver hub
Sep 29 16:37:39 localhost kernel: usbcore: registered new device driver usb
Sep 29 16:37:39 localhost kernel: PCI: Using ACPI for IRQ routing
Sep 29 16:37:39 localhost kernel: NetLabel: Initializing
Sep 29 16:37:39 localhost kernel: NetLabel:  domain hash size = 128
Sep 29 16:37:39 localhost kernel: NetLabel:  protocols = UNLABELED CIPSOv4
Sep 29 16:37:39 localhost kernel: NetLabel:  unlabeled traffic allowed by default
Sep 29 16:37:39 localhost kernel: HPET: 8 timers in total, 2 timers will be used for per-cpu timer
Sep 29 16:37:39 localhost kernel: hpet0: at MMIO 0xfed00000, IRQs 2, 8, 40, 41, 0, 0, 0, 0
Sep 29 16:37:39 localhost kernel: hpet0: 8 comparators, 64-bit 14.318180 MHz counter
Sep 29 16:37:39 localhost kernel: Switching to clocksource hpet
Sep 29 16:37:39 localhost kernel: pnp: PnP ACPI init
Sep 29 16:37:39 localhost kernel: ACPI: bus type pnp registered
Sep 29 16:37:40 localhost kernel: pnp 00:0a: can't evaluate _CRS: 12311
Sep 29 16:37:40 localhost kernel: pnp: PnP ACPI: found 11 devices
Sep 29 16:37:40 localhost kernel: ACPI: ACPI bus type pnp unregistered
Sep 29 16:37:40 localhost kernel: system 00:04: [io  0x0680-0x069f] has been reserved
Sep 29 16:37:40 localhost kernel: system 00:04: [io  0xffff] has been reserved
Sep 29 16:37:40 localhost kernel: system 00:04: [io  0xffff] has been reserved
Sep 29 16:37:40 localhost kernel: system 00:04: [io  0xffff] has been reserved
Sep 29 16:37:40 localhost kernel: system 00:04: [io  0x1800-0x18fe] has been reserved
Sep 29 16:37:40 localhost kernel: system 00:04: [io  0x164e-0x164f] has been reserved
Sep 29 16:37:40 localhost kernel: system 00:04: [io  0xfd40-0xfd6f] has been reserved
Sep 29 16:37:40 localhost kernel: system 00:06: [io  0x1854-0x1857] has been reserved
Sep 29 16:37:40 localhost kernel: system 00:08: [mem 0xfed1c000-0xfed1ffff] has been reserved
Sep 29 16:37:40 localhost kernel: system 00:08: [mem 0xfed10000-0xfed17fff] has been reserved
Sep 29 16:37:40 localhost kernel: system 00:08: [mem 0xfed18000-0xfed18fff] has been reserved
Sep 29 16:37:40 localhost kernel: system 00:08: [mem 0xfed19000-0xfed19fff] has been reserved
Sep 29 16:37:40 localhost kernel: system 00:08: [mem 0xf8000000-0xfbffffff] has been reserved
Sep 29 16:37:40 localhost kernel: system 00:08: [mem 0xfed20000-0xfed3ffff] has been reserved
Sep 29 16:37:40 localhost kernel: system 00:08: [mem 0xfed90000-0xfed93fff] has been reserved
Sep 29 16:37:40 localhost kernel: system 00:08: [mem 0xfed45000-0xfed8ffff] has been reserved
Sep 29 16:37:40 localhost kernel: system 00:08: [mem 0xff000000-0xffffffff] has been reserved
Sep 29 16:37:40 localhost kernel: system 00:08: [mem 0xfee00000-0xfeefffff] could not be reserved
Sep 29 16:37:40 localhost kernel: system 00:08: [mem 0xf7fe0000-0xf7feffff] has been reserved
Sep 29 16:37:40 localhost kernel: system 00:08: [mem 0xf7ff0000-0xf7ffffff] has been reserved
Sep 29 16:37:40 localhost kernel: system 00:09: [mem 0xfe104000-0xfe104fff] has been reserved
Sep 29 16:37:40 localhost kernel: system 00:09: [mem 0xfe106000-0xfe106fff] has been reserved
Sep 29 16:37:40 localhost kernel: pci 0000:00:1c.0: BAR 14: assigned [mem 0xdf800000-0xdf9fffff]
Sep 29 16:37:40 localhost kernel: pci 0000:00:1c.0: BAR 15: assigned [mem 0xdfa00000-0xdfbfffff 64bit pref]
Sep 29 16:37:40 localhost kernel: pci 0000:00:1c.0: BAR 13: assigned [io  0x2000-0x2fff]
Sep 29 16:37:40 localhost kernel: pci 0000:00:1c.0: PCI bridge to [bus 04-04]
Sep 29 16:37:40 localhost kernel: pci 0000:00:1c.0:   bridge window [io  0x2000-0x2fff]
Sep 29 16:37:40 localhost kernel: pci 0000:00:1c.0:   bridge window [mem 0xdf800000-0xdf9fffff]
Sep 29 16:37:40 localhost kernel: pci 0000:00:1c.0:   bridge window [mem 0xdfa00000-0xdfbfffff 64bit pref]
Sep 29 16:37:40 localhost kernel: pci 0000:00:1c.2: PCI bridge to [bus 06-06]
Sep 29 16:37:40 localhost kernel: pci 0000:00:1c.2:   bridge window [mem 0xf7100000-0xf71fffff]
Sep 29 16:37:40 localhost kernel: pci 0000:00:1c.3: PCI bridge to [bus 07-07]
Sep 29 16:37:40 localhost kernel: pci 0000:00:1c.3:   bridge window [io  0xe000-0xefff]
Sep 29 16:37:40 localhost kernel: pci 0000:00:1c.3:   bridge window [mem 0xf7000000-0xf70fffff]
Sep 29 16:37:40 localhost kernel: pci 0000:00:1c.3:   bridge window [mem 0xf0000000-0xf00fffff 64bit pref]
Sep 29 16:37:40 localhost kernel: pci 0000:00:1c.4: PCI bridge to [bus 08-08]
Sep 29 16:37:40 localhost kernel: pci 0000:00:1c.0: PCI INT A -> GSI 16 (level, low) -> IRQ 16
Sep 29 16:37:40 localhost kernel: pci 0000:00:1c.2: PCI INT C -> GSI 18 (level, low) -> IRQ 18
Sep 29 16:37:40 localhost kernel: pci 0000:00:1c.3: PCI INT D -> GSI 19 (level, low) -> IRQ 19
Sep 29 16:37:40 localhost kernel: pci 0000:00:1c.4: PCI INT A -> GSI 16 (level, low) -> IRQ 16
Sep 29 16:37:40 localhost kernel: NET: Registered protocol family 2
Sep 29 16:37:40 localhost kernel: IP route cache hash table entries: 32768 (order: 5, 131072 bytes)
Sep 29 16:37:40 localhost kernel: TCP established hash table entries: 131072 (order: 8, 1048576 bytes)
Sep 29 16:37:40 localhost kernel: TCP bind hash table entries: 65536 (order: 7, 524288 bytes)
Sep 29 16:37:40 localhost kernel: TCP: Hash tables configured (established 131072 bind 65536)
Sep 29 16:37:40 localhost kernel: TCP reno registered
Sep 29 16:37:40 localhost kernel: NET: Registered protocol family 1
Sep 29 16:37:40 localhost kernel: pci 0000:00:14.0: power state changed by ACPI to D0
Sep 29 16:37:40 localhost kernel: pci 0000:00:14.0: power state changed by ACPI to D0
Sep 29 16:37:40 localhost kernel: pci 0000:00:14.0: PCI INT A -> GSI 21 (level, low) -> IRQ 21
Sep 29 16:37:40 localhost kernel: pci 0000:00:14.0: PCI INT A disabled
Sep 29 16:37:40 localhost kernel: pci 0000:00:1d.0: PCI INT A -> GSI 21 (level, low) -> IRQ 21
Sep 29 16:37:40 localhost kernel: pci 0000:00:1d.0: PCI INT A disabled
Sep 29 16:37:40 localhost kernel: Trying to unpack rootfs image as initramfs...
Sep 29 16:37:40 localhost kernel: Freeing initrd memory: 20733k freed
Sep 29 16:37:40 localhost kernel: dmar: Host address width 39
Sep 29 16:37:40 localhost kernel: dmar: DRHD base: 0x000000fed90000 flags: 0x0
Sep 29 16:37:40 localhost kernel: dmar: IOMMU 0: reg_base_addr fed90000 ver 1:0 cap 1c0000c40660462 ecap 7e1ff0505e
Sep 29 16:37:40 localhost kernel: dmar: DRHD base: 0x000000fed91000 flags: 0x1
Sep 29 16:37:40 localhost kernel: dmar: IOMMU 1: reg_base_addr fed91000 ver 1:0 cap d2008c20660462 ecap f010da
Sep 29 16:37:40 localhost kernel: dmar: RMRR base: 0x000000dbef6000 end: 0x000000dbf04fff
Sep 29 16:37:40 localhost kernel: dmar: RMRR base: 0x000000dd000000 end: 0x000000df7fffff
Sep 29 16:37:40 localhost kernel: dmar: No ATSR found
Sep 29 16:37:40 localhost kernel: Simple Boot Flag at 0x47 set to 0x1
Sep 29 16:37:40 localhost kernel: apm: BIOS not found.
Sep 29 16:37:40 localhost kernel: futex hash table entries: 512 (order: 2, 16384 bytes)
Sep 29 16:37:40 localhost kernel: audit: initializing netlink socket (disabled)
Sep 29 16:37:40 localhost kernel: type=2000 audit(1475167042.102:1): initialized
Sep 29 16:37:40 localhost kernel: highmem bounce pool size: 64 pages
Sep 29 16:37:40 localhost kernel: HugeTLB registered 2 MB page size, pre-allocated 0 pages
Sep 29 16:37:40 localhost kernel: VFS: Disk quotas dquot_6.5.2
Sep 29 16:37:40 localhost kernel: Dquot-cache hash table entries: 1024 (order 0, 4096 bytes)
Sep 29 16:37:40 localhost kernel: msgmni has been set to 1429
Sep 29 16:37:40 localhost kernel: ksign: Installing public key data
Sep 29 16:37:40 localhost kernel: Loading keyring
Sep 29 16:37:40 localhost kernel: - Added public key 907B76A5A28D5DAA
Sep 29 16:37:40 localhost kernel: - User ID: CentOS (Kernel Module GPG key)
Sep 29 16:37:40 localhost kernel: Block layer SCSI generic (bsg) driver version 0.4 loaded (major 250)
Sep 29 16:37:40 localhost kernel: io scheduler noop registered
Sep 29 16:37:40 localhost kernel: io scheduler anticipatory registered
Sep 29 16:37:40 localhost kernel: io scheduler deadline registered
Sep 29 16:37:40 localhost kernel: io scheduler cfq registered (default)
Sep 29 16:37:40 localhost kernel: pci_hotplug: PCI Hot Plug PCI Core version: 0.5
Sep 29 16:37:40 localhost kernel: pciehp: PCI Express Hot Plug Controller Driver version: 0.4
Sep 29 16:37:40 localhost kernel: acpiphp: ACPI Hot Plug PCI Controller Driver version: 0.5
Sep 29 16:37:40 localhost kernel: acpiphp: Slot [1] registered
Sep 29 16:37:40 localhost kernel: ACPI: AC Adapter [AC] (on-line)
Sep 29 16:37:40 localhost kernel: input: Lid Switch as /devices/LNXSYSTM:00/LNXSYBUS:00/PNP0C0D:00/input/input0
Sep 29 16:37:40 localhost kernel: ACPI: Lid Switch [LID0]
Sep 29 16:37:40 localhost kernel: input: Power Button as /devices/LNXSYSTM:00/LNXSYBUS:00/PNP0C0C:00/input/input1
Sep 29 16:37:40 localhost kernel: ACPI: Power Button [PBTN]
Sep 29 16:37:40 localhost kernel: input: Sleep Button as /devices/LNXSYSTM:00/LNXSYBUS:00/PNP0C0E:00/input/input2
Sep 29 16:37:40 localhost kernel: ACPI: Sleep Button [SBTN]
Sep 29 16:37:40 localhost kernel: input: Power Button as /devices/LNXSYSTM:00/LNXPWRBN:00/input/input3
Sep 29 16:37:40 localhost kernel: ACPI: Power Button [PWRF]
Sep 29 16:37:40 localhost kernel: ACPI: SSDT db36c618 005AA (v02  PmRef    ApIst 00003000 INTL 20120913)
Sep 29 16:37:40 localhost kernel: ACPI: SSDT db3bbc18 00119 (v02  PmRef    ApCst 00003000 INTL 20120913)
Sep 29 16:37:40 localhost kernel: [Firmware Bug]: No valid trip found
Sep 29 16:37:40 localhost kernel: thermal LNXTHERM:01: registered as thermal_zone0
Sep 29 16:37:40 localhost kernel: ACPI: Thermal Zone [THM] (25 C)
Sep 29 16:37:40 localhost kernel: GHES: HEST is not enabled!
Sep 29 16:37:40 localhost kernel: isapnp: Scanning for PnP cards...
Sep 29 16:37:40 localhost kernel: ACPI: Battery Slot [BAT0] (battery absent)
Sep 29 16:37:40 localhost kernel: isapnp: No Plug & Play device found
Sep 29 16:37:40 localhost kernel: Non-volatile memory driver v1.3
Sep 29 16:37:40 localhost kernel: Linux agpgart interface v0.103
Sep 29 16:37:40 localhost kernel: crash memory driver: version 1.1
Sep 29 16:37:40 localhost kernel: Serial: 8250/16550 driver, 4 ports, IRQ sharing enabled
Sep 29 16:37:40 localhost kernel: brd: module loaded
Sep 29 16:37:40 localhost kernel: loop: module loaded
Sep 29 16:37:40 localhost kernel: input: Macintosh mouse button emulation as /devices/virtual/input/input4
Sep 29 16:37:40 localhost kernel: Fixed MDIO Bus: probed
Sep 29 16:37:40 localhost kernel: ehci_hcd: USB 2.0 'Enhanced' Host Controller (EHCI) Driver
Sep 29 16:37:40 localhost kernel: ehci_hcd 0000:00:1d.0: PCI INT A -> GSI 21 (level, low) -> IRQ 21
Sep 29 16:37:40 localhost kernel: ehci_hcd 0000:00:1d.0: EHCI Host Controller
Sep 29 16:37:40 localhost kernel: ehci_hcd 0000:00:1d.0: new USB bus registered, assigned bus number 1
Sep 29 16:37:40 localhost kernel: ehci_hcd 0000:00:1d.0: debug port 2
Sep 29 16:37:40 localhost kernel: ehci_hcd 0000:00:1d.0: irq 21, io mem 0xf721a000
Sep 29 16:37:40 localhost kernel: ehci_hcd 0000:00:1d.0: USB 2.0 started, EHCI 1.00
Sep 29 16:37:40 localhost kernel: usb usb1: New USB device found, idVendor=1d6b, idProduct=0002
Sep 29 16:37:40 localhost kernel: usb usb1: New USB device strings: Mfr=3, Product=2, SerialNumber=1
Sep 29 16:37:40 localhost kernel: usb usb1: Product: EHCI Host Controller
Sep 29 16:37:40 localhost kernel: usb usb1: Manufacturer: Linux 2.6.32-642.3.1.el6.i686 ehci_hcd
Sep 29 16:37:40 localhost kernel: usb usb1: SerialNumber: 0000:00:1d.0
Sep 29 16:37:40 localhost kernel: usb usb1: configuration #1 chosen from 1 choice
Sep 29 16:37:40 localhost kernel: hub 1-0:1.0: USB hub found
Sep 29 16:37:40 localhost kernel: hub 1-0:1.0: 2 ports detected
Sep 29 16:37:40 localhost kernel: ohci_hcd: USB 1.1 'Open' Host Controller (OHCI) Driver
Sep 29 16:37:40 localhost kernel: uhci_hcd: USB Universal Host Controller Interface driver
Sep 29 16:37:40 localhost kernel: PNP: PS/2 Controller [PNP0f13:PS2M] at 0x0,0x0 irq 12
Sep 29 16:37:40 localhost kernel: PNP: PS/2 controller has invalid data port 0x0; using default 0x60
Sep 29 16:37:40 localhost kernel: PNP: PS/2 controller has invalid command port 0x0; using default 0x64
Sep 29 16:37:40 localhost kernel: PNP: PS/2 controller doesn't have KBD irq; using default 1
Sep 29 16:37:40 localhost kernel: serio: i8042 KBD port at 0x60,0x64 irq 1
Sep 29 16:37:40 localhost kernel: serio: i8042 AUX port at 0x60,0x64 irq 12
Sep 29 16:37:40 localhost kernel: mice: PS/2 mouse device common for all mice
Sep 29 16:37:40 localhost kernel: rtc_cmos 00:05: RTC can wake from S4
Sep 29 16:37:40 localhost kernel: rtc_cmos 00:05: rtc core: registered rtc_cmos as rtc0
Sep 29 16:37:40 localhost kernel: rtc0: alarms up to one month, y3k, 242 bytes nvram, hpet irqs
Sep 29 16:37:40 localhost kernel: cpuidle: using governor ladder
Sep 29 16:37:40 localhost kernel: cpuidle: using governor menu
Sep 29 16:37:40 localhost kernel: EFI Variables Facility v0.08 2004-May-17
Sep 29 16:37:40 localhost kernel: usbcore: registered new interface driver hiddev
Sep 29 16:37:40 localhost kernel: usbcore: registered new interface driver usbhid
Sep 29 16:37:40 localhost kernel: usbhid: v2.6:USB HID core driver
Sep 29 16:37:40 localhost kernel: GRE over IPv4 demultiplexor driver
Sep 29 16:37:40 localhost kernel: TCP cubic registered
Sep 29 16:37:40 localhost kernel: Initializing XFRM netlink socket
Sep 29 16:37:40 localhost kernel: NET: Registered protocol family 17
Sep 29 16:37:40 localhost kernel: Using IPI No-Shortcut mode
Sep 29 16:37:40 localhost kernel: registered taskstats version 1
Sep 29 16:37:40 localhost kernel: rtc_cmos 00:05: setting system clock to 2016-09-29 16:37:23 UTC (1475167043)
Sep 29 16:37:40 localhost kernel: Initalizing network drop monitor service
Sep 29 16:37:40 localhost kernel: Freeing unused kernel memory: 556k freed
Sep 29 16:37:40 localhost kernel: Write protecting the kernel text: 4616k
Sep 29 16:37:40 localhost kernel: Write protecting the kernel read-only data: 1992k
Sep 29 16:37:40 localhost kernel: dracut: dracut-004-409.el6_8.2
Sep 29 16:37:40 localhost kernel: dracut: rd_NO_LUKS: removing cryptoluks activation
Sep 29 16:37:40 localhost kernel: dracut: rd_NO_LVM: removing LVM activation
Sep 29 16:37:40 localhost kernel: input: AT Translated Set 2 keyboard as /devices/platform/i8042/serio0/input/input5
Sep 29 16:37:40 localhost kernel: device-mapper: uevent: version 1.0.3
Sep 29 16:37:40 localhost kernel: device-mapper: ioctl: 4.33.1-ioctl (2015-8-18) initialised: dm-devel@redhat.com
Sep 29 16:37:40 localhost kernel: udev: starting version 147
Sep 29 16:37:40 localhost kernel: usb 1-1: new high speed USB device number 2 using ehci_hcd
Sep 29 16:37:40 localhost kernel: Refined TSC clocksource calibration: 1696.073 MHz.
Sep 29 16:37:40 localhost kernel: Switching to clocksource tsc
Sep 29 16:37:40 localhost kernel: [drm] Initialized drm 1.1.0 20060810
Sep 29 16:37:40 localhost kernel: usb 1-1: New USB device found, idVendor=8087, idProduct=8001
Sep 29 16:37:40 localhost kernel: usb 1-1: New USB device strings: Mfr=0, Product=0, SerialNumber=0
Sep 29 16:37:40 localhost kernel: usb 1-1: configuration #1 chosen from 1 choice
Sep 29 16:37:40 localhost kernel: hub 1-1:1.0: USB hub found
Sep 29 16:37:40 localhost kernel: hub 1-1:1.0: 8 ports detected
Sep 29 16:37:40 localhost kernel: i915 0000:00:02.0: can't derive routing for PCI INT A
Sep 29 16:37:40 localhost kernel: i915 0000:00:02.0: PCI INT A: no GSI
Sep 29 16:37:40 localhost kernel: [drm] Memory usable by graphics device = 2048M
Sep 29 16:37:40 localhost kernel: [drm] Supports vblank timestamp caching Rev 2 (21.10.2013).
Sep 29 16:37:40 localhost kernel: [drm] Driver supports precise vblank timestamp query.
Sep 29 16:37:40 localhost kernel: vgaarb: device changed decodes: PCI:0000:00:02.0,olddecodes=io+mem,decodes=io+mem:owns=io+mem
Sep 29 16:37:40 localhost kernel: ACPI: Video Device [GFX0] (multi-head: yes  rom: no  post: no)
Sep 29 16:37:40 localhost kernel: input: Video Bus as /devices/LNXSYSTM:00/LNXSYBUS:00/PNP0A08:00/LNXVIDEO:00/input/input6
Sep 29 16:37:40 localhost kernel: [drm] Initialized i915 1.6.0 20151010 for 0000:00:02.0 on minor 0
Sep 29 16:37:40 localhost kernel: fbcon: inteldrmfb (fb0) is primary device
Sep 29 16:37:40 localhost kernel: Synaptics queried max coordinates: x [..5662], y [..4642]
Sep 29 16:37:40 localhost kernel: Synaptics queried min coordinates: x [1322..], y [1276..]
Sep 29 16:37:40 localhost kernel: Touchpad model: 1, fw: 8.1, id: 0x1e2a1, caps: 0xf40223/0x840300/0x12e800, board id: 3108, fw id: 1774117
Sep 29 16:37:40 localhost kernel: input: SynPS/2 Synaptics TouchPad as /devices/platform/i8042/serio1/input/input7
Sep 29 16:37:40 localhost kernel: Console: switching to colour frame buffer device 170x48
Sep 29 16:37:40 localhost kernel: i915 0000:00:02.0: fb0: inteldrmfb frame buffer device
Sep 29 16:37:40 localhost kernel: ACPI: WMI: Mapper loaded
Sep 29 16:37:40 localhost kernel: dracut: Starting plymouth daemon
Sep 29 16:37:40 localhost kernel: dracut: rd_NO_DM: removing DM RAID activation
Sep 29 16:37:40 localhost kernel: dracut: rd_NO_MD: removing MD RAID activation
Sep 29 16:37:40 localhost kernel: ahci 0000:00:1f.2: PCI INT B -> GSI 19 (level, low) -> IRQ 19
Sep 29 16:37:40 localhost kernel: ahci 0000:00:1f.2: AHCI 0001.0300 32 slots 2 ports 6 Gbps 0x3 impl SATA mode
Sep 29 16:37:40 localhost kernel: ahci 0000:00:1f.2: flags: 64bit ncq pm led clo only pio slum part apst 
Sep 29 16:37:40 localhost kernel: scsi0 : ahci
Sep 29 16:37:40 localhost kernel: scsi1 : ahci
Sep 29 16:37:40 localhost kernel: ata1: SATA max UDMA/133 abar m2048@0xf7219000 port 0xf7219100 irq 43
Sep 29 16:37:40 localhost kernel: ata2: SATA max UDMA/133 abar m2048@0xf7219000 port 0xf7219180 irq 43
Sep 29 16:37:40 localhost kernel: ata1: SATA link up 1.5 Gbps (SStatus 113 SControl 300)
Sep 29 16:37:40 localhost kernel: ata2: SATA link up 1.5 Gbps (SStatus 113 SControl 300)
Sep 29 16:37:40 localhost kernel: ata2.00: ATAPI: PLDS DVD+/-RW DU-8A5LH, DD11, max UDMA/133, ATAPI AN
Sep 29 16:37:40 localhost kernel: ata2.00: configured for UDMA/133
Sep 29 16:37:40 localhost kernel: ata1.00: ATA-8: WDC WD800BEVS-26UST0, 01.01A01, max UDMA/133
Sep 29 16:37:40 localhost kernel: ata1.00: 156301488 sectors, multi 16: LBA48 NCQ (depth 31/32), AA
Sep 29 16:37:40 localhost kernel: ata1.00: configured for UDMA/133
Sep 29 16:37:40 localhost kernel: scsi 0:0:0:0: Direct-Access     ATA      WDC WD800BEVS-26 1A01 PQ: 0 ANSI: 5
Sep 29 16:37:40 localhost kernel: scsi 1:0:0:0: CD-ROM            PLDS     DVD+-RW DU-8A5LH DD11 PQ: 0 ANSI: 5
Sep 29 16:37:40 localhost kernel: xhci_hcd 0000:00:14.0: power state changed by ACPI to D0
Sep 29 16:37:40 localhost kernel: xhci_hcd 0000:00:14.0: power state changed by ACPI to D0
Sep 29 16:37:40 localhost kernel: xhci_hcd 0000:00:14.0: PCI INT A -> GSI 21 (level, low) -> IRQ 21
Sep 29 16:37:40 localhost kernel: xhci_hcd 0000:00:14.0: xHCI Host Controller
Sep 29 16:37:40 localhost kernel: xhci_hcd 0000:00:14.0: new USB bus registered, assigned bus number 2
Sep 29 16:37:40 localhost kernel: usb usb2: New USB device found, idVendor=1d6b, idProduct=0002
Sep 29 16:37:40 localhost kernel: usb usb2: New USB device strings: Mfr=3, Product=2, SerialNumber=1
Sep 29 16:37:40 localhost kernel: usb usb2: Product: xHCI Host Controller
Sep 29 16:37:40 localhost kernel: usb usb2: Manufacturer: Linux 2.6.32-642.3.1.el6.i686 xhci_hcd
Sep 29 16:37:40 localhost kernel: usb usb2: SerialNumber: 0000:00:14.0
Sep 29 16:37:40 localhost kernel: usb usb2: configuration #1 chosen from 1 choice
Sep 29 16:37:40 localhost kernel: hub 2-0:1.0: USB hub found
Sep 29 16:37:40 localhost kernel: hub 2-0:1.0: 11 ports detected
Sep 29 16:37:40 localhost kernel: xhci_hcd 0000:00:14.0: xHCI Host Controller
Sep 29 16:37:40 localhost kernel: xhci_hcd 0000:00:14.0: new USB bus registered, assigned bus number 3
Sep 29 16:37:40 localhost kernel: usb usb3: config 1 interface 0 altsetting 0 endpoint 0x81 has no SuperSpeed companion descriptor
Sep 29 16:37:40 localhost kernel: usb usb3: New USB device found, idVendor=1d6b, idProduct=0003
Sep 29 16:37:40 localhost kernel: usb usb3: New USB device strings: Mfr=3, Product=2, SerialNumber=1
Sep 29 16:37:40 localhost kernel: usb usb3: Product: xHCI Host Controller
Sep 29 16:37:40 localhost kernel: usb usb3: Manufacturer: Linux 2.6.32-642.3.1.el6.i686 xhci_hcd
Sep 29 16:37:40 localhost kernel: usb usb3: SerialNumber: 0000:00:14.0
Sep 29 16:37:40 localhost kernel: usb usb3: configuration #1 chosen from 1 choice
Sep 29 16:37:40 localhost kernel: hub 3-0:1.0: USB hub found
Sep 29 16:37:40 localhost kernel: hub 3-0:1.0: 4 ports detected
Sep 29 16:37:40 localhost kernel: sd 0:0:0:0: [sda] 156301488 512-byte logical blocks: (80.0 GB/74.5 GiB)
Sep 29 16:37:40 localhost kernel: sd 0:0:0:0: [sda] Write Protect is off
Sep 29 16:37:40 localhost kernel: sd 0:0:0:0: [sda] Write cache: enabled, read cache: enabled, doesn't support DPO or FUA
Sep 29 16:37:40 localhost kernel: sda: sda1 sda2 sda3
Sep 29 16:37:40 localhost kernel: sd 0:0:0:0: [sda] Attached SCSI disk
Sep 29 16:37:40 localhost kernel: sr0: scsi3-mmc drive: 24x/24x writer dvd-ram cd/rw xa/form2 cdda tray
Sep 29 16:37:40 localhost kernel: Uniform CD-ROM driver Revision: 3.20
Sep 29 16:37:40 localhost kernel: usb 2-2: new low speed USB device number 2 using xhci_hcd
Sep 29 16:37:40 localhost kernel: usb 2-2: New USB device found, idVendor=093a, idProduct=2510
Sep 29 16:37:40 localhost kernel: usb 2-2: New USB device strings: Mfr=1, Product=2, SerialNumber=0
Sep 29 16:37:40 localhost kernel: usb 2-2: Product: USB Optical Mouse
Sep 29 16:37:40 localhost kernel: usb 2-2: Manufacturer: PixArt
Sep 29 16:37:40 localhost kernel: usb 2-2: configuration #1 chosen from 1 choice
Sep 29 16:37:40 localhost kernel: usb 2-2: ep 0x81 - rounding interval to 64 microframes, ep desc says 80 microframes
Sep 29 16:37:40 localhost kernel: input: PixArt USB Optical Mouse as /devices/pci0000:00/0000:00:14.0/usb2/2-2/2-2:1.0/input/input8
Sep 29 16:37:40 localhost kernel: generic-usb 0003:093A:2510.0001: input,hidraw0: USB HID v1.11 Mouse [PixArt USB Optical Mouse] on usb-0000:00:14.0-2/input0
Sep 29 16:37:40 localhost kernel: usb 2-5: new high speed USB device number 3 using xhci_hcd
Sep 29 16:37:40 localhost kernel: usb 2-5: New USB device found, idVendor=064e, idProduct=9209
Sep 29 16:37:40 localhost kernel: usb 2-5: New USB device strings: Mfr=3, Product=1, SerialNumber=2
Sep 29 16:37:40 localhost kernel: usb 2-5: Product: Integrated_Webcam_HD
Sep 29 16:37:40 localhost kernel: usb 2-5: Manufacturer: SuYin
Sep 29 16:37:40 localhost kernel: usb 2-5: SerialNumber: HF1026-T838-HN01-C-REV4261
Sep 29 16:37:40 localhost kernel: usb 2-5: configuration #1 chosen from 1 choice
Sep 29 16:37:40 localhost kernel: usb 2-6: new full speed USB device number 4 using xhci_hcd
Sep 29 16:37:40 localhost kernel: usb 2-6: New USB device found, idVendor=8087, idProduct=07dc
Sep 29 16:37:40 localhost kernel: usb 2-6: New USB device strings: Mfr=0, Product=0, SerialNumber=0
Sep 29 16:37:40 localhost kernel: usb 2-6: configuration #1 chosen from 1 choice
Sep 29 16:37:40 localhost kernel: usb 2-8: new high speed USB device number 5 using xhci_hcd
Sep 29 16:37:40 localhost kernel: usb 2-8: New USB device found, idVendor=0bda, idProduct=0129
Sep 29 16:37:40 localhost kernel: usb 2-8: New USB device strings: Mfr=1, Product=2, SerialNumber=3
Sep 29 16:37:40 localhost kernel: usb 2-8: Product: USB2.0-CRW
Sep 29 16:37:40 localhost kernel: usb 2-8: Manufacturer: Generic
Sep 29 16:37:40 localhost kernel: usb 2-8: SerialNumber: 20100201396000000
Sep 29 16:37:40 localhost kernel: usb 2-8: configuration #1 chosen from 1 choice
Sep 29 16:37:40 localhost kernel: EXT4-fs (sda2): mounted filesystem with ordered data mode. Opts: 
Sep 29 16:37:40 localhost kernel: dracut: Mounted root filesystem /dev/sda2
Sep 29 16:37:40 localhost kernel: SELinux:  Disabled at runtime.
Sep 29 16:37:40 localhost kernel: type=1404 audit(1475167048.431:2): selinux=0 auid=4294967295 ses=4294967295
Sep 29 16:37:40 localhost kernel: dracut: 
Sep 29 16:37:40 localhost kernel: dracut: Switching root
Sep 29 16:37:40 localhost kernel: udev: starting version 147
Sep 29 16:37:40 localhost kernel: snd_hda_intel 0000:00:03.0: PCI INT A -> GSI 16 (level, low) -> IRQ 16
Sep 29 16:37:40 localhost kernel: snd_hda_intel 0000:00:03.0: bound 0000:00:02.0 (ops i915_audio_component_bind_ops)
Sep 29 16:37:40 localhost kernel: snd_hda_intel 0000:00:1b.0: PCI INT A -> GSI 22 (level, low) -> IRQ 22
Sep 29 16:37:40 localhost kernel: input: HDA Intel HDMI HDMI/DP,pcm=3 as /devices/pci0000:00/0000:00:03.0/sound/card0/input9
Sep 29 16:37:40 localhost kernel: input: HDA Intel HDMI HDMI/DP,pcm=7 as /devices/pci0000:00/0000:00:03.0/sound/card0/input10
Sep 29 16:37:40 localhost kernel: input: HDA Intel HDMI HDMI/DP,pcm=8 as /devices/pci0000:00/0000:00:03.0/sound/card0/input11
Sep 29 16:37:40 localhost kernel: i801_smbus 0000:00:1f.3: PCI INT C -> GSI 18 (level, low) -> IRQ 18
Sep 29 16:37:40 localhost kernel: ACPI Warning: SystemIO range 0x0000f040-0x0000f05f conflicts with OpRegion 0x0000f040-0x0000f04f (\_SB_.PCI0.SBUS.SMBI) (20090903/utaddress-254)
Sep 29 16:37:40 localhost kernel: ACPI: If an ACPI driver is available for this device, you should use it instead of the native driver
Sep 29 16:37:40 localhost kernel: sound hdaudioC1D0: autoconfig for ALC3234: line_outs=1 (0x14/0x0/0x0/0x0/0x0) type:speaker
Sep 29 16:37:40 localhost kernel: sound hdaudioC1D0:    speaker_outs=0 (0x0/0x0/0x0/0x0/0x0)
Sep 29 16:37:40 localhost kernel: sound hdaudioC1D0:    hp_outs=1 (0x21/0x0/0x0/0x0/0x0)
Sep 29 16:37:40 localhost kernel: sound hdaudioC1D0:    mono: mono_out=0x0
Sep 29 16:37:40 localhost kernel: sound hdaudioC1D0:    inputs:
Sep 29 16:37:40 localhost kernel: sound hdaudioC1D0:      Headset Mic=0x19
Sep 29 16:37:40 localhost kernel: sound hdaudioC1D0:      Headphone Mic=0x1a
Sep 29 16:37:40 localhost kernel: sound hdaudioC1D0:      Internal Mic=0x12
Sep 29 16:37:40 localhost kernel: input: HDA Intel PCH Headphone Mic as /devices/pci0000:00/0000:00:1b.0/sound/card1/input12
Sep 29 16:37:40 localhost kernel: Linux video capture interface: v2.00
Sep 29 16:37:40 localhost kernel: uvcvideo: Found UVC 1.00 device Integrated_Webcam_HD (064e:9209)
Sep 29 16:37:40 localhost kernel: input: Integrated_Webcam_HD as /devices/pci0000:00/0000:00:14.0/usb2/2-5/2-5:1.0/input/input13
Sep 29 16:37:40 localhost kernel: usbcore: registered new interface driver uvcvideo
Sep 29 16:37:40 localhost kernel: USB Video Class driver (v1.0.0)
Sep 29 16:37:40 localhost kernel: Bluetooth: Core ver 2.15
Sep 29 16:37:40 localhost kernel: NET: Registered protocol family 31
Sep 29 16:37:40 localhost kernel: Bluetooth: HCI device and connection manager initialized
Sep 29 16:37:40 localhost kernel: Bluetooth: HCI socket layer initialized
Sep 29 16:37:40 localhost kernel: Bluetooth: Generic Bluetooth USB driver ver 0.6
Sep 29 16:37:40 localhost kernel: usbcore: registered new interface driver btusb
Sep 29 16:37:40 localhost kernel: usbcore: registered new interface driver rtsx_usb
Sep 29 16:37:40 localhost kernel: sd 0:0:0:0: Attached scsi generic sg0 type 0
Sep 29 16:37:40 localhost kernel: sr 1:0:0:0: Attached scsi generic sg1 type 5
Sep 29 16:37:40 localhost kernel: dcdbas dcdbas: Dell Systems Management Base Driver (version 5.6.0-3.2)
Sep 29 16:37:40 localhost kernel: Intel(R) Wireless WiFi driver for Linux
Sep 29 16:37:40 localhost kernel: Copyright(c) 2003- 2015 Intel Corporation
Sep 29 16:37:40 localhost kernel: iwlwifi 0000:06:00.0: PCI INT A -> GSI 18 (level, low) -> IRQ 18
Sep 29 16:37:40 localhost kernel: iwlwifi 0000:06:00.0: firmware: requesting iwlwifi-3160-17.ucode
Sep 29 16:37:40 localhost kernel: iwlwifi 0000:06:00.0: firmware: requesting iwlwifi-3160-16.ucode
Sep 29 16:37:40 localhost kernel: r8169 Gigabit Ethernet driver 2.3LK-NAPI loaded
Sep 29 16:37:40 localhost kernel: r8169 0000:07:00.0: PCI INT A -> GSI 19 (level, low) -> IRQ 19
Sep 29 16:37:40 localhost kernel: r8169 0000:07:00.0: eth0: RTL8168g/8111g at 0xf93d0000, 28:f1:0e:12:85:de, XID 0c000800 IRQ 48
Sep 29 16:37:40 localhost kernel: r8169 0000:07:00.0: eth0: jumbo features [frames: 9200 bytes, tx checksumming: ko]
Sep 29 16:37:40 localhost kernel: iTCO_vendor_support: vendor-support=0
Sep 29 16:37:40 localhost kernel: iTCO_wdt: Intel TCO WatchDog Timer Driver v1.11rh
Sep 29 16:37:40 localhost kernel: iTCO_wdt: Found a Lynx Point_LP TCO device (Version=2, TCOBASE=0x1860)
Sep 29 16:37:40 localhost kernel: iTCO_wdt: initialized. heartbeat=30 sec (nowayout=0)
Sep 29 16:37:40 localhost kernel: iwlwifi 0000:06:00.0: loaded firmware version 16.242414.0 op_mode iwlmvm
Sep 29 16:37:40 localhost kernel: udev: renamed network interface eth0 to p4p2
Sep 29 16:37:40 localhost kernel: Registered led device: mmc0::
Sep 29 16:37:40 localhost kernel: NET: Registered protocol family 10
Sep 29 16:37:40 localhost kernel: lo: Disabled Privacy Extensions
Sep 29 16:37:40 localhost kernel: microcode: CPU0 sig=0x306d4, pf=0x40, revision=0x22
Sep 29 16:37:40 localhost kernel: platform microcode: firmware: requesting intel-ucode/06-3d-04
Sep 29 16:37:40 localhost kernel: microcode: CPU1 sig=0x306d4, pf=0x40, revision=0x22
Sep 29 16:37:40 localhost kernel: platform microcode: firmware: requesting intel-ucode/06-3d-04
Sep 29 16:37:40 localhost kernel: Microcode Update Driver: v2.00 <tigran@aivazian.fsnet.co.uk>, Peter Oruba
Sep 29 16:37:40 localhost kernel: iwlwifi 0000:06:00.0: Detected Intel(R) Dual Band Wireless AC 3160, REV=0x164
Sep 29 16:37:40 localhost kernel: iwlwifi 0000:06:00.0: L1 Disabled - LTR Enabled
Sep 29 16:37:40 localhost kernel: iwlwifi 0000:06:00.0: L1 Disabled - LTR Enabled
Sep 29 16:37:40 localhost kernel: Registered led device: phy0-led
Sep 29 16:37:40 localhost kernel: udev: renamed network interface wlan0 to wlan8
Sep 29 16:37:40 localhost kernel: cfg80211: World regulatory domain updated:
Sep 29 16:37:40 localhost kernel: cfg80211:  DFS Master region: unset
Sep 29 16:37:40 localhost kernel: cfg80211:   (start_freq - end_freq @ bandwidth), (max_antenna_gain, max_eirp), (dfs_cac_time)
Sep 29 16:37:40 localhost kernel: cfg80211:   (2402000 KHz - 2472000 KHz @ 40000 KHz), (N/A, 2000 mBm), (N/A)
Sep 29 16:37:40 localhost kernel: cfg80211:   (2457000 KHz - 2482000 KHz @ 40000 KHz), (N/A, 2000 mBm), (N/A)
Sep 29 16:37:40 localhost kernel: cfg80211:   (2474000 KHz - 2494000 KHz @ 20000 KHz), (N/A, 2000 mBm), (N/A)
Sep 29 16:37:40 localhost kernel: cfg80211:   (5170000 KHz - 5250000 KHz @ 80000 KHz, 160000 KHz AUTO), (N/A, 2000 mBm), (N/A)
Sep 29 16:37:40 localhost kernel: cfg80211:   (5250000 KHz - 5330000 KHz @ 80000 KHz, 160000 KHz AUTO), (N/A, 2000 mBm), (0 s)
Sep 29 16:37:40 localhost kernel: cfg80211:   (5490000 KHz - 5730000 KHz @ 160000 KHz), (N/A, 2000 mBm), (0 s)
Sep 29 16:37:40 localhost kernel: cfg80211:   (5735000 KHz - 5835000 KHz @ 80000 KHz), (N/A, 2000 mBm), (N/A)
Sep 29 16:37:40 localhost kernel: cfg80211:   (57240000 KHz - 63720000 KHz @ 2160000 KHz), (N/A, 0 mBm), (N/A)
Sep 29 16:37:40 localhost kernel: cfg80211: Regulatory domain changed to country: JP
Sep 29 16:37:40 localhost kernel: cfg80211:  DFS Master region: JP
Sep 29 16:37:40 localhost kernel: cfg80211:   (start_freq - end_freq @ bandwidth), (max_antenna_gain, max_eirp), (dfs_cac_time)
Sep 29 16:37:40 localhost kernel: cfg80211:   (2402000 KHz - 2482000 KHz @ 40000 KHz), (N/A, 2000 mBm), (N/A)
Sep 29 16:37:40 localhost kernel: cfg80211:   (2474000 KHz - 2494000 KHz @ 20000 KHz), (N/A, 2000 mBm), (N/A)
Sep 29 16:37:40 localhost kernel: cfg80211:   (4910000 KHz - 4990000 KHz @ 40000 KHz), (N/A, 2300 mBm), (N/A)
Sep 29 16:37:40 localhost kernel: cfg80211:   (5030000 KHz - 5090000 KHz @ 40000 KHz), (N/A, 2300 mBm), (N/A)
Sep 29 16:37:40 localhost kernel: cfg80211:   (5170000 KHz - 5250000 KHz @ 80000 KHz, 160000 KHz AUTO), (N/A, 2000 mBm), (N/A)
Sep 29 16:37:40 localhost kernel: cfg80211:   (5250000 KHz - 5330000 KHz @ 80000 KHz, 160000 KHz AUTO), (N/A, 2000 mBm), (0 s)
Sep 29 16:37:40 localhost kernel: cfg80211:   (5490000 KHz - 5710000 KHz @ 160000 KHz), (N/A, 2300 mBm), (0 s)
Sep 29 16:37:40 localhost kernel: cfg80211:   (59000000 KHz - 66000000 KHz @ 2160000 KHz), (N/A, 1000 mBm), (N/A)
Sep 29 16:37:40 localhost kernel: EXT4-fs (sda1): mounted filesystem with ordered data mode. Opts: 
Sep 29 16:37:40 localhost kernel: Adding 8143868k swap on /dev/sda3.  Priority:-1 extents:1 across:8143868k 
Sep 29 16:37:40 localhost kernel: ip6_tables: (C) 2000-2006 Netfilter Core Team
Sep 29 16:37:40 localhost kernel: nf_conntrack version 0.5.0 (16384 buckets, 65536 max)
Sep 29 16:37:40 localhost kernel: type=1305 audit(1475134659.596:3): audit_pid=1952 old=0 auid=4294967295 ses=4294967295 res=1
Sep 29 16:37:40 localhost cpuspeed: Enabling ondemand cpu frequency scaling governor
Sep 29 16:37:40 localhost lldpad: bound ctrl iface to /com/intel/lldpad
Sep 29 16:37:41 localhost kernel: 802.1Q VLAN Support v1.8 Ben Greear <greearb@candelatech.com>
Sep 29 16:37:41 localhost kernel: All bugs added by David S. Miller <davem@redhat.com>
Sep 29 16:37:41 localhost kernel: cnic: QLogic cnicDriver v2.5.22 (July 20, 2015)
Sep 29 16:37:41 localhost kernel: bnx2fc: QLogic FCoE Driver bnx2fc v2.9.6 (October 15, 2015)
Sep 29 16:37:42 localhost NetworkManager[2161]: <info> NetworkManager (version 0.8.1-107.el6) is starting...
Sep 29 16:37:42 localhost NetworkManager[2161]: <info> Read config file /etc/NetworkManager/NetworkManager.conf
Sep 29 16:37:42 localhost NetworkManager[2161]: <info> trying to start the modem manager...
Sep 29 16:37:42 localhost modem-manager: ModemManager (version 0.4.0-5.git20100628.el6) starting...
Sep 29 16:37:42 localhost modem-manager: Loaded plugin Novatel
Sep 29 16:37:42 localhost modem-manager: Loaded plugin Ericsson MBM
Sep 29 16:37:42 localhost modem-manager: Loaded plugin Option
Sep 29 16:37:42 localhost modem-manager: Loaded plugin Gobi
Sep 29 16:37:42 localhost modem-manager: Loaded plugin Huawei
Sep 29 16:37:42 localhost modem-manager: Loaded plugin Nokia
Sep 29 16:37:42 localhost modem-manager: Loaded plugin Longcheer
Sep 29 16:37:42 localhost modem-manager: Loaded plugin Option High-Speed
Sep 29 16:37:42 localhost modem-manager: Loaded plugin Generic
Sep 29 16:37:42 localhost modem-manager: Loaded plugin AnyData
Sep 29 16:37:42 localhost modem-manager: Loaded plugin Sierra
Sep 29 16:37:42 localhost modem-manager: Loaded plugin MotoC
Sep 29 16:37:42 localhost modem-manager: Loaded plugin SimTech
Sep 29 16:37:42 localhost modem-manager: Loaded plugin ZTE
Sep 29 16:37:42 localhost avahi-daemon[2176]: Found user 'avahi' (UID 70) and group 'avahi' (GID 70).
Sep 29 16:37:42 localhost avahi-daemon[2176]: Successfully dropped root privileges.
Sep 29 16:37:42 localhost avahi-daemon[2176]: avahi-daemon 0.6.25 starting up.
Sep 29 16:37:42 localhost avahi-daemon[2176]: Successfully called chroot().
Sep 29 16:37:42 localhost avahi-daemon[2176]: Successfully dropped remaining capabilities.
Sep 29 16:37:42 localhost avahi-daemon[2176]: Loading service file /services/ssh.service.
Sep 29 16:37:42 localhost avahi-daemon[2176]: System host name is set to 'localhost'. This is not a suitable mDNS host name, looking for alternatives.
Sep 29 16:37:42 localhost avahi-daemon[2176]: Network interface enumeration completed.
Sep 29 16:37:42 localhost avahi-daemon[2176]: Registering HINFO record with values 'I686'/'LINUX'.
Sep 29 16:37:42 localhost avahi-daemon[2176]: Server startup complete. Host name is linux.local. Local service cookie is 2884983590.
Sep 29 16:37:42 localhost avahi-daemon[2176]: Service "linux" (/services/ssh.service) successfully established.
Sep 29 16:37:42 localhost NetworkManager[2161]: <info> monitoring kernel firmware directory '/lib/firmware'.
Sep 29 16:37:42 localhost NetworkManager[2161]: <info> Bonding/Bridging/VLAN support disabled
Sep 29 16:37:42 localhost NetworkManager[2161]:    ifcfg-rh: Acquired D-Bus service com.redhat.ifcfgrh1
Sep 29 16:37:42 localhost NetworkManager[2161]: <info> Loaded plugin ifcfg-rh: (c) 2007 - 2008 Red Hat, Inc.  To report bugs please use the NetworkManager mailing list.
Sep 29 16:37:43 localhost NetworkManager[2161]: <info> Loaded plugin keyfile: (c) 2007 - 2008 Red Hat, Inc.  To report bugs please use the NetworkManager mailing list.
Sep 29 16:37:43 localhost NetworkManager[2161]: <info> Loaded plugin ibft: (c) 2015 Red Hat, Inc.  To report bugs please use the NetworkManager mailing list.
Sep 29 16:37:43 localhost NetworkManager[2161]:    ifcfg-rh: parsing /etc/sysconfig/network-scripts/ifcfg-Auto_00268710D19D_2nd ... 
Sep 29 16:37:43 localhost NetworkManager[2161]:    ifcfg-rh:     read connection 'Auto 00268710D19D_2nd'
Sep 29 16:37:43 localhost NetworkManager[2161]:    ifcfg-rh: parsing /etc/sysconfig/network-scripts/ifcfg-Auto_elecom2g-b91d78 ... 
Sep 29 16:37:43 localhost NetworkManager[2161]:    ifcfg-rh:     read connection 'Auto elecom2g-b91d78'
Sep 29 16:37:43 localhost NetworkManager[2161]:    ifcfg-rh: parsing /etc/sysconfig/network-scripts/ifcfg-Auto_WARPSTAR-3F49E8-GW ... 
Sep 29 16:37:43 localhost NetworkManager[2161]:    ifcfg-rh:     read connection 'Auto WARPSTAR-3F49E8-GW'
Sep 29 16:37:43 localhost NetworkManager[2161]:    ifcfg-rh: parsing /etc/sysconfig/network-scripts/ifcfg-eth0 ... 
Sep 29 16:37:43 localhost NetworkManager[2161]:    ifcfg-rh:     read connection 'System eth0'
Sep 29 16:37:43 localhost NetworkManager[2161]:    ifcfg-rh: parsing /etc/sysconfig/network-scripts/ifcfg-lo ... 
Sep 29 16:37:43 localhost rpc.statd[2199]: Version 1.2.3 starting
Sep 29 16:37:43 localhost NetworkManager[2161]: <info> rfkill3: found WiFi radio killswitch (at /sys/devices/pci0000:00/0000:00:1c.2/0000:06:00.0/ieee80211/phy0/rfkill3) (driver iwlwifi)
Sep 29 16:37:43 localhost NetworkManager[2161]: <info> rfkill1: found WiFi radio killswitch (at /sys/devices/platform/dell-laptop/rfkill/rfkill1) (platform driver dell-laptop)
Sep 29 16:37:43 localhost NetworkManager[2161]: <info> WiFi hardware radio set enabled
Sep 29 16:37:43 localhost sm-notify[2200]: Version 1.2.3 starting
Sep 29 16:37:43 localhost NetworkManager[2161]: <info> WiFi enabled by radio killswitch; enabled by state file
Sep 29 16:37:43 localhost NetworkManager[2161]: <info> WWAN enabled by radio killswitch; enabled by state file
Sep 29 16:37:43 localhost NetworkManager[2161]: <info> WiMAX enabled by radio killswitch; enabled by state file
Sep 29 16:37:43 localhost NetworkManager[2161]: <info> Networking is enabled by state file
Sep 29 16:37:43 localhost NetworkManager[2161]: <info> (wlan8): driver supports SSID scans (scan_capa 0x01).
Sep 29 16:37:43 localhost NetworkManager[2161]: <info> (wlan8): new 802.11 WiFi device (driver: 'iwlwifi' ifindex: 3)
Sep 29 16:37:43 localhost NetworkManager[2161]: <info> (wlan8): exported as /org/freedesktop/NetworkManager/Devices/0
Sep 29 16:37:43 localhost NetworkManager[2161]: <info> (wlan8): now managed
Sep 29 16:37:43 localhost NetworkManager[2161]: <info> (wlan8): device state change: unmanaged -> unavailable (reason 'managed') [1 2 2]
Sep 29 16:37:43 localhost NetworkManager[2161]: <info> (wlan8): bringing up device.
Sep 29 16:37:43 localhost kernel: iwlwifi 0000:06:00.0: L1 Disabled - LTR Enabled
Sep 29 16:37:43 localhost kernel: iwlwifi 0000:06:00.0: L1 Disabled - LTR Enabled
Sep 29 16:37:43 localhost kernel: iwlwifi 0000:06:00.0: L1 Disabled - LTR Enabled
Sep 29 16:37:43 localhost kernel: iwlwifi 0000:06:00.0: L1 Disabled - LTR Enabled
Sep 29 16:37:43 localhost kernel: ADDRCONF(NETDEV_UP): wlan8: link is not ready
Sep 29 16:37:43 localhost NetworkManager[2161]: <info> (wlan8): preparing device.
Sep 29 16:37:43 localhost NetworkManager[2161]: <info> (wlan8): deactivating device (reason 'managed') [2]
Sep 29 16:37:43 localhost NetworkManager[2161]: supplicant_interface_acquire: assertion `mgr_state == NM_SUPPLICANT_MANAGER_STATE_IDLE' failed
Sep 29 16:37:43 localhost NetworkManager[2161]: <info> (p4p2): carrier is OFF
Sep 29 16:37:43 localhost NetworkManager[2161]: <info> (p4p2): new Ethernet device (driver: 'r8169' ifindex: 2)
Sep 29 16:37:43 localhost NetworkManager[2161]: <info> (p4p2): exported as /org/freedesktop/NetworkManager/Devices/1
Sep 29 16:37:43 localhost NetworkManager[2161]: <info> (p4p2): now managed
Sep 29 16:37:43 localhost NetworkManager[2161]: <info> (p4p2): device state change: unmanaged -> unavailable (reason 'managed') [1 2 2]
Sep 29 16:37:43 localhost NetworkManager[2161]: <info> (p4p2): bringing up device.
Sep 29 16:37:43 localhost kernel: r8169 0000:07:00.0: firmware: requesting rtl_nic/rtl8168g-2.fw
Sep 29 16:37:43 localhost NetworkManager[2161]: <info> (p4p2): preparing device.
Sep 29 16:37:43 localhost kernel: r8169 0000:07:00.0: p4p2: link down
Sep 29 16:37:43 localhost kernel: r8169 0000:07:00.0: p4p2: link down
