Oct  3 04:02:02 localhost rsyslogd: [origin software="rsyslogd" swVersion="5.8.10" x-pid="2054" x-info="http://www.rsyslog.com"] rsyslogd was HUPed
Oct  3 04:59:32 localhost kernel: r8169 0000:07:00.0: p4p2: link up
Oct  3 04:59:32 localhost kernel: ADDRCONF(NETDEV_CHANGE): p4p2: link becomes ready
Oct  3 04:59:32 localhost NetworkManager[2231]: <info> (p4p2): carrier now ON (device state 2)
Oct  3 04:59:32 localhost NetworkManager[2231]: <info> (p4p2): device state change: unavailable -> disconnected (reason 'carrier-chagned') [2 3 40]
Oct  3 04:59:32 localhost NetworkManager[2231]: <info> Auto-activating connection 'Auto p4p2-2'.
Oct  3 04:59:32 localhost NetworkManager[2231]: <info> Activation (p4p2) starting connection 'Auto p4p2-2'
Oct  3 04:59:32 localhost NetworkManager[2231]: <info> (p4p2): device state change: disconnected -> prepare (reason 'none') [3 4 0]
Oct  3 04:59:32 localhost NetworkManager[2231]: <info> Activation (p4p2) Stage 1 of 5 (Device Prepare) scheduled...
Oct  3 04:59:32 localhost NetworkManager[2231]: <info> Activation (p4p2) Stage 1 of 5 (Device Prepare) started...
Oct  3 04:59:32 localhost NetworkManager[2231]: <info> Activation (p4p2) Stage 2 of 5 (Device Configure) scheduled...
Oct  3 04:59:32 localhost NetworkManager[2231]: <info> Activation (p4p2) Stage 1 of 5 (Device Prepare) complete.
Oct  3 04:59:32 localhost NetworkManager[2231]: <info> Activation (p4p2) Stage 2 of 5 (Device Configure) starting...
Oct  3 04:59:32 localhost NetworkManager[2231]: <info> (p4p2): device state change: prepare -> config (reason 'none') [4 5 0]
Oct  3 04:59:32 localhost NetworkManager[2231]: <info> Activation (p4p2) Stage 2 of 5 (Device Configure) successful.
Oct  3 04:59:32 localhost NetworkManager[2231]: <info> Activation (p4p2) Stage 3 of 5 (IP Configure Start) scheduled.
Oct  3 04:59:32 localhost NetworkManager[2231]: <info> Activation (p4p2) Stage 2 of 5 (Device Configure) complete.
Oct  3 04:59:32 localhost NetworkManager[2231]: <info> Activation (p4p2) Stage 3 of 5 (IP Configure Start) started...
Oct  3 04:59:32 localhost NetworkManager[2231]: <info> (p4p2): device state change: config -> ip-config (reason 'none') [5 7 0]
Oct  3 04:59:32 localhost NetworkManager[2231]: <info> Activation (p4p2) Stage 4 of 5 (IP4 Configure Get) scheduled...
Oct  3 04:59:32 localhost NetworkManager[2231]: <info> Activation (p4p2) Stage 3 of 5 (IP Configure Start) complete.
Oct  3 04:59:32 localhost NetworkManager[2231]: <info> Activation (p4p2) Stage 4 of 5 (IP4 Configure Get) started...
Oct  3 04:59:32 localhost NetworkManager[2231]: <info> Activation (p4p2) Stage 5 of 5 (IP Configure Commit) scheduled...
Oct  3 04:59:32 localhost NetworkManager[2231]: <info> Activation (p4p2) Stage 4 of 5 (IP4 Configure Get) complete.
Oct  3 04:59:32 localhost NetworkManager[2231]: <info> Activation (p4p2) Stage 5 of 5 (IP Configure Commit) started...
Oct  3 04:59:33 localhost NetworkManager[2231]: <info> Policy set 'Auto 00268710D19D_2nd' (wlan8) as default for IPv4 routing and DNS.
Oct  3 04:59:33 localhost NetworkManager[2231]: <info> (p4p2): device state change: ip-config -> activated (reason 'none') [7 8 0]
Oct  3 04:59:33 localhost avahi-daemon[2246]: Registering new address record for fe80::2af1:eff:fe12:85de on p4p2.*.
Oct  3 04:59:33 localhost NetworkManager[2231]: <info> Policy set 'Auto p4p2-2' (p4p2) as default for IPv4 routing and DNS.
Oct  3 04:59:33 localhost NetworkManager[2231]: <info> Activation (p4p2) successful, device activated.
Oct  3 04:59:33 localhost NetworkManager[2231]: <info> Activation (p4p2) Stage 5 of 5 (IP Configure Commit) complete.
Oct  3 04:59:33 localhost NetworkManager[2231]: <warn> error requesting auth for org.freedesktop.NetworkManager.network-control: (6) Remote Exception invoking org.freedesktop.PolicyKit1.Authority.CheckAuthorization() on /org/freedesktop/PolicyKit1/Authority at name org.freedesktop.PolicyKit1: org.freedesktop.DBus.Error.NameHasNoOwner: Remote Exception invoking org.freedesktop.DBus.GetConnectionUnixUser() on / at name org.freedesktop.DBus: org.freedesktop.DBus.Error.NameHasNoOwner: Could not get UID of name ':1.49': no such name
Oct  3 04:59:33 localhost NetworkManager[2231]: <warn> error requesting auth for org.freedesktop.network-manager-settings.system.wifi.share.open: (6) Remote Exception invoking org.freedesktop.PolicyKit1.Authority.CheckAuthorization() on /org/freedesktop/PolicyKit1/Authority at name org.freedesktop.PolicyKit1: org.freedesktop.DBus.Error.NameHasNoOwner: Remote Exception invoking org.freedesktop.DBus.GetConnectionUnixUser() on / at name org.freedesktop.DBus: org.freedesktop.DBus.Error.NameHasNoOwner: Could not get UID of name ':1.49': no such name
Oct  3 04:59:33 localhost NetworkManager[2231]: <warn> error requesting auth for org.freedesktop.network-manager-settings.system.wifi.share.protected: (6) Remote Exception invoking org.freedesktop.PolicyKit1.Authority.CheckAuthorization() on /org/freedesktop/PolicyKit1/Authority at name org.freedesktop.PolicyKit1: org.freedesktop.DBus.Error.NameHasNoOwner: Remote Exception invoking org.freedesktop.DBus.GetConnectionUnixUser() on / at name org.freedesktop.DBus: org.freedesktop.DBus.Error.NameHasNoOwner: Could not get UID of name ':1.49': no such name
Oct  3 04:59:33 localhost NetworkManager[2231]: <warn> User connections unavailable: (6) Remote Exception invoking org.freedesktop.PolicyKit1.Authority.CheckAuthorization() on /org/freedesktop/PolicyKit1/Authority at name org.freedesktop.PolicyKit1: org.freedesktop.DBus.Error.NameHasNoOwner: Remote Exception invoking org.freedesktop.DBus.GetConnectionUnixUser() on / at name org.freedesktop.DBus: org.freedesktop.DBus.Error.NameHasNoOwner: Could not get UID of name ':1.49': no such name
Oct  3 04:59:33 localhost NetworkManager[2231]: <warn> error requesting auth for org.freedesktop.NetworkManager.use-user-connections: (6) Remote Exception invoking org.freedesktop.PolicyKit1.Authority.CheckAuthorization() on /org/freedesktop/PolicyKit1/Authority at name org.freedesktop.PolicyKit1: org.freedesktop.DBus.Error.NameHasNoOwner: Remote Exception invoking org.freedesktop.DBus.GetConnectionUnixUser() on / at name org.freedesktop.DBus: org.freedesktop.DBus.Error.NameHasNoOwner: Could not get UID of name ':1.49': no such name
Oct  3 04:59:33 localhost NetworkManager[2231]: <warn> error requesting auth for org.freedesktop.NetworkManager.network-control: (6) Remote Exception invoking org.freedesktop.PolicyKit1.Authority.CheckAuthorization() on /org/freedesktop/PolicyKit1/Authority at name org.freedesktop.PolicyKit1: org.freedesktop.DBus.Error.NameHasNoOwner: Remote Exception invoking org.freedesktop.DBus.GetConnectionUnixUser() on / at name org.freedesktop.DBus: org.freedesktop.DBus.Error.NameHasNoOwner: Could not get UID of name ':1.49': no such name
Oct  3 04:59:33 localhost NetworkManager[2231]: <warn> error requesting auth for org.freedesktop.network-manager-settings.system.wifi.share.open: (6) Remote Exception invoking org.freedesktop.PolicyKit1.Authority.CheckAuthorization() on /org/freedesktop/PolicyKit1/Authority at name org.freedesktop.PolicyKit1: org.freedesktop.DBus.Error.NameHasNoOwner: Remote Exception invoking org.freedesktop.DBus.GetConnectionUnixUser() on / at name org.freedesktop.DBus: org.freedesktop.DBus.Error.NameHasNoOwner: Could not get UID of name ':1.49': no such name
Oct  3 04:59:33 localhost NetworkManager[2231]: <warn> error requesting auth for org.freedesktop.network-manager-settings.system.wifi.share.protected: (6) Remote Exception invoking org.freedesktop.PolicyKit1.Authority.CheckAuthorization() on /org/freedesktop/PolicyKit1/Authority at name org.freedesktop.PolicyKit1: org.freedesktop.DBus.Error.NameHasNoOwner: Remote Exception invoking org.freedesktop.DBus.GetConnectionUnixUser() on / at name org.freedesktop.DBus: org.freedesktop.DBus.Error.NameHasNoOwner: Could not get UID of name ':1.49': no such name
Oct  3 04:59:33 localhost NetworkManager[2231]: <warn> User connections unavailable: (6) Remote Exception invoking org.freedesktop.PolicyKit1.Authority.CheckAuthorization() on /org/freedesktop/PolicyKit1/Authority at name org.freedesktop.PolicyKit1: org.freedesktop.DBus.Error.NameHasNoOwner: Remote Exception invoking org.freedesktop.DBus.GetConnectionUnixUser() on / at name org.freedesktop.DBus: org.freedesktop.DBus.Error.NameHasNoOwner: Could not get UID of name ':1.49': no such name
Oct  3 04:59:34 localhost rtkit-daemon[2981]: Sucessfully made thread 5731 of process 5731 (/usr/bin/pulseaudio) owned by '42' high priority at nice level -11.
Oct  3 04:59:34 localhost pulseaudio[5731]: conf-parser.c: [/usr/share/pulseaudio/alsa-mixer/paths/hdmi-output-0.conf:6] Unknown lvalue 'required-any' in section 'Jack HDMI/DP,pcm=3'.
Oct  3 04:59:34 localhost rtkit-daemon[2981]: Sucessfully made thread 5732 of process 5731 (/usr/bin/pulseaudio) owned by '42' RT at priority 5.
Oct  3 04:59:34 localhost rtkit-daemon[2981]: Sucessfully made thread 5735 of process 5731 (/usr/bin/pulseaudio) owned by '42' RT at priority 5.
Oct  3 04:59:34 localhost rtkit-daemon[2981]: Sucessfully made thread 5736 of process 5731 (/usr/bin/pulseaudio) owned by '42' RT at priority 5.
Oct  3 04:59:34 localhost dbus-daemon: [system] Rejected send message, 1 matched rules; type="method_call", sender=":1.87" (uid=42 pid=5721 comm="gnome-power-manager) interface="org.freedesktop.Hal.Device.LaptopPanel" member="GetBrightness" error name="(unset)" requested_reply=0 destination=":1.6" (uid=0 pid=2360 comm="hald))
Oct  3 04:59:35 localhost ntpd[2544]: Listen normally on 7 p4p2 fe80::2af1:eff:fe12:85de UDP 123
Oct  3 04:59:35 localhost ntpd[2544]: 46.4.19.10 interface 192.168.1.24 -> 192.168.11.199
Oct  3 04:59:35 localhost ntpd[2544]: 157.7.64.173 interface 192.168.1.24 -> 192.168.11.199
Oct  3 04:59:35 localhost ntpd[2544]: 202.181.103.212 interface 192.168.1.24 -> 192.168.11.199
Oct  3 04:59:35 localhost ntpd[2544]: 45.32.52.192 interface 192.168.1.24 -> 192.168.11.199
Oct  3 04:59:36 localhost ntpd[2544]: 0.0.0.0 0618 08 no_sys_peer
Oct  3 04:59:37 localhost NetworkManager[2231]: gethostby*.getanswer: asked for "24.1.168.192.in-addr.arpa IN PTR", got type "A"
Oct  3 04:59:38 localhost NetworkManager[2231]: gethostby*.getanswer: asked for "24.1.168.192.in-addr.arpa IN PTR", got type "A"
Oct  3 04:59:40 localhost dbus-daemon: [system] Rejected send message, 2 matched rules; type="method_return", sender=":1.11" (uid=0 pid=2475 comm="/usr/sbin/bluetoothd) interface="(unset)" member="(unset)" error name="(unset)" requested_reply=0 destination=":1.98" (uid=500 pid=5963 comm="bluetooth-applet))
Oct  3 04:59:40 localhost rtkit-daemon[2981]: Sucessfully made thread 6009 of process 6009 (/usr/bin/pulseaudio) owned by '500' high priority at nice level -11.
Oct  3 04:59:40 localhost pulseaudio[6009]: pid.c: Daemon already running.
Oct  3 05:04:30 localhost kernel: usb 2-3: new low speed USB device number 5 using xhci_hcd
Oct  3 05:04:30 localhost kernel: usb 2-3: New USB device found, idVendor=093a, idProduct=2510
Oct  3 05:04:30 localhost kernel: usb 2-3: New USB device strings: Mfr=1, Product=2, SerialNumber=0
Oct  3 05:04:30 localhost kernel: usb 2-3: Product: USB Optical Mouse
Oct  3 05:04:30 localhost kernel: usb 2-3: Manufacturer: PixArt
Oct  3 05:04:30 localhost kernel: usb 2-3: configuration #1 chosen from 1 choice
Oct  3 05:04:30 localhost kernel: usb 2-3: ep 0x81 - rounding interval to 64 microframes, ep desc says 80 microframes
Oct  3 05:04:30 localhost kernel: input: PixArt USB Optical Mouse as /devices/pci0000:00/0000:00:14.0/usb2/2-3/2-3:1.0/input/input13
Oct  3 05:04:30 localhost kernel: generic-usb 0003:093A:2510.0001: input,hidraw0: USB HID v1.11 Mouse [PixArt USB Optical Mouse] on usb-0000:00:14.0-3/input0
Oct  3 05:10:07 localhost pulseaudio[3212]: ratelimit.c: 9 events suppressed
Oct  3 05:45:29 localhost init: tty (/dev/tty2) main process (2768) killed by TERM signal
Oct  3 05:45:29 localhost init: tty (/dev/tty3) main process (2770) killed by TERM signal
Oct  3 05:45:29 localhost init: tty (/dev/tty4) main process (2772) killed by TERM signal
Oct  3 05:45:29 localhost init: tty (/dev/tty5) main process (2774) killed by TERM signal
Oct  3 05:45:29 localhost init: tty (/dev/tty6) main process (2776) killed by TERM signal
Oct  3 05:45:29 localhost NetworkManager[2231]: <warn> error requesting auth for org.freedesktop.network-manager-settings.system.wifi.share.open: (6) Remote Exception invoking org.freedesktop.PolicyKit1.Authority.CheckAuthorization() on /org/freedesktop/PolicyKit1/Authority at name org.freedesktop.PolicyKit1: org.freedesktop.DBus.Error.NameHasNoOwner: Remote Exception invoking org.freedesktop.DBus.GetConnectionUnixUser() on / at name org.freedesktop.DBus: org.freedesktop.DBus.Error.NameHasNoOwner: Could not get UID of name ':1.102': no such name
Oct  3 05:45:29 localhost NetworkManager[2231]: <warn> error requesting auth for org.freedesktop.network-manager-settings.system.wifi.share.protected: (6) Remote Exception invoking org.freedesktop.PolicyKit1.Authority.CheckAuthorization() on /org/freedesktop/PolicyKit1/Authority at name org.freedesktop.PolicyKit1: org.freedesktop.DBus.Error.NameHasNoOwner: Remote Exception invoking org.freedesktop.DBus.GetConnectionUnixUser() on / at name org.freedesktop.DBus: org.freedesktop.DBus.Error.NameHasNoOwner: Could not get UID of name ':1.102': no such name
Oct  3 05:45:30 localhost avahi-daemon[2246]: Got SIGTERM, quitting.
Oct  3 05:45:30 localhost avahi-daemon[2246]: Leaving mDNS multicast group on interface wlan8.IPv4 with address 192.168.1.24.
Oct  3 05:45:30 localhost avahi-daemon[2246]: Leaving mDNS multicast group on interface p4p2.IPv4 with address 192.168.11.199.
Oct  3 05:45:35 localhost acpid: exiting
Oct  3 05:45:35 localhost ntpd[2544]: ntpd exiting on signal 15
Oct  3 05:45:36 localhost pcscd: pcscdaemon.c:581:signal_trap() Preparing for suicide
Oct  3 05:45:37 localhost pcscd: readerfactory.c:1267:RFCleanupReaders() entering cleaning function
Oct  3 05:45:37 localhost pcscd: pcscdaemon.c:531:at_exit() cleaning /var/run
Oct  3 05:45:37 localhost NetworkManager[2231]: <info> caught signal 15, shutting down normally.
Oct  3 05:45:37 localhost NetworkManager[2231]: <info> exiting (success)
Oct  3 05:45:37 localhost kernel: wlan8: deauthenticating from 00:26:87:10:d1:9d by local choice (Reason: 3=DEAUTH_LEAVING)
Oct  3 05:45:37 localhost dhclient[2665]: receive_packet failed on wlan8: Network is down
Oct  3 05:45:37 localhost kernel: cfg80211: World regulatory domain updated:
Oct  3 05:45:37 localhost kernel: cfg80211:  DFS Master region: unset
Oct  3 05:45:37 localhost kernel: cfg80211:   (start_freq - end_freq @ bandwidth), (max_antenna_gain, max_eirp), (dfs_cac_time)
Oct  3 05:45:37 localhost kernel: cfg80211:   (2402000 KHz - 2472000 KHz @ 40000 KHz), (N/A, 2000 mBm), (N/A)
Oct  3 05:45:37 localhost kernel: cfg80211:   (2457000 KHz - 2482000 KHz @ 40000 KHz), (N/A, 2000 mBm), (N/A)
Oct  3 05:45:37 localhost kernel: cfg80211:   (2474000 KHz - 2494000 KHz @ 20000 KHz), (N/A, 2000 mBm), (N/A)
Oct  3 05:45:37 localhost kernel: cfg80211:   (5170000 KHz - 5250000 KHz @ 80000 KHz, 160000 KHz AUTO), (N/A, 2000 mBm), (N/A)
Oct  3 05:45:37 localhost kernel: cfg80211:   (5250000 KHz - 5330000 KHz @ 80000 KHz, 160000 KHz AUTO), (N/A, 2000 mBm), (0 s)
Oct  3 05:45:37 localhost kernel: cfg80211:   (5490000 KHz - 5730000 KHz @ 160000 KHz), (N/A, 2000 mBm), (0 s)
Oct  3 05:45:37 localhost kernel: cfg80211:   (5735000 KHz - 5835000 KHz @ 80000 KHz), (N/A, 2000 mBm), (N/A)
Oct  3 05:45:37 localhost kernel: cfg80211:   (57240000 KHz - 63720000 KHz @ 2160000 KHz), (N/A, 0 mBm), (N/A)
Oct  3 05:45:37 localhost kernel: cfg80211: Regulatory domain changed to country: JP
Oct  3 05:45:37 localhost kernel: cfg80211:  DFS Master region: JP
Oct  3 05:45:37 localhost kernel: cfg80211:   (start_freq - end_freq @ bandwidth), (max_antenna_gain, max_eirp), (dfs_cac_time)
Oct  3 05:45:37 localhost kernel: cfg80211:   (2402000 KHz - 2482000 KHz @ 40000 KHz), (N/A, 2000 mBm), (N/A)
Oct  3 05:45:37 localhost kernel: cfg80211:   (2474000 KHz - 2494000 KHz @ 20000 KHz), (N/A, 2000 mBm), (N/A)
Oct  3 05:45:37 localhost kernel: cfg80211:   (4910000 KHz - 4990000 KHz @ 40000 KHz), (N/A, 2300 mBm), (N/A)
Oct  3 05:45:37 localhost kernel: cfg80211:   (5030000 KHz - 5090000 KHz @ 40000 KHz), (N/A, 2300 mBm), (N/A)
Oct  3 05:45:37 localhost kernel: cfg80211:   (5170000 KHz - 5250000 KHz @ 80000 KHz, 160000 KHz AUTO), (N/A, 2000 mBm), (N/A)
Oct  3 05:45:37 localhost kernel: cfg80211:   (5250000 KHz - 5330000 KHz @ 80000 KHz, 160000 KHz AUTO), (N/A, 2000 mBm), (0 s)
Oct  3 05:45:37 localhost kernel: cfg80211:   (5490000 KHz - 5710000 KHz @ 160000 KHz), (N/A, 2300 mBm), (0 s)
Oct  3 05:45:37 localhost kernel: cfg80211:   (59000000 KHz - 66000000 KHz @ 2160000 KHz), (N/A, 1000 mBm), (N/A)
Oct  3 05:45:37 localhost init: Disconnected from system bus
Oct  3 05:45:37 localhost console-kit-daemon[2856]: WARNING: no sender#012
Oct  3 05:45:37 localhost rtkit-daemon[2981]: Demoting known real-time threads.
Oct  3 05:45:37 localhost rtkit-daemon[2981]: Successfully demoted thread 3216 of process 3212 (/usr/bin/pulseaudio).
Oct  3 05:45:37 localhost rtkit-daemon[2981]: Successfully demoted thread 3215 of process 3212 (/usr/bin/pulseaudio).
Oct  3 05:45:37 localhost rtkit-daemon[2981]: Successfully demoted thread 3213 of process 3212 (/usr/bin/pulseaudio).
Oct  3 05:45:37 localhost rtkit-daemon[2981]: Successfully demoted thread 3212 of process 3212 (/usr/bin/pulseaudio).
Oct  3 05:45:37 localhost rtkit-daemon[2981]: Demoted 4 threads.
Oct  3 05:45:37 localhost rpcbind: rpcbind terminating on signal. Restart with "rpcbind -w"
Oct  3 05:45:37 localhost auditd[2020]: The audit daemon is exiting.
Oct  3 05:45:37 localhost kernel: type=1305 audit(1475441137.772:103): audit_pid=0 old=2020 auid=4294967295 ses=4294967295 res=1
Oct  3 05:45:37 localhost kernel: type=1305 audit(1475441137.874:104): audit_enabled=0 old=1 auid=4294967295 ses=4294967295 res=1
Oct  3 05:45:37 localhost kernel: Kernel logging (proc) stopped.
Oct  3 05:45:37 localhost rsyslogd: [origin software="rsyslogd" swVersion="5.8.10" x-pid="2054" x-info="http://www.rsyslog.com"] exiting on signal 15.
Oct  3 21:17:42 localhost kernel: imklog 5.8.10, log source = /proc/kmsg started.
Oct  3 21:17:42 localhost rsyslogd: [origin software="rsyslogd" swVersion="5.8.10" x-pid="2044" x-info="http://www.rsyslog.com"] start
Oct  3 21:17:42 localhost kernel: Initializing cgroup subsys cpuset
Oct  3 21:17:42 localhost kernel: Initializing cgroup subsys cpu
Oct  3 21:17:42 localhost kernel: Linux version 2.6.32-642.3.1.el6.i686 (mockbuild@worker1.bsys.centos.org) (gcc version 4.4.7 20120313 (Red Hat 4.4.7-17) (GCC) ) #1 SMP Tue Jul 12 17:53:37 UTC 2016
Oct  3 21:17:42 localhost kernel: KERNEL supported cpus:
Oct  3 21:17:42 localhost kernel:  Intel GenuineIntel
Oct  3 21:17:42 localhost kernel:  AMD AuthenticAMD
Oct  3 21:17:42 localhost kernel:  NSC Geode by NSC
Oct  3 21:17:42 localhost kernel:  Cyrix CyrixInstead
Oct  3 21:17:42 localhost kernel:  Centaur CentaurHauls
Oct  3 21:17:42 localhost kernel:  Transmeta GenuineTMx86
Oct  3 21:17:42 localhost kernel:  Transmeta TransmetaCPU
Oct  3 21:17:42 localhost kernel:  UMC UMC UMC UMC
Oct  3 21:17:42 localhost kernel: BIOS-provided physical RAM map:
Oct  3 21:17:42 localhost kernel: BIOS-e820: 0000000000000000 - 000000000009d400 (usable)
Oct  3 21:17:42 localhost kernel: BIOS-e820: 000000000009d400 - 00000000000a0000 (reserved)
Oct  3 21:17:42 localhost kernel: BIOS-e820: 00000000000e0000 - 0000000000100000 (reserved)
Oct  3 21:17:42 localhost kernel: BIOS-e820: 0000000000100000 - 00000000c9a37000 (usable)
Oct  3 21:17:42 localhost kernel: BIOS-e820: 00000000c9a37000 - 00000000c9e58000 (reserved)
Oct  3 21:17:42 localhost kernel: BIOS-e820: 00000000c9e58000 - 00000000db33c000 (usable)
Oct  3 21:17:42 localhost kernel: BIOS-e820: 00000000db33c000 - 00000000db3e4000 (reserved)
Oct  3 21:17:42 localhost kernel: BIOS-e820: 00000000db3e4000 - 00000000db405000 (ACPI data)
Oct  3 21:17:42 localhost kernel: BIOS-e820: 00000000db405000 - 00000000dbd35000 (ACPI NVS)
Oct  3 21:17:42 localhost kernel: BIOS-e820: 00000000dbd35000 - 00000000dbfff000 (reserved)
Oct  3 21:17:42 localhost kernel: BIOS-e820: 00000000dbfff000 - 00000000dc000000 (usable)
Oct  3 21:17:42 localhost kernel: BIOS-e820: 00000000dd000000 - 00000000df800000 (reserved)
Oct  3 21:17:42 localhost kernel: BIOS-e820: 00000000f8000000 - 00000000fc000000 (reserved)
Oct  3 21:17:42 localhost kernel: BIOS-e820: 00000000fec00000 - 00000000fec01000 (reserved)
Oct  3 21:17:42 localhost kernel: BIOS-e820: 00000000fed00000 - 00000000fed04000 (reserved)
Oct  3 21:17:42 localhost kernel: BIOS-e820: 00000000fed1c000 - 00000000fed20000 (reserved)
Oct  3 21:17:42 localhost kernel: BIOS-e820: 00000000fee00000 - 00000000fee01000 (reserved)
Oct  3 21:17:42 localhost kernel: BIOS-e820: 00000000ff000000 - 0000000100000000 (reserved)
Oct  3 21:17:42 localhost kernel: BIOS-e820: 0000000100000000 - 000000011f800000 (usable)
Oct  3 21:17:42 localhost kernel: SMBIOS version 2.8 @ 0xF0570
Oct  3 21:17:42 localhost kernel: SMBIOS 2.8 present.
Oct  3 21:17:42 localhost kernel: last_pfn = 0x11f800 max_arch_pfn = 0x400000
Oct  3 21:17:42 localhost kernel: x86 PAT enabled: cpu 0, old 0x7040600070406, new 0x7010600070106
Oct  3 21:17:42 localhost kernel: total RAM covered: 4040M
Oct  3 21:17:42 localhost kernel: Found optimal setting for mtrr clean up
Oct  3 21:17:42 localhost kernel: gran_size: 64K 	chunk_size: 64M 	num_reg: 7  	lose cover RAM: 0G
Oct  3 21:17:42 localhost kernel: init_memory_mapping: 0000000000000000-00000000375fe000
Oct  3 21:17:42 localhost kernel: NX (Execute Disable) protection: active
Oct  3 21:17:42 localhost kernel: RAMDISK: 36bb0000 - 37fef68f
Oct  3 21:17:42 localhost kernel: Allocated new RAMDISK: 00cd6000 - 0211568f
Oct  3 21:17:42 localhost kernel: Move RAMDISK from 0000000036bb0000 - 0000000037fef68e to 00cd6000 - 0211568e
Oct  3 21:17:42 localhost kernel: ACPI: RSDP 000ef1e0 00024 (v02 DELL  )
Oct  3 21:17:42 localhost kernel: ACPI: XSDT db3ea098 000AC (v01 DELL    CBX3    01072009 AMI  00010013)
Oct  3 21:17:42 localhost kernel: ACPI: FACP db3fd3f0 0010C (v05 DELL    CBX3    01072009 AMI  00010013)
Oct  3 21:17:42 localhost kernel: ACPI Warning: FADT (revision 5) is longer than ACPI 2.0 version, truncating length 268 to 244 (20090903/tbfadt-288)
Oct  3 21:17:42 localhost kernel: ACPI: DSDT db3ea1d0 1321F (v02 DELL    CBX3    01072009 INTL 20120913)
Oct  3 21:17:42 localhost kernel: ACPI: FACS dbd31f80 00040
Oct  3 21:17:42 localhost kernel: ACPI: APIC db3fd500 00068 (v03 DELL    CBX3    01072009 AMI  00010013)
Oct  3 21:17:42 localhost kernel: ACPI: FPDT db3fd568 00044 (v01 DELL    CBX3    01072009 AMI  00010013)
Oct  3 21:17:42 localhost kernel: ACPI: FIDT db3fd5b0 0009C (v01 DELL    CBX3    01072009 AMI  00010013)
Oct  3 21:17:42 localhost kernel: ACPI: MCFG db3fd650 0003C (v01 DELL    CBX3    01072009 MSFT 00000097)
Oct  3 21:17:42 localhost kernel: ACPI: HPET db3fd690 00038 (v01 DELL    CBX3    01072009 AMI. 00000005)
Oct  3 21:17:42 localhost kernel: ACPI: SSDT db3fd6c8 003BD (v01 SataRe SataTabl 00001000 INTL 20120913)
Oct  3 21:17:42 localhost kernel: ACPI: UEFI db3fda88 00042 (v01                 00000000      00000000)
Oct  3 21:17:42 localhost kernel: ACPI: ASF! db3fdad0 000A0 (v32 INTEL       HCG 00000001 TFSM 000F4240)
Oct  3 21:17:42 localhost kernel: ACPI: BOOT db3fdb70 00028 (v01 DELL   CBX3     01072009 AMI  00010013)
Oct  3 21:17:42 localhost kernel: ACPI: SSDT db3fdb98 004BC (v02  PmRef  Cpu0Ist 00003000 INTL 20120913)
Oct  3 21:17:42 localhost kernel: ACPI: SSDT db3fe058 00B74 (v02 CpuRef  CpuSsdt 00003000 INTL 20120913)
Oct  3 21:17:42 localhost kernel: ACPI: SSDT db3febd0 001C7 (v02  PmRef LakeTiny 00003000 INTL 20120913)
Oct  3 21:17:42 localhost kernel: ACPI: SSDT db3fed98 041AC (v02 SaSsdt  SaSsdt  00003000 INTL 20120913)
Oct  3 21:17:42 localhost kernel: ACPI: SLIC db402f48 00176 (v03 DELL    CBX3    01072009 MSFT 00010013)
Oct  3 21:17:42 localhost kernel: ACPI: MSDM db4030c0 00055 (v03 DELL    CBX3    06222004 AMI  00010013)
Oct  3 21:17:42 localhost kernel: ACPI: DMAR db403118 000B0 (v01 INTEL      BDW  00000001 INTL 00000001)
Oct  3 21:17:42 localhost kernel: 3714MB HIGHMEM available.
Oct  3 21:17:42 localhost kernel: 885MB LOWMEM available.
Oct  3 21:17:42 localhost kernel:  mapped low ram: 0 - 375fe000
Oct  3 21:17:42 localhost kernel:  low ram: 0 - 375fe000
Oct  3 21:17:42 localhost kernel:  node 0 low ram: 00000000 - 375fe000
Oct  3 21:17:42 localhost kernel:  node 0 bootmap 0000b000 - 00011ec0
Oct  3 21:17:42 localhost kernel: (9 early reservations) ==> bootmem [0000000000 - 00375fe000]
Oct  3 21:17:42 localhost kernel:  #0 [0000000000 - 0000001000]   BIOS data page ==> [0000000000 - 0000001000]
Oct  3 21:17:42 localhost kernel:  #1 [0000001000 - 0000002000]    EX TRAMPOLINE ==> [0000001000 - 0000002000]
Oct  3 21:17:42 localhost kernel:  #2 [0000006000 - 0000007000]       TRAMPOLINE ==> [0000006000 - 0000007000]
Oct  3 21:17:42 localhost kernel:  #3 [0000400000 - 0000ccc090]    TEXT DATA BSS ==> [0000400000 - 0000ccc090]
Oct  3 21:17:42 localhost kernel:  #4 [000009d400 - 0000100000]    BIOS reserved ==> [000009d400 - 0000100000]
Oct  3 21:17:42 localhost kernel:  #5 [0000ccd000 - 0000cd52dd]              BRK ==> [0000ccd000 - 0000cd52dd]
Oct  3 21:17:42 localhost kernel:  #6 [0000007000 - 000000b000]          PGTABLE ==> [0000007000 - 000000b000]
Oct  3 21:17:42 localhost kernel:  #7 [0000cd6000 - 000211568f]      NEW RAMDISK ==> [0000cd6000 - 000211568f]
Oct  3 21:17:42 localhost kernel:  #8 [000000b000 - 0000012000]          BOOTMAP ==> [000000b000 - 0000012000]
Oct  3 21:17:42 localhost kernel: found SMP MP-table at [c00fda20] fda20
Oct  3 21:17:42 localhost kernel: Reserving 129MB of memory at 48MB for crashkernel (System RAM: 4600MB)
Oct  3 21:17:42 localhost kernel: Zone PFN ranges:
Oct  3 21:17:42 localhost kernel:  DMA      0x00000001 -> 0x00001000
Oct  3 21:17:42 localhost kernel:  Normal   0x00001000 -> 0x000375fe
Oct  3 21:17:42 localhost kernel:  HighMem  0x000375fe -> 0x0011f800
Oct  3 21:17:42 localhost kernel: Movable zone start PFN for each node
Oct  3 21:17:42 localhost kernel: early_node_map[5] active PFN ranges
Oct  3 21:17:42 localhost kernel:    0: 0x00000001 -> 0x0000009d
Oct  3 21:17:42 localhost kernel:    0: 0x00000100 -> 0x000c9a37
Oct  3 21:17:42 localhost kernel:    0: 0x000c9e58 -> 0x000db33c
Oct  3 21:17:42 localhost kernel:    0: 0x000dbfff -> 0x000dc000
Oct  3 21:17:42 localhost kernel:    0: 0x00100000 -> 0x0011f800
Oct  3 21:17:42 localhost kernel: Using APIC driver default
Oct  3 21:17:42 localhost kernel: Reserving Intel graphics stolen memory at 0xdd800000-0xdf7fffff
Oct  3 21:17:42 localhost kernel: ACPI: PM-Timer IO Port: 0x1808
Oct  3 21:17:42 localhost kernel: ACPI: LAPIC (acpi_id[0x01] lapic_id[0x00] enabled)
Oct  3 21:17:42 localhost kernel: ACPI: LAPIC (acpi_id[0x02] lapic_id[0x02] enabled)
Oct  3 21:17:42 localhost kernel: ACPI: LAPIC_NMI (acpi_id[0x01] dfl dfl lint[0x0])
Oct  3 21:17:42 localhost kernel: ACPI: NMI not connected to LINT 1!
Oct  3 21:17:42 localhost kernel: ACPI: LAPIC_NMI (acpi_id[0x02] high res lint[0x20])
Oct  3 21:17:42 localhost kernel: ACPI: NMI not connected to LINT 1!
Oct  3 21:17:42 localhost kernel: ACPI: IOAPIC (id[0x02] address[0xfec00000] gsi_base[0])
Oct  3 21:17:42 localhost kernel: IOAPIC[0]: apic_id 2, version 32, address 0xfec00000, GSI 0-39
Oct  3 21:17:42 localhost kernel: ACPI: INT_SRC_OVR (bus 0 bus_irq 0 global_irq 2 dfl dfl)
Oct  3 21:17:42 localhost kernel: ACPI: INT_SRC_OVR (bus 0 bus_irq 9 global_irq 9 high level)
Oct  3 21:17:42 localhost kernel: Using ACPI (MADT) for SMP configuration information
Oct  3 21:17:42 localhost kernel: ACPI: HPET id: 0x8086a701 base: 0xfed00000
Oct  3 21:17:42 localhost kernel: SMP: Allowing 2 CPUs, 0 hotplug CPUs
Oct  3 21:17:42 localhost kernel: PM: Registered nosave memory: 000000000009d000 - 000000000009e000
Oct  3 21:17:42 localhost kernel: PM: Registered nosave memory: 000000000009e000 - 00000000000a0000
Oct  3 21:17:42 localhost kernel: PM: Registered nosave memory: 00000000000a0000 - 00000000000e0000
Oct  3 21:17:42 localhost kernel: PM: Registered nosave memory: 00000000000e0000 - 0000000000100000
Oct  3 21:17:42 localhost kernel: Allocating PCI resources starting at df800000 (gap: df800000:18800000)
Oct  3 21:17:42 localhost kernel: Booting paravirtualized kernel on bare hardware
Oct  3 21:17:42 localhost kernel: NR_CPUS:32 nr_cpumask_bits:32 nr_cpu_ids:2 nr_node_ids:1
Oct  3 21:17:42 localhost kernel: PERCPU: Embedded 16 pages/cpu @c2e00000 s41240 r0 d24296 u1048576
Oct  3 21:17:42 localhost kernel: pcpu-alloc: s41240 r0 d24296 u1048576 alloc=1*2097152
Oct  3 21:17:42 localhost kernel: pcpu-alloc: [0] 0 1 
Oct  3 21:17:42 localhost kernel: Built 1 zonelists in Zone order, mobility grouping on.  Total pages: 1016519
Oct  3 21:17:42 localhost kernel: Kernel command line: ro root=UUID=281586bb-d7bb-4f49-9986-76941ba68aab rd_NO_LUKS LANG=en_US.UTF-8 rd_NO_MD quiet SYSFONT=latarcyrheb-sun16 rhgb crashkernel=129M@0M  KEYBOARDTYPE=pc KEYTABLE=jp106 rd_NO_LVM rd_NO_DM
Oct  3 21:17:42 localhost kernel: PID hash table entries: 4096 (order: 2, 16384 bytes)
Oct  3 21:17:42 localhost kernel: Dentry cache hash table entries: 131072 (order: 7, 524288 bytes)
Oct  3 21:17:42 localhost kernel: Inode-cache hash table entries: 65536 (order: 6, 262144 bytes)
Oct  3 21:17:42 localhost kernel: Enabling fast FPU save and restore... done.
Oct  3 21:17:42 localhost kernel: Enabling unmasked SIMD FPU exception support... done.
Oct  3 21:17:42 localhost kernel: Initializing CPU#0
Oct  3 21:17:42 localhost kernel: xsave/xrstor: enabled xstate_bv 0x3, cntxt size 0x240
Oct  3 21:17:42 localhost kernel: Initializing HighMem for node 0 (000375fe:0011f800)
Oct  3 21:17:42 localhost kernel: Memory: 3906084k/4710400k available (4614k kernel code, 195772k reserved, 2614k data, 556k init, 3196024k highmem)
Oct  3 21:17:42 localhost kernel: virtual kernel memory layout:
Oct  3 21:17:42 localhost kernel:    fixmap  : 0xffad5000 - 0xfffff000   (5288 kB)
Oct  3 21:17:42 localhost kernel:    pkmap   : 0xff600000 - 0xff800000   (2048 kB)
Oct  3 21:17:42 localhost kernel:    vmalloc : 0xf7dfe000 - 0xff5fe000   ( 120 MB)
Oct  3 21:17:42 localhost kernel:    lowmem  : 0xc0000000 - 0xf75fe000   ( 885 MB)
Oct  3 21:17:42 localhost kernel:      .init : 0xc0b10000 - 0xc0b9b000   ( 556 kB)
Oct  3 21:17:42 localhost kernel:      .data : 0xc08818b8 - 0xc0b0f268   (2614 kB)
Oct  3 21:17:42 localhost kernel:      .text : 0xc0400000 - 0xc08818b8   (4614 kB)
Oct  3 21:17:42 localhost kernel: Checking if this processor honours the WP bit even in supervisor mode...Ok.
Oct  3 21:17:42 localhost kernel: Hierarchical RCU implementation.
Oct  3 21:17:42 localhost kernel: NR_IRQS:2304 nr_irqs:512
Oct  3 21:17:42 localhost kernel: Extended CMOS year: 2000
Oct  3 21:17:42 localhost kernel: Console: colour VGA+ 80x25
Oct  3 21:17:42 localhost kernel: console [tty0] enabled
Oct  3 21:17:42 localhost kernel: allocated 8388608 bytes of page_cgroup
Oct  3 21:17:42 localhost kernel: please try 'cgroup_disable=memory' option if you don't want memory cgroups
Oct  3 21:17:42 localhost kernel: Fast TSC calibration using PIT
Oct  3 21:17:42 localhost kernel: Detected 1696.007 MHz processor.
Oct  3 21:17:42 localhost kernel: Calibrating delay loop (skipped), value calculated using timer frequency.. 3392.01 BogoMIPS (lpj=1696007)
Oct  3 21:17:42 localhost kernel: pid_max: default: 32768 minimum: 301
Oct  3 21:17:42 localhost kernel: Security Framework initialized
Oct  3 21:17:42 localhost kernel: SELinux:  Initializing.
Oct  3 21:17:42 localhost kernel: Mount-cache hash table entries: 512
Oct  3 21:17:42 localhost kernel: Initializing cgroup subsys ns
Oct  3 21:17:42 localhost kernel: Initializing cgroup subsys cpuacct
Oct  3 21:17:42 localhost kernel: Initializing cgroup subsys memory
Oct  3 21:17:42 localhost kernel: Initializing cgroup subsys devices
Oct  3 21:17:42 localhost kernel: Initializing cgroup subsys freezer
Oct  3 21:17:42 localhost kernel: Initializing cgroup subsys net_cls
Oct  3 21:17:42 localhost kernel: Initializing cgroup subsys blkio
Oct  3 21:17:42 localhost kernel: Initializing cgroup subsys perf_event
Oct  3 21:17:42 localhost kernel: Initializing cgroup subsys net_prio
Oct  3 21:17:42 localhost kernel: CPU: Physical Processor ID: 0
Oct  3 21:17:42 localhost kernel: CPU: Processor Core ID: 0
Oct  3 21:17:42 localhost kernel: mce: CPU supports 7 MCE banks
Oct  3 21:17:42 localhost kernel: CPU0: Thermal monitoring enabled (TM1)
Oct  3 21:17:42 localhost kernel: using mwait in idle threads.
Oct  3 21:17:42 localhost kernel: ACPI: Core revision 20090903
Oct  3 21:17:42 localhost kernel: Enabling APIC mode:  Flat.  Using 1 I/O APICs
Oct  3 21:17:42 localhost kernel: ..TIMER: vector=0x30 apic1=0 pin1=2 apic2=0 pin2=0
Oct  3 21:17:42 localhost kernel: CPU0: Intel(R) Celeron(R) CPU 3215U @ 1.70GHz stepping 04
Oct  3 21:17:42 localhost kernel: Performance Events: PEBS fmt2+, 16-deep LBR, Broadwell events, full-width counters, Intel PMU driver.
Oct  3 21:17:42 localhost kernel: ... version:                3
Oct  3 21:17:42 localhost kernel: ... bit width:              48
Oct  3 21:17:42 localhost kernel: ... generic registers:      8
Oct  3 21:17:42 localhost kernel: ... value mask:             0000ffffffffffff
Oct  3 21:17:42 localhost kernel: ... max period:             0000ffffffffffff
Oct  3 21:17:42 localhost kernel: ... fixed-purpose events:   3
Oct  3 21:17:42 localhost kernel: ... event mask:             00000007000000ff
Oct  3 21:17:42 localhost kernel: Booting Node   0, Processors  #1 Ok.
Oct  3 21:17:42 localhost kernel: Initializing CPU#1
Oct  3 21:17:42 localhost kernel: Brought up 2 CPUs
Oct  3 21:17:42 localhost kernel: Total of 2 processors activated (6784.02 BogoMIPS).
Oct  3 21:17:42 localhost kernel: devtmpfs: initialized
Oct  3 21:17:42 localhost kernel: PM: Registering ACPI NVS region at db405000 (9633792 bytes)
Oct  3 21:17:42 localhost kernel: regulator: core version 0.5
Oct  3 21:17:42 localhost kernel: NET: Registered protocol family 16
Oct  3 21:17:42 localhost kernel: ACPI FADT declares the system doesn't support PCIe ASPM, so disable it
Oct  3 21:17:42 localhost kernel: ACPI: bus type pci registered
Oct  3 21:17:42 localhost kernel: PCI: MCFG configuration 0: base f8000000 segment 0 buses 0 - 63
Oct  3 21:17:42 localhost kernel: PCI: MCFG area at f8000000 reserved in E820
Oct  3 21:17:42 localhost kernel: PCI: Using MMCONFIG for extended config space
Oct  3 21:17:42 localhost kernel: PCI: Using configuration type 1 for base access
Oct  3 21:17:42 localhost kernel: dmi type 0xB1 record - unknown flag
Oct  3 21:17:42 localhost kernel: bio: create slab <bio-0> at 0
Oct  3 21:17:42 localhost kernel: ACPI Error (dswload-0659): [RHUB] Namespace lookup failure, AE_NOT_FOUND
Oct  3 21:17:42 localhost kernel: ACPI Exception: AE_NOT_FOUND, During name lookup/catalog (20090903/psloop-230)
Oct  3 21:17:42 localhost kernel: ACPI Error (psparse-0537): Method parse/execution failed [\] (Node c0cab1b8), AE_NOT_FOUND
Oct  3 21:17:42 localhost kernel: ACPI Error (dswload-0659): [SDMA] Namespace lookup failure, AE_NOT_FOUND
Oct  3 21:17:42 localhost kernel: ACPI Exception: AE_NOT_FOUND, During name lookup/catalog (20090903/psloop-230)
Oct  3 21:17:42 localhost kernel: ACPI Error (psparse-0537): Method parse/execution failed [\] (Node c0cab1b8), AE_NOT_FOUND
Oct  3 21:17:42 localhost kernel: ACPI Error (dswload-0659): [I2C0] Namespace lookup failure, AE_NOT_FOUND
Oct  3 21:17:42 localhost kernel: ACPI Exception: AE_NOT_FOUND, During name lookup/catalog (20090903/psloop-230)
Oct  3 21:17:42 localhost kernel: ACPI Error (psparse-0537): Method parse/execution failed [\] (Node c0cab1b8), AE_NOT_FOUND
Oct  3 21:17:42 localhost kernel: ACPI Error (dswload-0659): [I2C1] Namespace lookup failure, AE_NOT_FOUND
Oct  3 21:17:42 localhost kernel: ACPI Exception: AE_NOT_FOUND, During name lookup/catalog (20090903/psloop-230)
Oct  3 21:17:42 localhost kernel: ACPI Error (psparse-0537): Method parse/execution failed [\] (Node c0cab1b8), AE_NOT_FOUND
Oct  3 21:17:42 localhost kernel: ACPI Error (dswload-0659): [SPI0] Namespace lookup failure, AE_NOT_FOUND
Oct  3 21:17:42 localhost kernel: ACPI Exception: AE_NOT_FOUND, During name lookup/catalog (20090903/psloop-230)
Oct  3 21:17:42 localhost kernel: ACPI Error (psparse-0537): Method parse/execution failed [\] (Node c0cab1b8), AE_NOT_FOUND
Oct  3 21:17:42 localhost kernel: ACPI Error (dswload-0659): [SPI1] Namespace lookup failure, AE_NOT_FOUND
Oct  3 21:17:42 localhost kernel: ACPI Exception: AE_NOT_FOUND, During name lookup/catalog (20090903/psloop-230)
Oct  3 21:17:42 localhost kernel: ACPI Error (psparse-0537): Method parse/execution failed [\] (Node c0cab1b8), AE_NOT_FOUND
Oct  3 21:17:42 localhost kernel: ACPI Error (dswload-0659): [UA00] Namespace lookup failure, AE_NOT_FOUND
Oct  3 21:17:42 localhost kernel: ACPI Exception: AE_NOT_FOUND, During name lookup/catalog (20090903/psloop-230)
Oct  3 21:17:42 localhost kernel: ACPI Error (psparse-0537): Method parse/execution failed [\] (Node c0cab1b8), AE_NOT_FOUND
Oct  3 21:17:42 localhost kernel: ACPI Error (dswload-0659): [UA01] Namespace lookup failure, AE_NOT_FOUND
Oct  3 21:17:42 localhost kernel: ACPI Exception: AE_NOT_FOUND, During name lookup/catalog (20090903/psloop-230)
Oct  3 21:17:42 localhost kernel: ACPI Error (psparse-0537): Method parse/execution failed [\] (Node c0cab1b8), AE_NOT_FOUND
Oct  3 21:17:42 localhost kernel: ACPI Error (dswload-0659): [SDHC] Namespace lookup failure, AE_NOT_FOUND
Oct  3 21:17:42 localhost kernel: ACPI Exception: AE_NOT_FOUND, During name lookup/catalog (20090903/psloop-230)
Oct  3 21:17:42 localhost kernel: ACPI Error (psparse-0537): Method parse/execution failed [\] (Node c0cab1b8), AE_NOT_FOUND
Oct  3 21:17:42 localhost kernel: ACPI Error (dswload-0659): [PXSX] Namespace lookup failure, AE_NOT_FOUND
Oct  3 21:17:42 localhost kernel: ACPI Exception: AE_NOT_FOUND, During name lookup/catalog (20090903/psloop-230)
Oct  3 21:17:42 localhost kernel: ACPI Error (psparse-0537): Method parse/execution failed [\] (Node c0cab1b8), AE_NOT_FOUND
Oct  3 21:17:42 localhost kernel: ACPI Error (dswload-0659): [PXSX] Namespace lookup failure, AE_NOT_FOUND
Oct  3 21:17:42 localhost kernel: ACPI Exception: AE_NOT_FOUND, During name lookup/catalog (20090903/psloop-230)
Oct  3 21:17:42 localhost kernel: ACPI Error (psparse-0537): Method parse/execution failed [\] (Node c0cab1b8), AE_NOT_FOUND
Oct  3 21:17:42 localhost kernel: ACPI: Executed 16 blocks of module-level executable AML code
Oct  3 21:17:42 localhost kernel: ACPI: BIOS _OSI(Linux) query ignored
Oct  3 21:17:42 localhost kernel: ACPI: Interpreter enabled
Oct  3 21:17:42 localhost kernel: ACPI: (supports S0 S3 S4 S5)
Oct  3 21:17:42 localhost kernel: ACPI: Using IOAPIC for interrupt routing
Oct  3 21:17:42 localhost kernel: ACPI: EC: GPE = 0xa, I/O: command/status = 0x934, data = 0x930
Oct  3 21:17:42 localhost kernel: ACPI: Power Resource [PG00] (on)
Oct  3 21:17:42 localhost kernel: ACPI: Power Resource [PG01] (on)
Oct  3 21:17:42 localhost kernel: ACPI: Power Resource [PG02] (on)
Oct  3 21:17:42 localhost kernel: ACPI: No dock devices found.
Oct  3 21:17:42 localhost kernel: PCI: Using host bridge windows from ACPI; if necessary, use "pci=nocrs" and report a bug
Oct  3 21:17:42 localhost kernel: ACPI: PCI Root Bridge [PCI0] (domain 0000 [bus 00-3e])
Oct  3 21:17:42 localhost kernel: pci_root PNP0A08:00: host bridge window [io  0x0000-0x0cf7]
Oct  3 21:17:42 localhost kernel: pci_root PNP0A08:00: host bridge window [io  0x0d00-0xffff]
Oct  3 21:17:42 localhost kernel: pci_root PNP0A08:00: host bridge window [mem 0x000a0000-0x000bffff]
Oct  3 21:17:42 localhost kernel: pci_root PNP0A08:00: host bridge window [mem 0xdf800000-0xfeafffff]
Oct  3 21:17:42 localhost kernel: PCI host bridge to bus 0000:00
Oct  3 21:17:42 localhost kernel: pci_bus 0000:00: root bus resource [io  0x0000-0x0cf7]
Oct  3 21:17:42 localhost kernel: pci_bus 0000:00: root bus resource [io  0x0d00-0xffff]
Oct  3 21:17:42 localhost kernel: pci_bus 0000:00: root bus resource [mem 0x000a0000-0x000bffff]
Oct  3 21:17:42 localhost kernel: pci_bus 0000:00: root bus resource [mem 0xdf800000-0xfeafffff]
Oct  3 21:17:42 localhost kernel: pci 0000:00:14.0: PME# supported from D3hot D3cold
Oct  3 21:17:42 localhost kernel: pci 0000:00:14.0: PME# disabled
Oct  3 21:17:42 localhost kernel: pci 0000:00:16.0: PME# supported from D0 D3hot D3cold
Oct  3 21:17:42 localhost kernel: pci 0000:00:16.0: PME# disabled
Oct  3 21:17:42 localhost kernel: pci 0000:00:1b.0: PME# supported from D0 D3hot D3cold
Oct  3 21:17:42 localhost kernel: pci 0000:00:1b.0: PME# disabled
Oct  3 21:17:42 localhost kernel: pci 0000:00:1c.0: PME# supported from D0 D3hot D3cold
Oct  3 21:17:42 localhost kernel: pci 0000:00:1c.0: PME# disabled
Oct  3 21:17:42 localhost kernel: pci 0000:00:1c.2: PME# supported from D0 D3hot D3cold
Oct  3 21:17:42 localhost kernel: pci 0000:00:1c.2: PME# disabled
Oct  3 21:17:42 localhost kernel: pci 0000:00:1c.3: PME# supported from D0 D3hot D3cold
Oct  3 21:17:42 localhost kernel: pci 0000:00:1c.3: PME# disabled
Oct  3 21:17:42 localhost kernel: pci 0000:00:1c.4: PME# supported from D0 D3hot D3cold
Oct  3 21:17:42 localhost kernel: pci 0000:00:1c.4: PME# disabled
Oct  3 21:17:42 localhost kernel: pci 0000:00:1d.0: PME# supported from D0 D3hot D3cold
Oct  3 21:17:42 localhost kernel: pci 0000:00:1d.0: PME# disabled
Oct  3 21:17:42 localhost kernel: pci 0000:00:1f.2: PME# supported from D3hot
Oct  3 21:17:42 localhost kernel: pci 0000:00:1f.2: PME# disabled
Oct  3 21:17:42 localhost kernel: pci 0000:00:1c.0: PCI bridge to [bus 04-04]
Oct  3 21:17:42 localhost kernel: pci 0000:06:00.0: PME# supported from D0 D3hot D3cold
Oct  3 21:17:42 localhost kernel: pci 0000:06:00.0: PME# disabled
Oct  3 21:17:42 localhost kernel: pci 0000:00:1c.2: PCI bridge to [bus 06-06]
Oct  3 21:17:42 localhost kernel: pci 0000:07:00.0: PME# supported from D0 D1 D2 D3hot D3cold
Oct  3 21:17:42 localhost kernel: pci 0000:07:00.0: PME# disabled
Oct  3 21:17:42 localhost kernel: pci 0000:00:1c.3: PCI bridge to [bus 07-07]
Oct  3 21:17:42 localhost kernel: pci 0000:00:1c.4: PCI bridge to [bus 08-08]
Oct  3 21:17:42 localhost kernel: pci0000:00: Requesting ACPI _OSC control (0x1d)
Oct  3 21:17:42 localhost kernel: Unable to assume _OSC PCIe control. Disabling ASPM
Oct  3 21:17:42 localhost kernel: ACPI: PCI Interrupt Link [LNKA] (IRQs 3 4 5 6 10 *11 12 14 15)
Oct  3 21:17:42 localhost kernel: ACPI: PCI Interrupt Link [LNKB] (IRQs 3 4 5 6 10 11 12 14 15) *0, disabled.
Oct  3 21:17:42 localhost kernel: ACPI: PCI Interrupt Link [LNKC] (IRQs *3 4 5 6 10 11 12 14 15)
Oct  3 21:17:42 localhost kernel: ACPI: PCI Interrupt Link [LNKD] (IRQs 3 4 5 6 *10 11 12 14 15)
Oct  3 21:17:42 localhost kernel: ACPI: PCI Interrupt Link [LNKE] (IRQs 3 4 5 6 10 11 12 14 15) *0, disabled.
Oct  3 21:17:42 localhost kernel: ACPI: PCI Interrupt Link [LNKF] (IRQs 3 *4 5 6 10 11 12 14 15)
Oct  3 21:17:42 localhost kernel: ACPI: PCI Interrupt Link [LNKG] (IRQs 3 4 *5 6 10 11 12 14 15)
Oct  3 21:17:42 localhost kernel: ACPI: PCI Interrupt Link [LNKH] (IRQs 3 4 5 6 10 11 12 14 15) *0, disabled.
Oct  3 21:17:42 localhost kernel: vgaarb: device added: PCI:0000:00:02.0,decodes=io+mem,owns=io+mem,locks=none
Oct  3 21:17:42 localhost kernel: vgaarb: loaded
Oct  3 21:17:42 localhost kernel: vgaarb: bridge control possible 0000:00:02.0
Oct  3 21:17:42 localhost kernel: SCSI subsystem initialized
Oct  3 21:17:42 localhost kernel: usbcore: registered new interface driver usbfs
Oct  3 21:17:42 localhost kernel: usbcore: registered new interface driver hub
Oct  3 21:17:42 localhost kernel: usbcore: registered new device driver usb
Oct  3 21:17:42 localhost kernel: PCI: Using ACPI for IRQ routing
Oct  3 21:17:42 localhost kernel: NetLabel: Initializing
Oct  3 21:17:42 localhost kernel: NetLabel:  domain hash size = 128
Oct  3 21:17:42 localhost kernel: NetLabel:  protocols = UNLABELED CIPSOv4
Oct  3 21:17:42 localhost kernel: NetLabel:  unlabeled traffic allowed by default
Oct  3 21:17:42 localhost kernel: HPET: 8 timers in total, 2 timers will be used for per-cpu timer
Oct  3 21:17:42 localhost kernel: hpet0: at MMIO 0xfed00000, IRQs 2, 8, 40, 41, 0, 0, 0, 0
Oct  3 21:17:42 localhost kernel: hpet0: 8 comparators, 64-bit 14.318180 MHz counter
Oct  3 21:17:42 localhost kernel: Switching to clocksource hpet
Oct  3 21:17:42 localhost kernel: pnp: PnP ACPI init
Oct  3 21:17:42 localhost kernel: ACPI: bus type pnp registered
Oct  3 21:17:42 localhost kernel: pnp 00:0a: can't evaluate _CRS: 12311
Oct  3 21:17:42 localhost kernel: pnp: PnP ACPI: found 11 devices
Oct  3 21:17:42 localhost kernel: ACPI: ACPI bus type pnp unregistered
Oct  3 21:17:42 localhost kernel: system 00:04: [io  0x0680-0x069f] has been reserved
Oct  3 21:17:42 localhost kernel: system 00:04: [io  0xffff] has been reserved
Oct  3 21:17:42 localhost kernel: system 00:04: [io  0xffff] has been reserved
Oct  3 21:17:42 localhost kernel: system 00:04: [io  0xffff] has been reserved
Oct  3 21:17:42 localhost kernel: system 00:04: [io  0x1800-0x18fe] has been reserved
Oct  3 21:17:42 localhost kernel: system 00:04: [io  0x164e-0x164f] has been reserved
Oct  3 21:17:42 localhost kernel: system 00:04: [io  0xfd40-0xfd6f] has been reserved
Oct  3 21:17:42 localhost kernel: system 00:06: [io  0x1854-0x1857] has been reserved
Oct  3 21:17:42 localhost kernel: system 00:08: [mem 0xfed1c000-0xfed1ffff] has been reserved
Oct  3 21:17:42 localhost kernel: system 00:08: [mem 0xfed10000-0xfed17fff] has been reserved
Oct  3 21:17:42 localhost kernel: system 00:08: [mem 0xfed18000-0xfed18fff] has been reserved
Oct  3 21:17:42 localhost kernel: system 00:08: [mem 0xfed19000-0xfed19fff] has been reserved
Oct  3 21:17:42 localhost kernel: system 00:08: [mem 0xf8000000-0xfbffffff] has been reserved
Oct  3 21:17:42 localhost kernel: system 00:08: [mem 0xfed20000-0xfed3ffff] has been reserved
Oct  3 21:17:42 localhost kernel: system 00:08: [mem 0xfed90000-0xfed93fff] has been reserved
Oct  3 21:17:42 localhost kernel: system 00:08: [mem 0xfed45000-0xfed8ffff] has been reserved
Oct  3 21:17:42 localhost kernel: system 00:08: [mem 0xff000000-0xffffffff] has been reserved
Oct  3 21:17:42 localhost kernel: system 00:08: [mem 0xfee00000-0xfeefffff] could not be reserved
Oct  3 21:17:42 localhost kernel: system 00:08: [mem 0xf7fe0000-0xf7feffff] has been reserved
Oct  3 21:17:42 localhost kernel: system 00:08: [mem 0xf7ff0000-0xf7ffffff] has been reserved
Oct  3 21:17:42 localhost kernel: system 00:09: [mem 0xfe104000-0xfe104fff] has been reserved
Oct  3 21:17:42 localhost kernel: system 00:09: [mem 0xfe106000-0xfe106fff] has been reserved
Oct  3 21:17:42 localhost kernel: pci 0000:00:1c.0: BAR 14: assigned [mem 0xdf800000-0xdf9fffff]
Oct  3 21:17:42 localhost kernel: pci 0000:00:1c.0: BAR 15: assigned [mem 0xdfa00000-0xdfbfffff 64bit pref]
Oct  3 21:17:42 localhost kernel: pci 0000:00:1c.0: BAR 13: assigned [io  0x2000-0x2fff]
Oct  3 21:17:42 localhost kernel: pci 0000:00:1c.0: PCI bridge to [bus 04-04]
Oct  3 21:17:42 localhost kernel: pci 0000:00:1c.0:   bridge window [io  0x2000-0x2fff]
Oct  3 21:17:42 localhost kernel: pci 0000:00:1c.0:   bridge window [mem 0xdf800000-0xdf9fffff]
Oct  3 21:17:42 localhost kernel: pci 0000:00:1c.0:   bridge window [mem 0xdfa00000-0xdfbfffff 64bit pref]
Oct  3 21:17:42 localhost kernel: pci 0000:00:1c.2: PCI bridge to [bus 06-06]
Oct  3 21:17:42 localhost kernel: pci 0000:00:1c.2:   bridge window [mem 0xf7100000-0xf71fffff]
Oct  3 21:17:42 localhost kernel: pci 0000:00:1c.3: PCI bridge to [bus 07-07]
Oct  3 21:17:42 localhost kernel: pci 0000:00:1c.3:   bridge window [io  0xe000-0xefff]
Oct  3 21:17:42 localhost kernel: pci 0000:00:1c.3:   bridge window [mem 0xf7000000-0xf70fffff]
Oct  3 21:17:42 localhost kernel: pci 0000:00:1c.3:   bridge window [mem 0xf0000000-0xf00fffff 64bit pref]
Oct  3 21:17:42 localhost kernel: pci 0000:00:1c.4: PCI bridge to [bus 08-08]
Oct  3 21:17:42 localhost kernel: pci 0000:00:1c.0: PCI INT A -> GSI 16 (level, low) -> IRQ 16
Oct  3 21:17:42 localhost kernel: pci 0000:00:1c.2: PCI INT C -> GSI 18 (level, low) -> IRQ 18
Oct  3 21:17:42 localhost kernel: pci 0000:00:1c.3: PCI INT D -> GSI 19 (level, low) -> IRQ 19
Oct  3 21:17:42 localhost kernel: pci 0000:00:1c.4: PCI INT A -> GSI 16 (level, low) -> IRQ 16
Oct  3 21:17:42 localhost kernel: NET: Registered protocol family 2
Oct  3 21:17:42 localhost kernel: IP route cache hash table entries: 32768 (order: 5, 131072 bytes)
Oct  3 21:17:42 localhost kernel: TCP established hash table entries: 131072 (order: 8, 1048576 bytes)
Oct  3 21:17:42 localhost kernel: TCP bind hash table entries: 65536 (order: 7, 524288 bytes)
Oct  3 21:17:42 localhost kernel: TCP: Hash tables configured (established 131072 bind 65536)
Oct  3 21:17:42 localhost kernel: TCP reno registered
Oct  3 21:17:42 localhost kernel: NET: Registered protocol family 1
Oct  3 21:17:42 localhost kernel: pci 0000:00:14.0: power state changed by ACPI to D0
Oct  3 21:17:42 localhost kernel: pci 0000:00:14.0: power state changed by ACPI to D0
Oct  3 21:17:42 localhost kernel: pci 0000:00:14.0: PCI INT A -> GSI 21 (level, low) -> IRQ 21
Oct  3 21:17:42 localhost kernel: pci 0000:00:14.0: PCI INT A disabled
Oct  3 21:17:42 localhost kernel: pci 0000:00:1d.0: PCI INT A -> GSI 21 (level, low) -> IRQ 21
Oct  3 21:17:42 localhost kernel: pci 0000:00:1d.0: PCI INT A disabled
Oct  3 21:17:42 localhost kernel: Trying to unpack rootfs image as initramfs...
Oct  3 21:17:42 localhost kernel: Freeing initrd memory: 20733k freed
Oct  3 21:17:42 localhost kernel: dmar: Host address width 39
Oct  3 21:17:42 localhost kernel: dmar: DRHD base: 0x000000fed90000 flags: 0x0
Oct  3 21:17:42 localhost kernel: dmar: IOMMU 0: reg_base_addr fed90000 ver 1:0 cap 1c0000c40660462 ecap 7e1ff0505e
Oct  3 21:17:42 localhost kernel: dmar: DRHD base: 0x000000fed91000 flags: 0x1
Oct  3 21:17:42 localhost kernel: dmar: IOMMU 1: reg_base_addr fed91000 ver 1:0 cap d2008c20660462 ecap f010da
Oct  3 21:17:42 localhost kernel: dmar: RMRR base: 0x000000dbef6000 end: 0x000000dbf04fff
Oct  3 21:17:42 localhost kernel: dmar: RMRR base: 0x000000dd000000 end: 0x000000df7fffff
Oct  3 21:17:42 localhost kernel: dmar: No ATSR found
Oct  3 21:17:42 localhost kernel: Simple Boot Flag at 0x47 set to 0x1
Oct  3 21:17:42 localhost kernel: apm: BIOS not found.
Oct  3 21:17:42 localhost kernel: futex hash table entries: 512 (order: 2, 16384 bytes)
Oct  3 21:17:42 localhost kernel: audit: initializing netlink socket (disabled)
Oct  3 21:17:42 localhost kernel: type=2000 audit(1475529431.106:1): initialized
Oct  3 21:17:42 localhost kernel: highmem bounce pool size: 64 pages
Oct  3 21:17:42 localhost kernel: HugeTLB registered 2 MB page size, pre-allocated 0 pages
Oct  3 21:17:42 localhost kernel: VFS: Disk quotas dquot_6.5.2
Oct  3 21:17:42 localhost kernel: Dquot-cache hash table entries: 1024 (order 0, 4096 bytes)
Oct  3 21:17:42 localhost kernel: msgmni has been set to 1429
Oct  3 21:17:42 localhost kernel: ksign: Installing public key data
Oct  3 21:17:42 localhost kernel: Loading keyring
Oct  3 21:17:42 localhost kernel: - Added public key 907B76A5A28D5DAA
Oct  3 21:17:42 localhost kernel: - User ID: CentOS (Kernel Module GPG key)
Oct  3 21:17:42 localhost kernel: Block layer SCSI generic (bsg) driver version 0.4 loaded (major 250)
Oct  3 21:17:42 localhost kernel: io scheduler noop registered
Oct  3 21:17:42 localhost kernel: io scheduler anticipatory registered
Oct  3 21:17:42 localhost kernel: io scheduler deadline registered
Oct  3 21:17:42 localhost kernel: io scheduler cfq registered (default)
Oct  3 21:17:42 localhost kernel: pci_hotplug: PCI Hot Plug PCI Core version: 0.5
Oct  3 21:17:42 localhost kernel: pciehp: PCI Express Hot Plug Controller Driver version: 0.4
Oct  3 21:17:42 localhost kernel: acpiphp: ACPI Hot Plug PCI Controller Driver version: 0.5
Oct  3 21:17:42 localhost kernel: acpiphp: Slot [1] registered
Oct  3 21:17:42 localhost kernel: ACPI: AC Adapter [AC] (on-line)
Oct  3 21:17:42 localhost kernel: input: Lid Switch as /devices/LNXSYSTM:00/LNXSYBUS:00/PNP0C0D:00/input/input0
Oct  3 21:17:42 localhost kernel: ACPI: Lid Switch [LID0]
Oct  3 21:17:42 localhost kernel: input: Power Button as /devices/LNXSYSTM:00/LNXSYBUS:00/PNP0C0C:00/input/input1
Oct  3 21:17:42 localhost kernel: ACPI: Power Button [PBTN]
Oct  3 21:17:42 localhost kernel: input: Sleep Button as /devices/LNXSYSTM:00/LNXSYBUS:00/PNP0C0E:00/input/input2
Oct  3 21:17:42 localhost kernel: ACPI: Sleep Button [SBTN]
Oct  3 21:17:42 localhost kernel: input: Power Button as /devices/LNXSYSTM:00/LNXPWRBN:00/input/input3
Oct  3 21:17:42 localhost kernel: ACPI: Power Button [PWRF]
Oct  3 21:17:42 localhost kernel: ACPI: SSDT db36c618 005AA (v02  PmRef    ApIst 00003000 INTL 20120913)
Oct  3 21:17:42 localhost kernel: ACPI: SSDT db3bbc18 00119 (v02  PmRef    ApCst 00003000 INTL 20120913)
Oct  3 21:17:42 localhost kernel: [Firmware Bug]: No valid trip found
Oct  3 21:17:42 localhost kernel: thermal LNXTHERM:01: registered as thermal_zone0
Oct  3 21:17:42 localhost kernel: ACPI: Thermal Zone [THM] (25 C)
Oct  3 21:17:42 localhost kernel: GHES: HEST is not enabled!
Oct  3 21:17:42 localhost kernel: isapnp: Scanning for PnP cards...
Oct  3 21:17:42 localhost kernel: ACPI: Battery Slot [BAT0] (battery present)
Oct  3 21:17:42 localhost kernel: isapnp: No Plug & Play device found
Oct  3 21:17:42 localhost kernel: Non-volatile memory driver v1.3
Oct  3 21:17:42 localhost kernel: Linux agpgart interface v0.103
Oct  3 21:17:42 localhost kernel: crash memory driver: version 1.1
Oct  3 21:17:42 localhost kernel: Serial: 8250/16550 driver, 4 ports, IRQ sharing enabled
Oct  3 21:17:42 localhost kernel: brd: module loaded
Oct  3 21:17:42 localhost kernel: loop: module loaded
Oct  3 21:17:42 localhost kernel: input: Macintosh mouse button emulation as /devices/virtual/input/input4
Oct  3 21:17:42 localhost kernel: Fixed MDIO Bus: probed
Oct  3 21:17:42 localhost kernel: ehci_hcd: USB 2.0 'Enhanced' Host Controller (EHCI) Driver
Oct  3 21:17:42 localhost kernel: ehci_hcd 0000:00:1d.0: PCI INT A -> GSI 21 (level, low) -> IRQ 21
Oct  3 21:17:42 localhost kernel: ehci_hcd 0000:00:1d.0: EHCI Host Controller
Oct  3 21:17:42 localhost kernel: ehci_hcd 0000:00:1d.0: new USB bus registered, assigned bus number 1
Oct  3 21:17:42 localhost kernel: ehci_hcd 0000:00:1d.0: debug port 2
Oct  3 21:17:42 localhost kernel: ehci_hcd 0000:00:1d.0: irq 21, io mem 0xf721a000
Oct  3 21:17:42 localhost kernel: ehci_hcd 0000:00:1d.0: USB 2.0 started, EHCI 1.00
Oct  3 21:17:42 localhost kernel: usb usb1: New USB device found, idVendor=1d6b, idProduct=0002
Oct  3 21:17:42 localhost kernel: usb usb1: New USB device strings: Mfr=3, Product=2, SerialNumber=1
Oct  3 21:17:42 localhost kernel: usb usb1: Product: EHCI Host Controller
Oct  3 21:17:42 localhost kernel: usb usb1: Manufacturer: Linux 2.6.32-642.3.1.el6.i686 ehci_hcd
Oct  3 21:17:42 localhost kernel: usb usb1: SerialNumber: 0000:00:1d.0
Oct  3 21:17:42 localhost kernel: usb usb1: configuration #1 chosen from 1 choice
Oct  3 21:17:42 localhost kernel: hub 1-0:1.0: USB hub found
Oct  3 21:17:42 localhost kernel: hub 1-0:1.0: 2 ports detected
Oct  3 21:17:42 localhost kernel: ohci_hcd: USB 1.1 'Open' Host Controller (OHCI) Driver
Oct  3 21:17:42 localhost kernel: uhci_hcd: USB Universal Host Controller Interface driver
Oct  3 21:17:42 localhost kernel: PNP: PS/2 Controller [PNP0f13:PS2M] at 0x0,0x0 irq 12
Oct  3 21:17:42 localhost kernel: PNP: PS/2 controller has invalid data port 0x0; using default 0x60
Oct  3 21:17:42 localhost kernel: PNP: PS/2 controller has invalid command port 0x0; using default 0x64
Oct  3 21:17:42 localhost kernel: PNP: PS/2 controller doesn't have KBD irq; using default 1
Oct  3 21:17:42 localhost kernel: serio: i8042 KBD port at 0x60,0x64 irq 1
Oct  3 21:17:42 localhost kernel: serio: i8042 AUX port at 0x60,0x64 irq 12
Oct  3 21:17:42 localhost kernel: mice: PS/2 mouse device common for all mice
Oct  3 21:17:42 localhost kernel: rtc_cmos 00:05: RTC can wake from S4
Oct  3 21:17:42 localhost kernel: rtc_cmos 00:05: rtc core: registered rtc_cmos as rtc0
Oct  3 21:17:42 localhost kernel: rtc0: alarms up to one month, y3k, 242 bytes nvram, hpet irqs
Oct  3 21:17:42 localhost kernel: cpuidle: using governor ladder
Oct  3 21:17:42 localhost kernel: cpuidle: using governor menu
Oct  3 21:17:42 localhost kernel: EFI Variables Facility v0.08 2004-May-17
Oct  3 21:17:42 localhost kernel: usbcore: registered new interface driver hiddev
Oct  3 21:17:42 localhost kernel: usbcore: registered new interface driver usbhid
Oct  3 21:17:42 localhost kernel: usbhid: v2.6:USB HID core driver
Oct  3 21:17:42 localhost kernel: GRE over IPv4 demultiplexor driver
Oct  3 21:17:42 localhost kernel: TCP cubic registered
Oct  3 21:17:42 localhost kernel: Initializing XFRM netlink socket
Oct  3 21:17:42 localhost kernel: NET: Registered protocol family 17
Oct  3 21:17:42 localhost kernel: Using IPI No-Shortcut mode
Oct  3 21:17:42 localhost kernel: registered taskstats version 1
Oct  3 21:17:42 localhost kernel: rtc_cmos 00:05: setting system clock to 2016-10-03 21:17:12 UTC (1475529432)
Oct  3 21:17:42 localhost kernel: Initalizing network drop monitor service
Oct  3 21:17:42 localhost kernel: Freeing unused kernel memory: 556k freed
Oct  3 21:17:42 localhost kernel: Write protecting the kernel text: 4616k
Oct  3 21:17:42 localhost kernel: Write protecting the kernel read-only data: 1992k
Oct  3 21:17:42 localhost kernel: dracut: dracut-004-409.el6_8.2
Oct  3 21:17:42 localhost kernel: dracut: rd_NO_LUKS: removing cryptoluks activation
Oct  3 21:17:42 localhost kernel: dracut: rd_NO_LVM: removing LVM activation
Oct  3 21:17:42 localhost kernel: input: AT Translated Set 2 keyboard as /devices/platform/i8042/serio0/input/input5
Oct  3 21:17:42 localhost kernel: device-mapper: uevent: version 1.0.3
Oct  3 21:17:42 localhost kernel: device-mapper: ioctl: 4.33.1-ioctl (2015-8-18) initialised: dm-devel@redhat.com
Oct  3 21:17:42 localhost kernel: udev: starting version 147
Oct  3 21:17:42 localhost kernel: usb 1-1: new high speed USB device number 2 using ehci_hcd
Oct  3 21:17:42 localhost kernel: Refined TSC clocksource calibration: 1696.073 MHz.
Oct  3 21:17:42 localhost kernel: Switching to clocksource tsc
Oct  3 21:17:42 localhost kernel: [drm] Initialized drm 1.1.0 20060810
Oct  3 21:17:42 localhost kernel: usb 1-1: New USB device found, idVendor=8087, idProduct=8001
Oct  3 21:17:42 localhost kernel: usb 1-1: New USB device strings: Mfr=0, Product=0, SerialNumber=0
Oct  3 21:17:42 localhost kernel: usb 1-1: configuration #1 chosen from 1 choice
Oct  3 21:17:42 localhost kernel: hub 1-1:1.0: USB hub found
Oct  3 21:17:42 localhost kernel: hub 1-1:1.0: 8 ports detected
Oct  3 21:17:42 localhost kernel: i915 0000:00:02.0: can't derive routing for PCI INT A
Oct  3 21:17:42 localhost kernel: i915 0000:00:02.0: PCI INT A: no GSI
Oct  3 21:17:42 localhost kernel: [drm] Memory usable by graphics device = 2048M
Oct  3 21:17:42 localhost kernel: [drm] Supports vblank timestamp caching Rev 2 (21.10.2013).
Oct  3 21:17:42 localhost kernel: [drm] Driver supports precise vblank timestamp query.
Oct  3 21:17:42 localhost kernel: vgaarb: device changed decodes: PCI:0000:00:02.0,olddecodes=io+mem,decodes=io+mem:owns=io+mem
Oct  3 21:17:42 localhost kernel: ACPI: Video Device [GFX0] (multi-head: yes  rom: no  post: no)
Oct  3 21:17:42 localhost kernel: input: Video Bus as /devices/LNXSYSTM:00/LNXSYBUS:00/PNP0A08:00/LNXVIDEO:00/input/input6
Oct  3 21:17:42 localhost kernel: [drm] Initialized i915 1.6.0 20151010 for 0000:00:02.0 on minor 0
Oct  3 21:17:42 localhost kernel: fbcon: inteldrmfb (fb0) is primary device
Oct  3 21:17:42 localhost kernel: ------------[ cut here ]------------
Oct  3 21:17:42 localhost kernel: WARNING: at drivers/gpu/drm/i915/intel_uncore.c:619 hsw_unclaimed_reg_debug+0x7c/0xb0 [i915]() (Not tainted)
Oct  3 21:17:42 localhost kernel: Hardware name: Vostro 3558
Oct  3 21:17:42 localhost kernel: Unclaimed register detected before reading register 0x64010
Oct  3 21:17:42 localhost kernel: Modules linked in: i915 drm_kms_helper drm i2c_algo_bit i2c_core video output dm_mirror dm_region_hash dm_log dm_mod
Oct  3 21:17:42 localhost kernel: Pid: 11, comm: events/0 Not tainted 2.6.32-642.3.1.el6.i686 #1
Oct  3 21:17:42 localhost kernel: Call Trace:
Oct  3 21:17:42 localhost kernel: [<c0462269>] ? warn_slowpath_common+0x89/0xe0
Oct  3 21:17:42 localhost kernel: [<f81d0dfc>] ? hsw_unclaimed_reg_debug+0x7c/0xb0 [i915]
Oct  3 21:17:42 localhost kernel: [<c0462353>] ? warn_slowpath_fmt+0x33/0x50
Oct  3 21:17:42 localhost kernel: [<f81d0dfc>] ? hsw_unclaimed_reg_debug+0x7c/0xb0 [i915]
Oct  3 21:17:42 localhost kernel: [<f81d4171>] ? gen6_read32+0x41/0x130 [i915]
Oct  3 21:17:42 localhost kernel: [<f821a141>] ? intel_dp_aux_ch+0x421/0x5d0 [i915]
Oct  3 21:17:42 localhost kernel: [<c0485990>] ? autoremove_wake_function+0x0/0x40
Oct  3 21:17:42 localhost kernel: [<f821a3c7>] ? intel_dp_aux_transfer+0xd7/0x200 [i915]
Oct  3 21:17:42 localhost kernel: [<f800bb3f>] ? drm_dp_dpcd_access+0x5f/0x100 [drm_kms_helper]
Oct  3 21:17:42 localhost kernel: [<f800bb3f>] ? drm_dp_dpcd_access+0x5f/0x100 [drm_kms_helper]
Oct  3 21:17:42 localhost kernel: [<f800bb32>] ? drm_dp_dpcd_access+0x52/0x100 [drm_kms_helper]
Oct  3 21:17:42 localhost kernel: [<f800bbfb>] ? drm_dp_dpcd_write+0x1b/0x20 [drm_kms_helper]
Oct  3 21:17:42 localhost kernel: [<f82185c8>] ? intel_dp_detect+0x178/0x470 [i915]
Oct  3 21:17:42 localhost kernel: [<f800c763>] ? drm_helper_probe_single_connector_modes_merge_bits+0x1d3/0x450 [drm_kms_helper]
Oct  3 21:17:42 localhost kernel: [<c061a600>] ? kobject_uevent_env+0x1e0/0x5e0
Oct  3 21:17:42 localhost kernel: [<f800ca0f>] ? drm_helper_probe_single_connector_modes+0xf/0x20 [drm_kms_helper]
Oct  3 21:17:42 localhost kernel: [<f80179f2>] ? drm_fb_helper_hotplug_event+0x102/0x160 [drm_kms_helper]
Oct  3 21:17:42 localhost kernel: [<f800c589>] ? drm_kms_helper_hotplug_event+0x19/0x20 [drm_kms_helper]
Oct  3 21:17:42 localhost kernel: [<f800cc13>] ? output_poll_execute+0x93/0x1e0 [drm_kms_helper]
Oct  3 21:17:42 localhost kernel: [<c048b5bb>] ? up+0xb/0x40
Oct  3 21:17:42 localhost kernel: [<f800cb80>] ? output_poll_execute+0x0/0x1e0 [drm_kms_helper]
Oct  3 21:17:42 localhost kernel: [<c04801ab>] ? worker_thread+0x11b/0x230
Oct  3 21:17:42 localhost kernel: [<c0485990>] ? autoremove_wake_function+0x0/0x40
Oct  3 21:17:42 localhost kernel: [<c0480090>] ? worker_thread+0x0/0x230
Oct  3 21:17:42 localhost kernel: [<c048564c>] ? kthread+0x7c/0xa0
Oct  3 21:17:42 localhost kernel: [<c04855d0>] ? kthread+0x0/0xa0
Oct  3 21:17:42 localhost kernel: [<c040a11f>] ? kernel_thread_helper+0x7/0x10
Oct  3 21:17:42 localhost kernel: ---[ end trace 2eb97fa50f13d417 ]---
Oct  3 21:17:42 localhost kernel: Synaptics queried max coordinates: x [..5662], y [..4642]
Oct  3 21:17:42 localhost kernel: Synaptics queried min coordinates: x [1322..], y [1276..]
Oct  3 21:17:42 localhost kernel: Touchpad model: 1, fw: 8.1, id: 0x1e2a1, caps: 0xf40223/0x840300/0x12e800, board id: 3108, fw id: 1774117
Oct  3 21:17:42 localhost kernel: input: SynPS/2 Synaptics TouchPad as /devices/platform/i8042/serio1/input/input7
Oct  3 21:17:42 localhost kernel: Console: switching to colour frame buffer device 170x48
Oct  3 21:17:42 localhost kernel: i915 0000:00:02.0: fb0: inteldrmfb frame buffer device
Oct  3 21:17:42 localhost kernel: ACPI: WMI: Mapper loaded
Oct  3 21:17:42 localhost kernel: dracut: Starting plymouth daemon
Oct  3 21:17:42 localhost kernel: dracut: rd_NO_DM: removing DM RAID activation
Oct  3 21:17:42 localhost kernel: dracut: rd_NO_MD: removing MD RAID activation
Oct  3 21:17:42 localhost kernel: xhci_hcd 0000:00:14.0: power state changed by ACPI to D0
Oct  3 21:17:42 localhost kernel: xhci_hcd 0000:00:14.0: power state changed by ACPI to D0
Oct  3 21:17:42 localhost kernel: xhci_hcd 0000:00:14.0: PCI INT A -> GSI 21 (level, low) -> IRQ 21
Oct  3 21:17:42 localhost kernel: xhci_hcd 0000:00:14.0: xHCI Host Controller
Oct  3 21:17:42 localhost kernel: xhci_hcd 0000:00:14.0: new USB bus registered, assigned bus number 2
Oct  3 21:17:42 localhost kernel: usb usb2: New USB device found, idVendor=1d6b, idProduct=0002
Oct  3 21:17:42 localhost kernel: usb usb2: New USB device strings: Mfr=3, Product=2, SerialNumber=1
Oct  3 21:17:42 localhost kernel: usb usb2: Product: xHCI Host Controller
Oct  3 21:17:42 localhost kernel: usb usb2: Manufacturer: Linux 2.6.32-642.3.1.el6.i686 xhci_hcd
Oct  3 21:17:42 localhost kernel: usb usb2: SerialNumber: 0000:00:14.0
Oct  3 21:17:42 localhost kernel: usb usb2: configuration #1 chosen from 1 choice
Oct  3 21:17:42 localhost kernel: hub 2-0:1.0: USB hub found
Oct  3 21:17:42 localhost kernel: hub 2-0:1.0: 11 ports detected
Oct  3 21:17:42 localhost kernel: xhci_hcd 0000:00:14.0: xHCI Host Controller
Oct  3 21:17:42 localhost kernel: xhci_hcd 0000:00:14.0: new USB bus registered, assigned bus number 3
Oct  3 21:17:42 localhost kernel: usb usb3: config 1 interface 0 altsetting 0 endpoint 0x81 has no SuperSpeed companion descriptor
Oct  3 21:17:42 localhost kernel: usb usb3: New USB device found, idVendor=1d6b, idProduct=0003
Oct  3 21:17:42 localhost kernel: usb usb3: New USB device strings: Mfr=3, Product=2, SerialNumber=1
Oct  3 21:17:42 localhost kernel: usb usb3: Product: xHCI Host Controller
Oct  3 21:17:42 localhost kernel: usb usb3: Manufacturer: Linux 2.6.32-642.3.1.el6.i686 xhci_hcd
Oct  3 21:17:42 localhost kernel: usb usb3: SerialNumber: 0000:00:14.0
Oct  3 21:17:42 localhost kernel: usb usb3: configuration #1 chosen from 1 choice
Oct  3 21:17:42 localhost kernel: hub 3-0:1.0: USB hub found
Oct  3 21:17:42 localhost kernel: hub 3-0:1.0: 4 ports detected
Oct  3 21:17:42 localhost kernel: ahci 0000:00:1f.2: PCI INT B -> GSI 19 (level, low) -> IRQ 19
Oct  3 21:17:42 localhost kernel: ahci 0000:00:1f.2: AHCI 0001.0300 32 slots 2 ports 6 Gbps 0x3 impl SATA mode
Oct  3 21:17:42 localhost kernel: ahci 0000:00:1f.2: flags: 64bit ncq pm led clo only pio slum part apst 
Oct  3 21:17:42 localhost kernel: scsi0 : ahci
Oct  3 21:17:42 localhost kernel: scsi1 : ahci
Oct  3 21:17:42 localhost kernel: ata1: SATA max UDMA/133 abar m2048@0xf7219000 port 0xf7219100 irq 44
Oct  3 21:17:42 localhost kernel: ata2: SATA max UDMA/133 abar m2048@0xf7219000 port 0xf7219180 irq 44
Oct  3 21:17:42 localhost kernel: usb 2-5: new high speed USB device number 2 using xhci_hcd
Oct  3 21:17:42 localhost kernel: ata2: SATA link up 1.5 Gbps (SStatus 113 SControl 300)
Oct  3 21:17:42 localhost kernel: ata1: SATA link up 1.5 Gbps (SStatus 113 SControl 300)
Oct  3 21:17:42 localhost kernel: ata1.00: ATA-8: FUJITSU MHY2080BH, 0084000D, max UDMA/100
Oct  3 21:17:42 localhost kernel: ata1.00: 156301488 sectors, multi 16: LBA48 NCQ (depth 31/32), AA
Oct  3 21:17:42 localhost kernel: ata1.00: configured for UDMA/100
Oct  3 21:17:42 localhost kernel: scsi 0:0:0:0: Direct-Access     ATA      FUJITSU MHY2080B 000D PQ: 0 ANSI: 5
Oct  3 21:17:42 localhost kernel: ata2.00: ATAPI: PLDS DVD+/-RW DU-8A5LH, DD11, max UDMA/133, ATAPI AN
Oct  3 21:17:42 localhost kernel: ata2.00: configured for UDMA/133
Oct  3 21:17:42 localhost kernel: scsi 1:0:0:0: CD-ROM            PLDS     DVD+-RW DU-8A5LH DD11 PQ: 0 ANSI: 5
Oct  3 21:17:42 localhost kernel: sr0: scsi3-mmc drive: 24x/24x writer dvd-ram cd/rw xa/form2 cdda tray
Oct  3 21:17:42 localhost kernel: Uniform CD-ROM driver Revision: 3.20
Oct  3 21:17:42 localhost kernel: sd 0:0:0:0: [sda] 156301488 512-byte logical blocks: (80.0 GB/74.5 GiB)
Oct  3 21:17:42 localhost kernel: sd 0:0:0:0: [sda] Write Protect is off
Oct  3 21:17:42 localhost kernel: sd 0:0:0:0: [sda] Write cache: enabled, read cache: enabled, doesn't support DPO or FUA
Oct  3 21:17:42 localhost kernel: sda:
Oct  3 21:17:42 localhost kernel: usb 2-5: New USB device found, idVendor=064e, idProduct=9209
Oct  3 21:17:42 localhost kernel: usb 2-5: New USB device strings: Mfr=3, Product=1, SerialNumber=2
Oct  3 21:17:42 localhost kernel: usb 2-5: Product: Integrated_Webcam_HD
Oct  3 21:17:42 localhost kernel: usb 2-5: Manufacturer: SuYin
Oct  3 21:17:42 localhost kernel: usb 2-5: SerialNumber: HF1026-T838-HN01-C-REV4261
Oct  3 21:17:42 localhost kernel: usb 2-5: configuration #1 chosen from 1 choice
Oct  3 21:17:42 localhost kernel: sda1 sda2 sda3
Oct  3 21:17:42 localhost kernel: sd 0:0:0:0: [sda] Attached SCSI disk
Oct  3 21:17:42 localhost kernel: usb 2-6: new full speed USB device number 3 using xhci_hcd
Oct  3 21:17:42 localhost kernel: usb 2-6: New USB device found, idVendor=8087, idProduct=07dc
Oct  3 21:17:42 localhost kernel: usb 2-6: New USB device strings: Mfr=0, Product=0, SerialNumber=0
Oct  3 21:17:42 localhost kernel: usb 2-6: configuration #1 chosen from 1 choice
Oct  3 21:17:42 localhost kernel: usb 2-8: new high speed USB device number 4 using xhci_hcd
Oct  3 21:17:42 localhost kernel: EXT4-fs (sda2): mounted filesystem with ordered data mode. Opts: 
Oct  3 21:17:42 localhost kernel: usb 2-8: New USB device found, idVendor=0bda, idProduct=0129
Oct  3 21:17:42 localhost kernel: usb 2-8: New USB device strings: Mfr=1, Product=2, SerialNumber=3
Oct  3 21:17:42 localhost kernel: usb 2-8: Product: USB2.0-CRW
Oct  3 21:17:42 localhost kernel: usb 2-8: Manufacturer: Generic
Oct  3 21:17:42 localhost kernel: usb 2-8: SerialNumber: 20100201396000000
Oct  3 21:17:42 localhost kernel: usb 2-8: configuration #1 chosen from 1 choice
Oct  3 21:17:42 localhost kernel: dracut: Mounted root filesystem /dev/sda2
Oct  3 21:17:42 localhost kernel: SELinux:  Disabled at runtime.
Oct  3 21:17:42 localhost kernel: type=1404 audit(1475529436.430:2): selinux=0 auid=4294967295 ses=4294967295
Oct  3 21:17:42 localhost kernel: dracut: 
Oct  3 21:17:42 localhost kernel: dracut: Switching root
Oct  3 21:17:42 localhost kernel: udev: starting version 147
Oct  3 21:17:42 localhost kernel: snd_hda_intel 0000:00:03.0: PCI INT A -> GSI 16 (level, low) -> IRQ 16
Oct  3 21:17:42 localhost kernel: snd_hda_intel 0000:00:03.0: bound 0000:00:02.0 (ops i915_audio_component_bind_ops)
Oct  3 21:17:42 localhost kernel: snd_hda_intel 0000:00:1b.0: PCI INT A -> GSI 22 (level, low) -> IRQ 22
Oct  3 21:17:42 localhost kernel: input: HDA Intel HDMI HDMI/DP,pcm=3 as /devices/pci0000:00/0000:00:03.0/sound/card0/input8
Oct  3 21:17:42 localhost kernel: input: HDA Intel HDMI HDMI/DP,pcm=7 as /devices/pci0000:00/0000:00:03.0/sound/card0/input9
Oct  3 21:17:42 localhost kernel: input: HDA Intel HDMI HDMI/DP,pcm=8 as /devices/pci0000:00/0000:00:03.0/sound/card0/input10
Oct  3 21:17:42 localhost kernel: i801_smbus 0000:00:1f.3: PCI INT C -> GSI 18 (level, low) -> IRQ 18
Oct  3 21:17:42 localhost kernel: ACPI Warning: SystemIO range 0x0000f040-0x0000f05f conflicts with OpRegion 0x0000f040-0x0000f04f (\_SB_.PCI0.SBUS.SMBI) (20090903/utaddress-254)
Oct  3 21:17:42 localhost kernel: ACPI: If an ACPI driver is available for this device, you should use it instead of the native driver
Oct  3 21:17:42 localhost kernel: sound hdaudioC1D0: autoconfig for ALC3234: line_outs=1 (0x14/0x0/0x0/0x0/0x0) type:speaker
Oct  3 21:17:42 localhost kernel: sound hdaudioC1D0:    speaker_outs=0 (0x0/0x0/0x0/0x0/0x0)
Oct  3 21:17:42 localhost kernel: sound hdaudioC1D0:    hp_outs=1 (0x21/0x0/0x0/0x0/0x0)
Oct  3 21:17:42 localhost kernel: sound hdaudioC1D0:    mono: mono_out=0x0
Oct  3 21:17:42 localhost kernel: sound hdaudioC1D0:    inputs:
Oct  3 21:17:42 localhost kernel: sound hdaudioC1D0:      Headset Mic=0x19
Oct  3 21:17:42 localhost kernel: sound hdaudioC1D0:      Headphone Mic=0x1a
Oct  3 21:17:42 localhost kernel: sound hdaudioC1D0:      Internal Mic=0x12
Oct  3 21:17:42 localhost kernel: input: HDA Intel PCH Headphone Mic as /devices/pci0000:00/0000:00:1b.0/sound/card1/input11
Oct  3 21:17:42 localhost kernel: Linux video capture interface: v2.00
Oct  3 21:17:42 localhost kernel: uvcvideo: Found UVC 1.00 device Integrated_Webcam_HD (064e:9209)
Oct  3 21:17:42 localhost kernel: input: Integrated_Webcam_HD as /devices/pci0000:00/0000:00:14.0/usb2/2-5/2-5:1.0/input/input12
Oct  3 21:17:42 localhost kernel: usbcore: registered new interface driver uvcvideo
Oct  3 21:17:42 localhost kernel: USB Video Class driver (v1.0.0)
Oct  3 21:17:42 localhost kernel: Bluetooth: Core ver 2.15
Oct  3 21:17:42 localhost kernel: NET: Registered protocol family 31
Oct  3 21:17:42 localhost kernel: Bluetooth: HCI device and connection manager initialized
Oct  3 21:17:42 localhost kernel: Bluetooth: HCI socket layer initialized
Oct  3 21:17:42 localhost kernel: Bluetooth: Generic Bluetooth USB driver ver 0.6
Oct  3 21:17:42 localhost kernel: usbcore: registered new interface driver btusb
Oct  3 21:17:42 localhost kernel: usbcore: registered new interface driver rtsx_usb
Oct  3 21:17:42 localhost kernel: sd 0:0:0:0: Attached scsi generic sg0 type 0
Oct  3 21:17:42 localhost kernel: sr 1:0:0:0: Attached scsi generic sg1 type 5
Oct  3 21:17:42 localhost kernel: Intel(R) Wireless WiFi driver for Linux
Oct  3 21:17:42 localhost kernel: Copyright(c) 2003- 2015 Intel Corporation
Oct  3 21:17:42 localhost kernel: iwlwifi 0000:06:00.0: PCI INT A -> GSI 18 (level, low) -> IRQ 18
Oct  3 21:17:42 localhost kernel: iwlwifi 0000:06:00.0: firmware: requesting iwlwifi-3160-17.ucode
Oct  3 21:17:42 localhost kernel: r8169 Gigabit Ethernet driver 2.3LK-NAPI loaded
Oct  3 21:17:42 localhost kernel: r8169 0000:07:00.0: PCI INT A -> GSI 19 (level, low) -> IRQ 19
Oct  3 21:17:42 localhost kernel: r8169 0000:07:00.0: eth0: RTL8168g/8111g at 0xf938c000, 28:f1:0e:12:85:de, XID 0c000800 IRQ 48
Oct  3 21:17:42 localhost kernel: r8169 0000:07:00.0: eth0: jumbo features [frames: 9200 bytes, tx checksumming: ko]
Oct  3 21:17:42 localhost kernel: iwlwifi 0000:06:00.0: firmware: requesting iwlwifi-3160-16.ucode
Oct  3 21:17:42 localhost kernel: dcdbas dcdbas: Dell Systems Management Base Driver (version 5.6.0-3.2)
Oct  3 21:17:42 localhost kernel: iwlwifi 0000:06:00.0: loaded firmware version 16.242414.0 op_mode iwlmvm
Oct  3 21:17:42 localhost kernel: NET: Registered protocol family 10
Oct  3 21:17:42 localhost kernel: lo: Disabled Privacy Extensions
Oct  3 21:17:42 localhost kernel: microcode: CPU0 sig=0x306d4, pf=0x40, revision=0x22
Oct  3 21:17:42 localhost kernel: platform microcode: firmware: requesting intel-ucode/06-3d-04
Oct  3 21:17:42 localhost kernel: microcode: CPU1 sig=0x306d4, pf=0x40, revision=0x22
Oct  3 21:17:42 localhost kernel: platform microcode: firmware: requesting intel-ucode/06-3d-04
Oct  3 21:17:42 localhost kernel: Microcode Update Driver: v2.00 <tigran@aivazian.fsnet.co.uk>, Peter Oruba
Oct  3 21:17:42 localhost kernel: iwlwifi 0000:06:00.0: Detected Intel(R) Dual Band Wireless AC 3160, REV=0x164
Oct  3 21:17:42 localhost kernel: iwlwifi 0000:06:00.0: L1 Disabled - LTR Enabled
Oct  3 21:17:42 localhost kernel: iwlwifi 0000:06:00.0: L1 Disabled - LTR Enabled
Oct  3 21:17:42 localhost kernel: Registered led device: phy0-led
Oct  3 21:17:42 localhost kernel: udev: renamed network interface eth0 to p4p2
Oct  3 21:17:42 localhost kernel: iTCO_vendor_support: vendor-support=0
Oct  3 21:17:42 localhost kernel: udev: renamed network interface wlan0 to wlan8
Oct  3 21:17:42 localhost kernel: iTCO_wdt: Intel TCO WatchDog Timer Driver v1.11rh
Oct  3 21:17:42 localhost kernel: iTCO_wdt: Found a Lynx Point_LP TCO device (Version=2, TCOBASE=0x1860)
Oct  3 21:17:42 localhost kernel: iTCO_wdt: initialized. heartbeat=30 sec (nowayout=0)
Oct  3 21:17:42 localhost kernel: Registered led device: mmc0::
Oct  3 21:17:42 localhost kernel: cfg80211: World regulatory domain updated:
Oct  3 21:17:42 localhost kernel: cfg80211:  DFS Master region: unset
Oct  3 21:17:42 localhost kernel: cfg80211:   (start_freq - end_freq @ bandwidth), (max_antenna_gain, max_eirp), (dfs_cac_time)
Oct  3 21:17:42 localhost kernel: cfg80211:   (2402000 KHz - 2472000 KHz @ 40000 KHz), (N/A, 2000 mBm), (N/A)
Oct  3 21:17:42 localhost kernel: cfg80211:   (2457000 KHz - 2482000 KHz @ 40000 KHz), (N/A, 2000 mBm), (N/A)
Oct  3 21:17:42 localhost kernel: cfg80211:   (2474000 KHz - 2494000 KHz @ 20000 KHz), (N/A, 2000 mBm), (N/A)
Oct  3 21:17:42 localhost kernel: cfg80211:   (5170000 KHz - 5250000 KHz @ 80000 KHz, 160000 KHz AUTO), (N/A, 2000 mBm), (N/A)
Oct  3 21:17:42 localhost kernel: cfg80211:   (5250000 KHz - 5330000 KHz @ 80000 KHz, 160000 KHz AUTO), (N/A, 2000 mBm), (0 s)
Oct  3 21:17:42 localhost kernel: cfg80211:   (5490000 KHz - 5730000 KHz @ 160000 KHz), (N/A, 2000 mBm), (0 s)
Oct  3 21:17:42 localhost kernel: cfg80211:   (5735000 KHz - 5835000 KHz @ 80000 KHz), (N/A, 2000 mBm), (N/A)
Oct  3 21:17:42 localhost kernel: cfg80211:   (57240000 KHz - 63720000 KHz @ 2160000 KHz), (N/A, 0 mBm), (N/A)
Oct  3 21:17:42 localhost kernel: cfg80211: Regulatory domain changed to country: JP
Oct  3 21:17:42 localhost kernel: cfg80211:  DFS Master region: JP
Oct  3 21:17:42 localhost kernel: cfg80211:   (start_freq - end_freq @ bandwidth), (max_antenna_gain, max_eirp), (dfs_cac_time)
Oct  3 21:17:42 localhost kernel: cfg80211:   (2402000 KHz - 2482000 KHz @ 40000 KHz), (N/A, 2000 mBm), (N/A)
Oct  3 21:17:42 localhost kernel: cfg80211:   (2474000 KHz - 2494000 KHz @ 20000 KHz), (N/A, 2000 mBm), (N/A)
Oct  3 21:17:42 localhost kernel: cfg80211:   (4910000 KHz - 4990000 KHz @ 40000 KHz), (N/A, 2300 mBm), (N/A)
Oct  3 21:17:42 localhost kernel: cfg80211:   (5030000 KHz - 5090000 KHz @ 40000 KHz), (N/A, 2300 mBm), (N/A)
Oct  3 21:17:42 localhost kernel: cfg80211:   (5170000 KHz - 5250000 KHz @ 80000 KHz, 160000 KHz AUTO), (N/A, 2000 mBm), (N/A)
Oct  3 21:17:42 localhost kernel: cfg80211:   (5250000 KHz - 5330000 KHz @ 80000 KHz, 160000 KHz AUTO), (N/A, 2000 mBm), (0 s)
Oct  3 21:17:42 localhost kernel: cfg80211:   (5490000 KHz - 5710000 KHz @ 160000 KHz), (N/A, 2300 mBm), (0 s)
Oct  3 21:17:42 localhost kernel: cfg80211:   (59000000 KHz - 66000000 KHz @ 2160000 KHz), (N/A, 1000 mBm), (N/A)
Oct  3 21:17:42 localhost kernel: EXT4-fs (sda1): mounted filesystem with ordered data mode. Opts: 
Oct  3 21:17:42 localhost kernel: Adding 8143868k swap on /dev/sda3.  Priority:-1 extents:1 across:8143868k 
Oct  3 21:17:42 localhost kernel: ip6_tables: (C) 2000-2006 Netfilter Core Team
Oct  3 21:17:42 localhost kernel: nf_conntrack version 0.5.0 (16384 buckets, 65536 max)
Oct  3 21:17:42 localhost kernel: r8169 0000:07:00.0: firmware: requesting rtl_nic/rtl8168g-2.fw
Oct  3 21:17:42 localhost kernel: r8169 0000:07:00.0: p4p2: link down
Oct  3 21:17:42 localhost kernel: r8169 0000:07:00.0: p4p2: link down
Oct  3 21:17:42 localhost kernel: ADDRCONF(NETDEV_UP): p4p2: link is not ready
Oct  3 21:17:42 localhost kernel: r8169 0000:07:00.0: p4p2: link up
Oct  3 21:17:42 localhost kernel: ADDRCONF(NETDEV_CHANGE): p4p2: link becomes ready
Oct  3 21:17:42 localhost kernel: type=1305 audit(1475497062.191:3): audit_pid=2010 old=0 auid=4294967295 ses=4294967295 res=1
Oct  3 21:17:42 localhost cpuspeed: Enabling ondemand cpu frequency scaling governor
Oct  3 21:17:43 localhost lldpad: bound ctrl iface to /com/intel/lldpad
Oct  3 21:17:43 localhost kernel: 802.1Q VLAN Support v1.8 Ben Greear <greearb@candelatech.com>
Oct  3 21:17:43 localhost kernel: All bugs added by David S. Miller <davem@redhat.com>
Oct  3 21:17:43 localhost kernel: cnic: QLogic cnicDriver v2.5.22 (July 20, 2015)
Oct  3 21:17:43 localhost kernel: bnx2fc: QLogic FCoE Driver bnx2fc v2.9.6 (October 15, 2015)
Oct  3 21:17:44 localhost NetworkManager[2221]: <info> NetworkManager (version 0.8.1-107.el6) is starting...
Oct  3 21:17:44 localhost NetworkManager[2221]: <info> Read config file /etc/NetworkManager/NetworkManager.conf
Oct  3 21:17:44 localhost NetworkManager[2221]: <info> trying to start the modem manager...
Oct  3 21:17:45 localhost modem-manager: ModemManager (version 0.4.0-5.git20100628.el6) starting...
Oct  3 21:17:45 localhost modem-manager: Loaded plugin Novatel
Oct  3 21:17:45 localhost modem-manager: Loaded plugin Ericsson MBM
Oct  3 21:17:45 localhost modem-manager: Loaded plugin Option
Oct  3 21:17:45 localhost modem-manager: Loaded plugin Gobi
Oct  3 21:17:45 localhost modem-manager: Loaded plugin Huawei
Oct  3 21:17:45 localhost modem-manager: Loaded plugin Nokia
Oct  3 21:17:45 localhost modem-manager: Loaded plugin Longcheer
Oct  3 21:17:45 localhost modem-manager: Loaded plugin Option High-Speed
Oct  3 21:17:45 localhost modem-manager: Loaded plugin Generic
Oct  3 21:17:45 localhost modem-manager: Loaded plugin AnyData
Oct  3 21:17:45 localhost modem-manager: Loaded plugin Sierra
Oct  3 21:17:45 localhost modem-manager: Loaded plugin MotoC
Oct  3 21:17:45 localhost modem-manager: Loaded plugin SimTech
Oct  3 21:17:45 localhost modem-manager: Loaded plugin ZTE
Oct  3 21:17:45 localhost NetworkManager[2221]: <info> monitoring kernel firmware directory '/lib/firmware'.
Oct  3 21:17:45 localhost NetworkManager[2221]: <info> Bonding/Bridging/VLAN support disabled
Oct  3 21:17:45 localhost avahi-daemon[2236]: Found user 'avahi' (UID 70) and group 'avahi' (GID 70).
Oct  3 21:17:45 localhost avahi-daemon[2236]: Successfully dropped root privileges.
Oct  3 21:17:45 localhost avahi-daemon[2236]: avahi-daemon 0.6.25 starting up.
Oct  3 21:17:45 localhost avahi-daemon[2236]: Successfully called chroot().
Oct  3 21:17:45 localhost avahi-daemon[2236]: Successfully dropped remaining capabilities.
Oct  3 21:17:45 localhost avahi-daemon[2236]: Loading service file /services/ssh.service.
Oct  3 21:17:45 localhost NetworkManager[2221]:    ifcfg-rh: Acquired D-Bus service com.redhat.ifcfgrh1
Oct  3 21:17:45 localhost NetworkManager[2221]: <info> Loaded plugin ifcfg-rh: (c) 2007 - 2008 Red Hat, Inc.  To report bugs please use the NetworkManager mailing list.
Oct  3 21:17:45 localhost NetworkManager[2221]: <info> Loaded plugin keyfile: (c) 2007 - 2008 Red Hat, Inc.  To report bugs please use the NetworkManager mailing list.
Oct  3 21:17:45 localhost NetworkManager[2221]: <info> Loaded plugin ibft: (c) 2015 Red Hat, Inc.  To report bugs please use the NetworkManager mailing list.
Oct  3 21:17:45 localhost NetworkManager[2221]:    ifcfg-rh: parsing /etc/sysconfig/network-scripts/ifcfg-Auto_00268710D19D_2nd ... 
Oct  3 21:17:45 localhost NetworkManager[2221]:    ifcfg-rh:     read connection 'Auto 00268710D19D_2nd'
Oct  3 21:17:45 localhost NetworkManager[2221]:    ifcfg-rh: parsing /etc/sysconfig/network-scripts/ifcfg-Auto_elecom2g-b91d78 ... 
Oct  3 21:17:45 localhost NetworkManager[2221]:    ifcfg-rh:     read connection 'Auto elecom2g-b91d78'
Oct  3 21:17:45 localhost NetworkManager[2221]:    ifcfg-rh: parsing /etc/sysconfig/network-scripts/ifcfg-Auto_p4p2-2 ... 
Oct  3 21:17:45 localhost NetworkManager[2221]:    ifcfg-rh:     read connection 'Auto p4p2-2'
Oct  3 21:17:45 localhost NetworkManager[2221]:    ifcfg-rh: parsing /etc/sysconfig/network-scripts/ifcfg-Auto_WARPSTAR-3F49E8-GW ... 
Oct  3 21:17:45 localhost NetworkManager[2221]:    ifcfg-rh:     read connection 'Auto WARPSTAR-3F49E8-GW'
Oct  3 21:17:45 localhost NetworkManager[2221]:    ifcfg-rh: parsing /etc/sysconfig/network-scripts/ifcfg-eth0 ... 
Oct  3 21:17:45 localhost NetworkManager[2221]:    ifcfg-rh:     read connection 'System eth0'
Oct  3 21:17:45 localhost NetworkManager[2221]:    ifcfg-rh: parsing /etc/sysconfig/network-scripts/ifcfg-lo ... 
Oct  3 21:17:45 localhost NetworkManager[2221]: <info> rfkill3: found WiFi radio killswitch (at /sys/devices/pci0000:00/0000:00:1c.2/0000:06:00.0/ieee80211/phy0/rfkill3) (driver iwlwifi)
Oct  3 21:17:45 localhost NetworkManager[2221]: <info> rfkill1: found WiFi radio killswitch (at /sys/devices/platform/dell-laptop/rfkill/rfkill1) (platform driver dell-laptop)
Oct  3 21:17:45 localhost NetworkManager[2221]: <info> WiFi hardware radio set enabled
Oct  3 21:17:45 localhost avahi-daemon[2236]: System host name is set to 'localhost'. This is not a suitable mDNS host name, looking for alternatives.
Oct  3 21:17:45 localhost avahi-daemon[2236]: Joining mDNS multicast group on interface p4p2.IPv4 with address 192.168.11.199.
Oct  3 21:17:45 localhost avahi-daemon[2236]: New relevant interface p4p2.IPv4 for mDNS.
Oct  3 21:17:45 localhost avahi-daemon[2236]: Network interface enumeration completed.
Oct  3 21:17:45 localhost avahi-daemon[2236]: Registering new address record for fe80::2af1:eff:fe12:85de on p4p2.*.
Oct  3 21:17:45 localhost avahi-daemon[2236]: Registering new address record for 192.168.11.199 on p4p2.IPv4.
Oct  3 21:17:45 localhost avahi-daemon[2236]: Registering HINFO record with values 'I686'/'LINUX'.
Oct  3 21:17:45 localhost NetworkManager[2221]: <info> WiFi enabled by radio killswitch; enabled by state file
Oct  3 21:17:45 localhost NetworkManager[2221]: <info> WWAN enabled by radio killswitch; enabled by state file
Oct  3 21:17:45 localhost NetworkManager[2221]: <info> WiMAX enabled by radio killswitch; enabled by state file
Oct  3 21:17:45 localhost NetworkManager[2221]: <info> Networking is enabled by state file
Oct  3 21:17:46 localhost NetworkManager[2221]: <info> (wlan8): driver supports SSID scans (scan_capa 0x01).
Oct  3 21:17:46 localhost NetworkManager[2221]: <info> (wlan8): new 802.11 WiFi device (driver: 'iwlwifi' ifindex: 3)
Oct  3 21:17:46 localhost NetworkManager[2221]: <info> (wlan8): exported as /org/freedesktop/NetworkManager/Devices/0
Oct  3 21:17:46 localhost NetworkManager[2221]: <info> (wlan8): now managed
Oct  3 21:17:46 localhost NetworkManager[2221]: <info> (wlan8): device state change: unmanaged -> unavailable (reason 'managed') [1 2 2]
Oct  3 21:17:46 localhost NetworkManager[2221]: <info> (wlan8): bringing up device.
Oct  3 21:17:46 localhost kernel: iwlwifi 0000:06:00.0: L1 Disabled - LTR Enabled
Oct  3 21:17:46 localhost kernel: iwlwifi 0000:06:00.0: L1 Disabled - LTR Enabled
Oct  3 21:17:46 localhost kernel: iwlwifi 0000:06:00.0: L1 Disabled - LTR Enabled
Oct  3 21:17:46 localhost kernel: iwlwifi 0000:06:00.0: L1 Disabled - LTR Enabled
Oct  3 21:17:46 localhost kernel: ADDRCONF(NETDEV_UP): wlan8: link is not ready
Oct  3 21:17:46 localhost NetworkManager[2221]: <info> (wlan8): preparing device.
Oct  3 21:17:46 localhost NetworkManager[2221]: <info> (wlan8): deactivating device (reason 'managed') [2]
Oct  3 21:17:46 localhost NetworkManager[2221]: supplicant_interface_acquire: assertion `mgr_state == NM_SUPPLICANT_MANAGER_STATE_IDLE' failed
Oct  3 21:17:46 localhost NetworkManager[2221]: <info> (p4p2): carrier is ON
Oct  3 21:17:46 localhost NetworkManager[2221]: <info> (p4p2): new Ethernet device (driver: 'r8169' ifindex: 2)
Oct  3 21:17:46 localhost NetworkManager[2221]: <info> (p4p2): exported as /org/freedesktop/NetworkManager/Devices/1
Oct  3 21:17:46 localhost NetworkManager[2221]: <info> (p4p2): now managed
Oct  3 21:17:46 localhost NetworkManager[2221]: <info> (p4p2): device state change: unmanaged -> unavailable (reason 'connection-assumed') [1 2 41]
Oct  3 21:17:46 localhost NetworkManager[2221]: <info> (p4p2): preparing device.
Oct  3 21:17:46 localhost NetworkManager[2221]: <info> Activation (p4p2) starting connection 'Auto p4p2-2'
Oct  3 21:17:46 localhost NetworkManager[2221]: (nm-device.c:3454):nm_device_activate: runtime check failed: (priv->state == NM_DEVICE_STATE_DISCONNECTED)
Oct  3 21:17:46 localhost NetworkManager[2221]: <info> (p4p2): device state change: unavailable -> ip-config (reason 'none') [2 7 0]
Oct  3 21:17:46 localhost NetworkManager[2221]: <info> Activation (p4p2) Stage 3 of 5 (IP Configure Start) scheduled.
Oct  3 21:17:46 localhost NetworkManager[2221]: <info> modem-manager is now available
Oct  3 21:17:46 localhost NetworkManager[2221]: <info> Trying to start the supplicant...
Oct  3 21:17:46 localhost NetworkManager[2221]: <info> Activation (p4p2) Stage 3 of 5 (IP Configure Start) started...
Oct  3 21:17:46 localhost NetworkManager[2221]: <info> Activation (p4p2) Stage 4 of 5 (IP4 Configure Get) scheduled...
Oct  3 21:17:46 localhost NetworkManager[2221]: <info> Activation (p4p2) Stage 3 of 5 (IP Configure Start) complete.
Oct  3 21:17:46 localhost NetworkManager[2221]: <info> Activation (p4p2) Stage 4 of 5 (IP4 Configure Get) started...
Oct  3 21:17:46 localhost NetworkManager[2221]: <info> Activation (p4p2) Stage 5 of 5 (IP Configure Commit) scheduled...
Oct  3 21:17:46 localhost NetworkManager[2221]: <info> Activation (p4p2) Stage 4 of 5 (IP4 Configure Get) complete.
Oct  3 21:17:46 localhost NetworkManager[2221]: <info> Activation (p4p2) Stage 5 of 5 (IP Configure Commit) started...
Oct  3 21:17:46 localhost NetworkManager[2221]: <info> (p4p2): device state change: ip-config -> activated (reason 'none') [7 8 0]
Oct  3 21:17:46 localhost rpc.statd[2263]: Version 1.2.3 starting
Oct  3 21:17:46 localhost avahi-daemon[2236]: Server startup complete. Host name is linux.local. Local service cookie is 3013204632.
Oct  3 21:17:46 localhost NetworkManager[2221]: <info> Policy set 'Auto p4p2-2' (p4p2) as default for IPv4 routing and DNS.
Oct  3 21:17:46 localhost NetworkManager[2221]: <info> Activation (p4p2) successful, device activated.
Oct  3 21:17:46 localhost NetworkManager[2221]: <info> Activation (p4p2) Stage 5 of 5 (IP Configure Commit) complete.
Oct  3 21:17:46 localhost sm-notify[2264]: Version 1.2.3 starting
Oct  3 21:17:47 localhost NetworkManager[2221]: <info> wpa_supplicant started
Oct  3 21:17:47 localhost NetworkManager[2221]: <info> (wlan8): supplicant manager state:  down -> idle
Oct  3 21:17:47 localhost NetworkManager[2221]: <info> (wlan8): device state change: unavailable -> disconnected (reason 'none') [2 3 0]
Oct  3 21:17:47 localhost NetworkManager[2221]: <info> (wlan8): supplicant interface state:  starting -> ready
Oct  3 21:17:47 localhost avahi-daemon[2236]: Service "linux" (/services/ssh.service) successfully established.
Oct  3 21:17:47 localhost acpid: starting up
Oct  3 21:17:47 localhost acpid: 1 rule loaded
Oct  3 21:17:47 localhost acpid: waiting for events: event logging is off
Oct  3 21:17:48 localhost acpid: client connected from 2436[68:68]
Oct  3 21:17:48 localhost acpid: 1 client rule loaded
Oct  3 21:17:49 localhost pcscd: pcscdaemon.c:506:main() pcsc-lite 1.5.2 daemon ready.
Oct  3 21:17:49 localhost NetworkManager[2221]: <info> Auto-activating connection 'Auto 00268710D19D_2nd'.
Oct  3 21:17:49 localhost NetworkManager[2221]: <info> Activation (wlan8) starting connection 'Auto 00268710D19D_2nd'
Oct  3 21:17:49 localhost NetworkManager[2221]: <info> (wlan8): device state change: disconnected -> prepare (reason 'none') [3 4 0]
Oct  3 21:17:49 localhost NetworkManager[2221]: <info> Activation (wlan8) Stage 1 of 5 (Device Prepare) scheduled...
Oct  3 21:17:49 localhost NetworkManager[2221]: <info> Activation (wlan8) Stage 1 of 5 (Device Prepare) started...
Oct  3 21:17:49 localhost NetworkManager[2221]: <info> Activation (wlan8) Stage 2 of 5 (Device Configure) scheduled...
Oct  3 21:17:49 localhost NetworkManager[2221]: <info> Activation (wlan8) Stage 1 of 5 (Device Prepare) complete.
Oct  3 21:17:49 localhost NetworkManager[2221]: <info> Activation (wlan8) Stage 2 of 5 (Device Configure) starting...
Oct  3 21:17:49 localhost NetworkManager[2221]: <info> (wlan8): device state change: prepare -> config (reason 'none') [4 5 0]
Oct  3 21:17:49 localhost NetworkManager[2221]: <info> Activation (wlan8/wireless): connection 'Auto 00268710D19D_2nd' has security, and secrets exist.  No new secrets needed.
Oct  3 21:17:49 localhost NetworkManager[2221]: <info> Config: added 'ssid' value '00268710D19D_2nd'
Oct  3 21:17:49 localhost NetworkManager[2221]: <info> Config: added 'scan_ssid' value '1'
Oct  3 21:17:49 localhost NetworkManager[2221]: <info> Config: added 'key_mgmt' value 'NONE'
Oct  3 21:17:49 localhost NetworkManager[2221]: <info> Config: added 'auth_alg' value 'OPEN'
Oct  3 21:17:49 localhost NetworkManager[2221]: <info> Config: added 'wep_key0' value '<omitted>'
Oct  3 21:17:49 localhost NetworkManager[2221]: <info> Config: added 'wep_tx_keyidx' value '0'
Oct  3 21:17:49 localhost NetworkManager[2221]: <info> Activation (wlan8) Stage 2 of 5 (Device Configure) complete.
Oct  3 21:17:49 localhost NetworkManager[2221]: <info> Config: set interface ap_scan to 1
Oct  3 21:17:49 localhost NetworkManager[2221]: <info> (wlan8): supplicant connection state:  inactive -> scanning
Oct  3 21:17:50 localhost automount[2482]: lookup_read_master: lookup(nisplus): couldn't locate nis+ table auto.master
Oct  3 21:17:50 localhost bluetoothd[2499]: Bluetooth deamon 4.66
Oct  3 21:17:50 localhost bluetoothd[2504]: Starting SDP server
Oct  3 21:17:50 localhost kernel: Bluetooth: L2CAP ver 2.14
Oct  3 21:17:50 localhost kernel: Bluetooth: L2CAP socket layer initialized
Oct  3 21:17:50 localhost bluetoothd[2504]: Parsing /etc/bluetooth/network.conf failed: No such file or directory
Oct  3 21:17:50 localhost kernel: Bluetooth: BNEP (Ethernet Emulation) ver 1.3
Oct  3 21:17:50 localhost kernel: Bluetooth: BNEP filters: protocol multicast
Oct  3 21:17:50 localhost kernel: Bridge firewalling registered
Oct  3 21:17:50 localhost bluetoothd[2504]: bridge pan0 created
Oct  3 21:17:50 localhost bluetoothd[2504]: Parsing /etc/bluetooth/input.conf failed: No such file or directory
Oct  3 21:17:50 localhost bluetoothd[2504]: Parsing /etc/bluetooth/audio.conf failed: No such file or directory
Oct  3 21:17:50 localhost bluetoothd[2504]: HCI dev 0 registered
Oct  3 21:17:50 localhost kernel: Bluetooth: SCO (Voice Link) ver 0.6
Oct  3 21:17:50 localhost kernel: Bluetooth: SCO socket layer initialized
Oct  3 21:17:50 localhost bluetoothd[2504]: HCI dev 0 up
Oct  3 21:17:50 localhost bluetoothd[2504]: Starting security manager 0
Oct  3 21:17:50 localhost bluetoothd[2504]: Parsing /etc/bluetooth/serial.conf failed: No such file or directory
Oct  3 21:17:51 localhost kernel: Bluetooth: RFCOMM TTY layer initialized
Oct  3 21:17:51 localhost kernel: Bluetooth: RFCOMM socket layer initialized
Oct  3 21:17:51 localhost kernel: Bluetooth: RFCOMM ver 1.11
Oct  3 21:17:51 localhost bluetoothd[2504]: ioctl(HCIUNBLOCKADDR): Invalid argument (22)
Oct  3 21:17:51 localhost bluetoothd[2504]: Adapter /org/bluez/2499/hci0 has been enabled
Oct  3 21:17:51 localhost ntpd[2567]: ntpd 4.2.6p5@1.2349-o Tue May 31 10:07:27 UTC 2016 (1)
Oct  3 21:17:51 localhost ntpd[2568]: proto: precision = 0.564 usec
Oct  3 21:17:51 localhost ntpd[2568]: 0.0.0.0 c01d 0d kern kernel time sync enabled
Oct  3 21:17:51 localhost ntpd[2568]: Listen and drop on 0 v4wildcard 0.0.0.0 UDP 123
Oct  3 21:17:51 localhost ntpd[2568]: Listen and drop on 1 v6wildcard :: UDP 123
Oct  3 21:17:51 localhost ntpd[2568]: Listen normally on 2 lo 127.0.0.1 UDP 123
Oct  3 21:17:51 localhost ntpd[2568]: Listen normally on 3 p4p2 192.168.11.199 UDP 123
Oct  3 21:17:51 localhost ntpd[2568]: Listen normally on 4 lo ::1 UDP 123
Oct  3 21:17:51 localhost ntpd[2568]: Listen normally on 5 p4p2 fe80::2af1:eff:fe12:85de UDP 123
Oct  3 21:17:51 localhost ntpd[2568]: Listening on routing socket on fd #22 for interface updates
Oct  3 21:17:51 localhost ntpd[2568]: 0.0.0.0 c016 06 restart
Oct  3 21:17:51 localhost ntpd[2568]: 0.0.0.0 c012 02 freq_set kernel 1.775 PPM
Oct  3 21:17:52 localhost NetworkManager[2221]: <info> (wlan8): supplicant connection state:  scanning -> disconnected
Oct  3 21:17:52 localhost kernel: wlan8: authenticate with 00:26:87:10:d1:9d
Oct  3 21:17:52 localhost kernel: wlan8: send auth to 00:26:87:10:d1:9d (try 1/3)
Oct  3 21:17:52 localhost kernel: wlan8: authenticated
Oct  3 21:17:52 localhost kernel: iwlwifi 0000:06:00.0: wlan8: disabling HT/VHT due to WEP/TKIP use
Oct  3 21:17:52 localhost NetworkManager[2221]: <info> (wlan8): supplicant connection state:  disconnected -> associating
Oct  3 21:17:52 localhost kernel: wlan8: associate with 00:26:87:10:d1:9d (try 1/3)
Oct  3 21:17:52 localhost kernel: wlan8: RX AssocResp from 00:26:87:10:d1:9d (capab=0x411 status=0 aid=2)
Oct  3 21:17:52 localhost kernel: wlan8: associated
Oct  3 21:17:52 localhost kernel: ADDRCONF(NETDEV_CHANGE): wlan8: link becomes ready
Oct  3 21:17:52 localhost NetworkManager[2221]: <info> (wlan8): supplicant connection state:  associating -> associated
Oct  3 21:17:52 localhost NetworkManager[2221]: <info> (wlan8): supplicant connection state:  associated -> completed
Oct  3 21:17:52 localhost NetworkManager[2221]: <info> Activation (wlan8/wireless) Stage 2 of 5 (Device Configure) successful.  Connected to wireless network '00268710D19D_2nd'.
Oct  3 21:17:52 localhost NetworkManager[2221]: <info> Activation (wlan8) Stage 3 of 5 (IP Configure Start) scheduled.
Oct  3 21:17:52 localhost NetworkManager[2221]: <info> Activation (wlan8) Stage 3 of 5 (IP Configure Start) started...
Oct  3 21:17:52 localhost NetworkManager[2221]: <info> (wlan8): device state change: config -> ip-config (reason 'none') [5 7 0]
Oct  3 21:17:52 localhost NetworkManager[2221]: <info> Activation (wlan8) Beginning DHCPv4 transaction
Oct  3 21:17:52 localhost kernel: cfg80211: Regulatory domain changed to country: JP
Oct  3 21:17:52 localhost kernel: cfg80211:  DFS Master region: JP
Oct  3 21:17:52 localhost kernel: cfg80211:   (start_freq - end_freq @ bandwidth), (max_antenna_gain, max_eirp), (dfs_cac_time)
Oct  3 21:17:52 localhost kernel: cfg80211:   (2402000 KHz - 2482000 KHz @ 40000 KHz), (N/A, 2000 mBm), (N/A)
Oct  3 21:17:52 localhost kernel: cfg80211:   (2474000 KHz - 2494000 KHz @ 20000 KHz), (N/A, 2000 mBm), (N/A)
Oct  3 21:17:52 localhost kernel: cfg80211:   (4910000 KHz - 4990000 KHz @ 40000 KHz), (N/A, 2300 mBm), (N/A)
Oct  3 21:17:52 localhost kernel: cfg80211:   (5030000 KHz - 5090000 KHz @ 40000 KHz), (N/A, 2300 mBm), (N/A)
Oct  3 21:17:52 localhost kernel: cfg80211:   (5170000 KHz - 5250000 KHz @ 80000 KHz, 160000 KHz AUTO), (N/A, 2000 mBm), (N/A)
Oct  3 21:17:52 localhost kernel: cfg80211:   (5250000 KHz - 5330000 KHz @ 80000 KHz, 160000 KHz AUTO), (N/A, 2000 mBm), (0 s)
Oct  3 21:17:52 localhost kernel: cfg80211:   (5490000 KHz - 5710000 KHz @ 160000 KHz), (N/A, 2300 mBm), (0 s)
Oct  3 21:17:52 localhost kernel: cfg80211:   (59000000 KHz - 66000000 KHz @ 2160000 KHz), (N/A, 1000 mBm), (N/A)
Oct  3 21:17:52 localhost NetworkManager[2221]: <info> dhclient started with pid 2688
Oct  3 21:17:52 localhost NetworkManager[2221]: <info> Activation (wlan8) DHCPv4 will time out in 45 seconds
Oct  3 21:17:52 localhost NetworkManager[2221]: <info> Activation (wlan8) Stage 3 of 5 (IP Configure Start) complete.
Oct  3 21:17:52 localhost dhclient[2688]: Internet Systems Consortium DHCP Client 4.1.1-P1
Oct  3 21:17:52 localhost dhclient[2688]: Copyright 2004-2010 Internet Systems Consortium.
Oct  3 21:17:52 localhost dhclient[2688]: All rights reserved.
Oct  3 21:17:52 localhost dhclient[2688]: For info, please visit https://www.isc.org/software/dhcp/
Oct  3 21:17:52 localhost dhclient[2688]: 
Oct  3 21:17:52 localhost NetworkManager[2221]: <info> (wlan8): DHCPv4 state changed nbi -> preinit
Oct  3 21:17:52 localhost dhclient[2688]: Listening on LPF/wlan8/a0:d3:7a:43:a0:bc
Oct  3 21:17:52 localhost dhclient[2688]: Sending on   LPF/wlan8/a0:d3:7a:43:a0:bc
Oct  3 21:17:52 localhost dhclient[2688]: Sending on   Socket/fallback
Oct  3 21:17:52 localhost abrtd: Can't find user 'abrt'
Oct  3 21:17:54 localhost avahi-daemon[2236]: Registering new address record for fe80::a2d3:7aff:fe43:a0bc on wlan8.*.
Oct  3 21:17:56 localhost dhclient[2688]: DHCPREQUEST on wlan8 to 255.255.255.255 port 67 (xid=0x39cb032d)
Oct  3 21:17:56 localhost dhclient[2688]: DHCPACK from 192.168.1.1 (xid=0x39cb032d)
